{
  "viewer-coverage": {
    "coverage": {
      "source/core_http_client.c": {
        "caseInsensitiveStringCmp": {
          "577": "hit",
          "579": "hit",
          "581": "hit",
          "585": "hit",
          "587": "hit",
          "588": "hit"
        },
        "findHeaderFieldParserCallback": {
          "2257": "hit",
          "2259": "hit",
          "2260": "hit",
          "2261": "hit",
          "2262": "hit",
          "2264": "hit",
          "2266": "hit",
          "2267": "hit",
          "2270": "hit",
          "2271": "hit",
          "2275": "hit",
          "2276": "hit",
          "2283": "hit",
          "2290": "hit",
          "2291": "hit"
        }
      },
      "test/cbmc/proofs/findHeaderFieldParserCallback/findHeaderFieldParserCallback_harness.c": {
        "findHeaderFieldParserCallback_harness": {
          "35": "hit",
          "36": "hit",
          "37": "hit",
          "38": "hit",
          "39": "hit",
          "41": "hit",
          "42": "hit",
          "43": "hit",
          "44": "hit",
          "46": "hit",
          "47": "hit",
          "49": "hit",
          "50": "hit",
          "51": "hit",
          "53": "hit",
          "54": "hit",
          "55": "hit",
          "56": "hit",
          "57": "hit",
          "58": "hit",
          "59": "hit",
          "61": "hit",
          "62": "hit"
        }
      },
      "test/cbmc/sources/http_cbmc_state.c": {
        "allocateFindHeaderContext": {
          "274": "hit",
          "276": "hit",
          "278": "hit",
          "280": "hit",
          "281": "hit"
        },
        "allocateHttpReadHeaderParser": {
          "258": "hit",
          "260": "hit",
          "262": "hit",
          "264": "hit",
          "266": "hit",
          "267": "hit",
          "269": "hit",
          "270": "hit"
        },
        "allocateHttpResponse": {
          "105": "hit",
          "107": "hit",
          "109": "hit",
          "110": "hit",
          "112": "hit",
          "115": "hit",
          "119": "hit",
          "123": "hit",
          "124": "hit",
          "125": "hit",
          "127": "hit",
          "134": "hit",
          "136": "hit",
          "143": "hit",
          "145": "hit",
          "146": "hit",
          "147": "hit",
          "151": "hit",
          "155": "hit",
          "157": "hit",
          "158": "hit"
        },
        "isValidHttpResponse": {
          "162": "hit",
          "164": "hit",
          "166": "both",
          "167": "hit",
          "168": "hit",
          "169": "hit",
          "170": "hit",
          "172": "hit",
          "173": "hit"
        },
        "mallocCanFail": {
          "34": "hit",
          "35": "hit",
          "36": "hit"
        }
      }
    },
    "function_coverage": {
      "source/core_http_client.c": {
        "caseInsensitiveStringCmp": {
          "hit": 6,
          "percentage": 1.0,
          "total": 6
        },
        "findHeaderFieldParserCallback": {
          "hit": 15,
          "percentage": 1.0,
          "total": 15
        }
      },
      "test/cbmc/proofs/findHeaderFieldParserCallback/findHeaderFieldParserCallback_harness.c": {
        "findHeaderFieldParserCallback_harness": {
          "hit": 23,
          "percentage": 1.0,
          "total": 23
        }
      },
      "test/cbmc/sources/http_cbmc_state.c": {
        "allocateFindHeaderContext": {
          "hit": 5,
          "percentage": 1.0,
          "total": 5
        },
        "allocateHttpReadHeaderParser": {
          "hit": 8,
          "percentage": 1.0,
          "total": 8
        },
        "allocateHttpResponse": {
          "hit": 21,
          "percentage": 1.0,
          "total": 21
        },
        "isValidHttpResponse": {
          "hit": 9,
          "percentage": 1.0,
          "total": 9
        },
        "mallocCanFail": {
          "hit": 3,
          "percentage": 1.0,
          "total": 3
        }
      }
    },
    "line_coverage": {
      "source/core_http_client.c": {
        "577": "hit",
        "579": "hit",
        "581": "hit",
        "585": "hit",
        "587": "hit",
        "588": "hit",
        "2257": "hit",
        "2259": "hit",
        "2260": "hit",
        "2261": "hit",
        "2262": "hit",
        "2264": "hit",
        "2266": "hit",
        "2267": "hit",
        "2270": "hit",
        "2271": "hit",
        "2275": "hit",
        "2276": "hit",
        "2283": "hit",
        "2290": "hit",
        "2291": "hit"
      },
      "test/cbmc/proofs/findHeaderFieldParserCallback/findHeaderFieldParserCallback_harness.c": {
        "35": "hit",
        "36": "hit",
        "37": "hit",
        "38": "hit",
        "39": "hit",
        "41": "hit",
        "42": "hit",
        "43": "hit",
        "44": "hit",
        "46": "hit",
        "47": "hit",
        "49": "hit",
        "50": "hit",
        "51": "hit",
        "53": "hit",
        "54": "hit",
        "55": "hit",
        "56": "hit",
        "57": "hit",
        "58": "hit",
        "59": "hit",
        "61": "hit",
        "62": "hit"
      },
      "test/cbmc/sources/http_cbmc_state.c": {
        "34": "hit",
        "35": "hit",
        "36": "hit",
        "105": "hit",
        "107": "hit",
        "109": "hit",
        "110": "hit",
        "112": "hit",
        "115": "hit",
        "119": "hit",
        "123": "hit",
        "124": "hit",
        "125": "hit",
        "127": "hit",
        "134": "hit",
        "136": "hit",
        "143": "hit",
        "145": "hit",
        "146": "hit",
        "147": "hit",
        "151": "hit",
        "155": "hit",
        "157": "hit",
        "158": "hit",
        "162": "hit",
        "164": "hit",
        "166": "both",
        "167": "hit",
        "168": "hit",
        "169": "hit",
        "170": "hit",
        "172": "hit",
        "173": "hit",
        "258": "hit",
        "260": "hit",
        "262": "hit",
        "264": "hit",
        "266": "hit",
        "267": "hit",
        "269": "hit",
        "270": "hit",
        "274": "hit",
        "276": "hit",
        "278": "hit",
        "280": "hit",
        "281": "hit"
      }
    },
    "overall_coverage": {
      "hit": 90,
      "percentage": 1.0,
      "total": 90
    }
  }
}