{
  "viewer-result": {
    "program": "CBMC version 5.39.3 (cbmc-5.39.3) 64-bit arm64 macos",
    "prover": "failure",
    "results": {
      "false": [
        "allocateHttpReadHeaderParser.pointer_dereference.1",
        "allocateHttpReadHeaderParser.pointer_dereference.3",
        "allocateHttpReadHeaderParser.pointer_dereference.4",
        "allocateHttpReadHeaderParser.pointer_dereference.5",
        "allocateHttpReadHeaderParser.pointer_dereference.6",
        "allocateHttpResponse.overflow.1",
        "allocateHttpResponse.overflow.2",
        "allocateHttpResponse.pointer_arithmetic.5",
        "allocateHttpResponse.pointer_arithmetic.11",
        "caseInsensitiveStringCmp.pointer_arithmetic.1",
        "caseInsensitiveStringCmp.pointer_arithmetic.2",
        "caseInsensitiveStringCmp.pointer_arithmetic.3",
        "caseInsensitiveStringCmp.pointer_arithmetic.4",
        "caseInsensitiveStringCmp.pointer_arithmetic.5",
        "caseInsensitiveStringCmp.pointer_arithmetic.6",
        "caseInsensitiveStringCmp.pointer_dereference.1",
        "caseInsensitiveStringCmp.pointer_dereference.2",
        "caseInsensitiveStringCmp.pointer_dereference.3",
        "caseInsensitiveStringCmp.pointer_dereference.4",
        "caseInsensitiveStringCmp.pointer_dereference.5",
        "caseInsensitiveStringCmp.pointer_dereference.6",
        "findHeaderFieldParserCallback.assertion.1",
        "findHeaderFieldParserCallback.assertion.2",
        "findHeaderFieldParserCallback.assertion.5",
        "findHeaderFieldParserCallback.assertion.6",
        "findHeaderFieldParserCallback.assertion.7",
        "findHeaderFieldParserCallback.assertion.8",
        "findHeaderFieldParserCallback.pointer_dereference.1",
        "findHeaderFieldParserCallback.pointer_dereference.3",
        "findHeaderFieldParserCallback.pointer_dereference.4",
        "findHeaderFieldParserCallback.pointer_dereference.5",
        "findHeaderFieldParserCallback.pointer_dereference.6",
        "findHeaderFieldParserCallback.pointer_dereference.7",
        "findHeaderFieldParserCallback.pointer_dereference.8",
        "findHeaderFieldParserCallback.pointer_dereference.9",
        "findHeaderFieldParserCallback.pointer_dereference.10",
        "findHeaderFieldParserCallback.pointer_dereference.11",
        "findHeaderFieldParserCallback.pointer_dereference.12",
        "findHeaderFieldParserCallback.pointer_dereference.13",
        "findHeaderFieldParserCallback.pointer_dereference.14",
        "findHeaderFieldParserCallback.pointer_dereference.15",
        "findHeaderFieldParserCallback.pointer_dereference.16",
        "findHeaderFieldParserCallback.pointer_dereference.17",
        "findHeaderFieldParserCallback.pointer_dereference.18",
        "findHeaderFieldParserCallback.pointer_dereference.19",
        "findHeaderFieldParserCallback.pointer_dereference.20",
        "findHeaderFieldParserCallback.pointer_dereference.21",
        "findHeaderFieldParserCallback.pointer_dereference.22",
        "findHeaderFieldParserCallback.pointer_dereference.23",
        "findHeaderFieldParserCallback.pointer_dereference.24",
        "findHeaderFieldParserCallback.pointer_dereference.25",
        "findHeaderFieldParserCallback.pointer_dereference.26",
        "findHeaderFieldParserCallback.pointer_dereference.27",
        "findHeaderFieldParserCallback.pointer_dereference.28",
        "findHeaderFieldParserCallback.pointer_dereference.29",
        "findHeaderFieldParserCallback.pointer_dereference.30",
        "findHeaderFieldParserCallback.pointer_dereference.31",
        "findHeaderFieldParserCallback.pointer_dereference.32",
        "findHeaderFieldParserCallback.pointer_dereference.33",
        "findHeaderFieldParserCallback.pointer_dereference.34",
        "findHeaderFieldParserCallback.pointer_dereference.35",
        "findHeaderFieldParserCallback.pointer_dereference.36",
        "findHeaderFieldParserCallback_harness.pointer_dereference.31",
        "findHeaderFieldParserCallback_harness.pointer_dereference.33",
        "findHeaderFieldParserCallback_harness.pointer_dereference.34",
        "findHeaderFieldParserCallback_harness.pointer_dereference.35",
        "findHeaderFieldParserCallback_harness.pointer_dereference.37",
        "findHeaderFieldParserCallback_harness.pointer_dereference.39",
        "findHeaderFieldParserCallback_harness.pointer_dereference.40",
        "findHeaderFieldParserCallback_harness.pointer_dereference.41",
        "findHeaderFieldParserCallback_harness.pointer_dereference.43",
        "findHeaderFieldParserCallback_harness.pointer_dereference.45",
        "findHeaderFieldParserCallback_harness.pointer_dereference.46",
        "findHeaderFieldParserCallback_harness.pointer_dereference.47",
        "findHeaderFieldParserCallback_harness.pointer_dereference.48",
        "findHeaderFieldParserCallback_harness.pointer_dereference.49",
        "findHeaderFieldParserCallback_harness.pointer_dereference.51",
        "findHeaderFieldParserCallback_harness.pointer_dereference.52",
        "findHeaderFieldParserCallback_harness.pointer_dereference.53",
        "findHeaderFieldParserCallback_harness.pointer_dereference.54",
        "findHeaderFieldParserCallback_harness.pointer_dereference.55",
        "findHeaderFieldParserCallback_harness.pointer_dereference.57",
        "findHeaderFieldParserCallback_harness.pointer_dereference.58",
        "findHeaderFieldParserCallback_harness.pointer_dereference.59",
        "findHeaderFieldParserCallback_harness.pointer_dereference.60",
        "findHeaderFieldParserCallback_harness.pointer_dereference.61",
        "findHeaderFieldParserCallback_harness.pointer_dereference.63",
        "findHeaderFieldParserCallback_harness.pointer_dereference.64",
        "findHeaderFieldParserCallback_harness.pointer_dereference.65",
        "findHeaderFieldParserCallback_harness.pointer_dereference.66",
        "mallocCanFail.assertion.1"
      ],
      "true": [
        "allocateHttpReadHeaderParser.pointer_dereference.2",
        "allocateHttpResponse.pointer_arithmetic.1",
        "allocateHttpResponse.pointer_arithmetic.2",
        "allocateHttpResponse.pointer_arithmetic.3",
        "allocateHttpResponse.pointer_arithmetic.4",
        "allocateHttpResponse.pointer_arithmetic.6",
        "allocateHttpResponse.pointer_arithmetic.7",
        "allocateHttpResponse.pointer_arithmetic.8",
        "allocateHttpResponse.pointer_arithmetic.9",
        "allocateHttpResponse.pointer_arithmetic.10",
        "allocateHttpResponse.pointer_arithmetic.12",
        "allocateHttpResponse.pointer_dereference.1",
        "allocateHttpResponse.pointer_dereference.2",
        "allocateHttpResponse.pointer_dereference.3",
        "allocateHttpResponse.pointer_dereference.4",
        "allocateHttpResponse.pointer_dereference.5",
        "allocateHttpResponse.pointer_dereference.6",
        "allocateHttpResponse.pointer_dereference.7",
        "allocateHttpResponse.pointer_dereference.8",
        "allocateHttpResponse.pointer_dereference.9",
        "allocateHttpResponse.pointer_dereference.10",
        "allocateHttpResponse.pointer_dereference.11",
        "allocateHttpResponse.pointer_dereference.12",
        "allocateHttpResponse.pointer_dereference.13",
        "allocateHttpResponse.pointer_dereference.14",
        "allocateHttpResponse.pointer_dereference.15",
        "allocateHttpResponse.pointer_dereference.16",
        "allocateHttpResponse.pointer_dereference.17",
        "allocateHttpResponse.pointer_dereference.18",
        "allocateHttpResponse.pointer_dereference.19",
        "allocateHttpResponse.pointer_dereference.20",
        "allocateHttpResponse.pointer_dereference.21",
        "allocateHttpResponse.pointer_dereference.22",
        "allocateHttpResponse.pointer_dereference.23",
        "allocateHttpResponse.pointer_dereference.24",
        "allocateHttpResponse.pointer_dereference.25",
        "allocateHttpResponse.pointer_dereference.26",
        "allocateHttpResponse.pointer_dereference.27",
        "allocateHttpResponse.pointer_dereference.28",
        "allocateHttpResponse.pointer_dereference.29",
        "allocateHttpResponse.pointer_dereference.30",
        "allocateHttpResponse.pointer_dereference.31",
        "allocateHttpResponse.pointer_dereference.32",
        "allocateHttpResponse.pointer_dereference.33",
        "allocateHttpResponse.pointer_dereference.34",
        "allocateHttpResponse.pointer_dereference.35",
        "allocateHttpResponse.pointer_dereference.36",
        "allocateHttpResponse.pointer_dereference.37",
        "allocateHttpResponse.pointer_dereference.38",
        "allocateHttpResponse.pointer_dereference.39",
        "allocateHttpResponse.pointer_dereference.40",
        "allocateHttpResponse.pointer_dereference.41",
        "allocateHttpResponse.pointer_dereference.42",
        "allocateHttpResponse.pointer_dereference.43",
        "allocateHttpResponse.pointer_dereference.44",
        "allocateHttpResponse.pointer_dereference.45",
        "allocateHttpResponse.pointer_dereference.46",
        "allocateHttpResponse.pointer_dereference.47",
        "allocateHttpResponse.pointer_dereference.48",
        "allocateHttpResponse.pointer_dereference.49",
        "allocateHttpResponse.pointer_dereference.50",
        "allocateHttpResponse.pointer_dereference.51",
        "allocateHttpResponse.pointer_dereference.52",
        "allocateHttpResponse.pointer_dereference.53",
        "allocateHttpResponse.pointer_dereference.54",
        "allocateHttpResponse.pointer_dereference.55",
        "allocateHttpResponse.pointer_dereference.56",
        "allocateHttpResponse.pointer_dereference.57",
        "allocateHttpResponse.pointer_dereference.58",
        "allocateHttpResponse.pointer_dereference.59",
        "allocateHttpResponse.pointer_dereference.60",
        "allocateHttpResponse.pointer_dereference.61",
        "allocateHttpResponse.pointer_dereference.62",
        "allocateHttpResponse.pointer_dereference.63",
        "allocateHttpResponse.pointer_dereference.64",
        "allocateHttpResponse.pointer_dereference.65",
        "allocateHttpResponse.pointer_dereference.66",
        "caseInsensitiveStringCmp.overflow.1",
        "caseInsensitiveStringCmp.overflow.2",
        "caseInsensitiveStringCmp.overflow.3",
        "caseInsensitiveStringCmp.pointer_arithmetic.7",
        "caseInsensitiveStringCmp.pointer_arithmetic.8",
        "caseInsensitiveStringCmp.pointer_arithmetic.9",
        "caseInsensitiveStringCmp.pointer_arithmetic.10",
        "caseInsensitiveStringCmp.pointer_arithmetic.11",
        "caseInsensitiveStringCmp.pointer_arithmetic.12",
        "caseInsensitiveStringCmp.pointer_dereference.7",
        "caseInsensitiveStringCmp.pointer_dereference.8",
        "caseInsensitiveStringCmp.pointer_dereference.9",
        "caseInsensitiveStringCmp.pointer_dereference.10",
        "caseInsensitiveStringCmp.pointer_dereference.11",
        "caseInsensitiveStringCmp.pointer_dereference.12",
        "caseInsensitiveStringCmp.unwind.0",
        "findHeaderFieldParserCallback.assertion.3",
        "findHeaderFieldParserCallback.assertion.4",
        "findHeaderFieldParserCallback.pointer_dereference.2",
        "findHeaderFieldParserCallback_harness.overflow.1",
        "findHeaderFieldParserCallback_harness.overflow.2",
        "findHeaderFieldParserCallback_harness.pointer_arithmetic.1",
        "findHeaderFieldParserCallback_harness.pointer_arithmetic.2",
        "findHeaderFieldParserCallback_harness.pointer_arithmetic.3",
        "findHeaderFieldParserCallback_harness.pointer_arithmetic.4",
        "findHeaderFieldParserCallback_harness.pointer_arithmetic.5",
        "findHeaderFieldParserCallback_harness.pointer_arithmetic.6",
        "findHeaderFieldParserCallback_harness.pointer_dereference.1",
        "findHeaderFieldParserCallback_harness.pointer_dereference.2",
        "findHeaderFieldParserCallback_harness.pointer_dereference.3",
        "findHeaderFieldParserCallback_harness.pointer_dereference.4",
        "findHeaderFieldParserCallback_harness.pointer_dereference.5",
        "findHeaderFieldParserCallback_harness.pointer_dereference.6",
        "findHeaderFieldParserCallback_harness.pointer_dereference.7",
        "findHeaderFieldParserCallback_harness.pointer_dereference.8",
        "findHeaderFieldParserCallback_harness.pointer_dereference.9",
        "findHeaderFieldParserCallback_harness.pointer_dereference.10",
        "findHeaderFieldParserCallback_harness.pointer_dereference.11",
        "findHeaderFieldParserCallback_harness.pointer_dereference.12",
        "findHeaderFieldParserCallback_harness.pointer_dereference.13",
        "findHeaderFieldParserCallback_harness.pointer_dereference.14",
        "findHeaderFieldParserCallback_harness.pointer_dereference.15",
        "findHeaderFieldParserCallback_harness.pointer_dereference.16",
        "findHeaderFieldParserCallback_harness.pointer_dereference.17",
        "findHeaderFieldParserCallback_harness.pointer_dereference.18",
        "findHeaderFieldParserCallback_harness.pointer_dereference.19",
        "findHeaderFieldParserCallback_harness.pointer_dereference.20",
        "findHeaderFieldParserCallback_harness.pointer_dereference.21",
        "findHeaderFieldParserCallback_harness.pointer_dereference.22",
        "findHeaderFieldParserCallback_harness.pointer_dereference.23",
        "findHeaderFieldParserCallback_harness.pointer_dereference.24",
        "findHeaderFieldParserCallback_harness.pointer_dereference.25",
        "findHeaderFieldParserCallback_harness.pointer_dereference.26",
        "findHeaderFieldParserCallback_harness.pointer_dereference.27",
        "findHeaderFieldParserCallback_harness.pointer_dereference.28",
        "findHeaderFieldParserCallback_harness.pointer_dereference.29",
        "findHeaderFieldParserCallback_harness.pointer_dereference.30",
        "findHeaderFieldParserCallback_harness.pointer_dereference.32",
        "findHeaderFieldParserCallback_harness.pointer_dereference.36",
        "findHeaderFieldParserCallback_harness.pointer_dereference.38",
        "findHeaderFieldParserCallback_harness.pointer_dereference.42",
        "findHeaderFieldParserCallback_harness.pointer_dereference.44",
        "findHeaderFieldParserCallback_harness.pointer_dereference.50",
        "findHeaderFieldParserCallback_harness.pointer_dereference.56",
        "findHeaderFieldParserCallback_harness.pointer_dereference.62",
        "isValidHttpResponse.pointer_dereference.1",
        "isValidHttpResponse.pointer_dereference.2",
        "isValidHttpResponse.pointer_dereference.3",
        "isValidHttpResponse.pointer_dereference.4",
        "isValidHttpResponse.pointer_dereference.5",
        "isValidHttpResponse.pointer_dereference.6",
        "isValidHttpResponse.pointer_dereference.7",
        "isValidHttpResponse.pointer_dereference.8",
        "isValidHttpResponse.pointer_dereference.9",
        "isValidHttpResponse.pointer_dereference.10",
        "isValidHttpResponse.pointer_dereference.11",
        "isValidHttpResponse.pointer_dereference.12",
        "isValidHttpResponse.pointer_dereference.13",
        "isValidHttpResponse.pointer_dereference.14",
        "isValidHttpResponse.pointer_dereference.15",
        "isValidHttpResponse.pointer_dereference.16",
        "isValidHttpResponse.pointer_dereference.17",
        "isValidHttpResponse.pointer_dereference.18",
        "isValidHttpResponse.pointer_dereference.19",
        "isValidHttpResponse.pointer_dereference.20",
        "isValidHttpResponse.pointer_dereference.21",
        "isValidHttpResponse.pointer_dereference.22",
        "isValidHttpResponse.pointer_dereference.23",
        "isValidHttpResponse.pointer_dereference.24",
        "isValidHttpResponse.pointer_dereference.25",
        "isValidHttpResponse.pointer_dereference.26",
        "isValidHttpResponse.pointer_dereference.27",
        "isValidHttpResponse.pointer_dereference.28",
        "isValidHttpResponse.pointer_dereference.29",
        "isValidHttpResponse.pointer_dereference.30",
        "malloc.assertion.1",
        "malloc.assertion.2"
      ]
    },
    "status": [
      "CBMC version 5.39.3 (cbmc-5.39.3) 64-bit arm64 macos",
      "Reading GOTO program from file",
      "Reading: /Users/mrtuttle/cbmc-viewer/tests/coreHTTP/coreHTTP/test/cbmc/proofs/findHeaderFieldParserCallback/gotos/findHeaderFieldParserCallback_harness.goto",
      "Generating GOTO Program",
      "Adding CPROVER library (arm64)",
      "Removal of function pointers and virtual functions",
      "Generic Property Instrumentation",
      "Running with 8 object bits, 56 offset bits (user-specified)",
      "Starting Bounded Model Checking",
      "Unwinding loop __CPROVER_file_local_core_http_client_c_caseInsensitiveStringCmp.0 iteration 1 file /Users/mrtuttle/cbmc-viewer/tests/coreHTTP/coreHTTP/source/core_http_client.c line 579 function caseInsensitiveStringCmp thread 0",
      "Unwinding loop __CPROVER_file_local_core_http_client_c_caseInsensitiveStringCmp.0 iteration 2 file /Users/mrtuttle/cbmc-viewer/tests/coreHTTP/coreHTTP/source/core_http_client.c line 579 function caseInsensitiveStringCmp thread 0",
      "Unwinding loop __CPROVER_file_local_core_http_client_c_caseInsensitiveStringCmp.0 iteration 3 file /Users/mrtuttle/cbmc-viewer/tests/coreHTTP/coreHTTP/source/core_http_client.c line 579 function caseInsensitiveStringCmp thread 0",
      "Unwinding loop __CPROVER_file_local_core_http_client_c_caseInsensitiveStringCmp.0 iteration 4 file /Users/mrtuttle/cbmc-viewer/tests/coreHTTP/coreHTTP/source/core_http_client.c line 579 function caseInsensitiveStringCmp thread 0",
      "Unwinding loop __CPROVER_file_local_core_http_client_c_caseInsensitiveStringCmp.0 iteration 5 file /Users/mrtuttle/cbmc-viewer/tests/coreHTTP/coreHTTP/source/core_http_client.c line 579 function caseInsensitiveStringCmp thread 0",
      "Unwinding loop __CPROVER_file_local_core_http_client_c_caseInsensitiveStringCmp.0 iteration 6 file /Users/mrtuttle/cbmc-viewer/tests/coreHTTP/coreHTTP/source/core_http_client.c line 579 function caseInsensitiveStringCmp thread 0",
      "Unwinding loop __CPROVER_file_local_core_http_client_c_caseInsensitiveStringCmp.0 iteration 7 file /Users/mrtuttle/cbmc-viewer/tests/coreHTTP/coreHTTP/source/core_http_client.c line 579 function caseInsensitiveStringCmp thread 0",
      "Unwinding loop __CPROVER_file_local_core_http_client_c_caseInsensitiveStringCmp.0 iteration 8 file /Users/mrtuttle/cbmc-viewer/tests/coreHTTP/coreHTTP/source/core_http_client.c line 579 function caseInsensitiveStringCmp thread 0",
      "Unwinding loop __CPROVER_file_local_core_http_client_c_caseInsensitiveStringCmp.0 iteration 9 file /Users/mrtuttle/cbmc-viewer/tests/coreHTTP/coreHTTP/source/core_http_client.c line 579 function caseInsensitiveStringCmp thread 0",
      "Unwinding loop __CPROVER_file_local_core_http_client_c_caseInsensitiveStringCmp.0 iteration 10 file /Users/mrtuttle/cbmc-viewer/tests/coreHTTP/coreHTTP/source/core_http_client.c line 579 function caseInsensitiveStringCmp thread 0",
      "Not unwinding loop __CPROVER_file_local_core_http_client_c_caseInsensitiveStringCmp.0 iteration 11 file /Users/mrtuttle/cbmc-viewer/tests/coreHTTP/coreHTTP/source/core_http_client.c line 579 function caseInsensitiveStringCmp thread 0",
      "Runtime Symex: 0.117049s",
      "size of program expression: 1815 steps",
      "simple slicing removed 14 assignments",
      "Generated 534 VCC(s), 500 remaining after simplification",
      "Runtime Postprocess Equation: 0.000192084s",
      "Passing problem to propositional reduction",
      "converting SSA",
      "Runtime Convert SSA: 0.043715s",
      "Running propositional reduction",
      "Post-processing",
      "Runtime Post-process: 0.0124967s",
      "Solving with MiniSAT 2.2.1 with simplifier",
      "43319 variables, 133516 clauses",
      "SAT checker: instance is SATISFIABLE",
      "Runtime Solver: 0.253791s",
      "Runtime decision procedure: 0.30082s",
      "Building error trace",
      "Running propositional reduction",
      "Solving with MiniSAT 2.2.1 with simplifier",
      "43319 variables, 84600 clauses",
      "SAT checker: instance is SATISFIABLE",
      "Runtime Solver: 0.00294421s",
      "Runtime decision procedure: 0.00361671s",
      "Building error trace",
      "Running propositional reduction",
      "Solving with MiniSAT 2.2.1 with simplifier",
      "43319 variables, 84595 clauses",
      "SAT checker: instance is SATISFIABLE",
      "Runtime Solver: 0.00209729s",
      "Runtime decision procedure: 0.002313s",
      "Building error trace",
      "Running propositional reduction",
      "Solving with MiniSAT 2.2.1 with simplifier",
      "43319 variables, 84595 clauses",
      "SAT checker: instance is SATISFIABLE",
      "Runtime Solver: 0.00812004s",
      "Runtime decision procedure: 0.00833013s",
      "Building error trace",
      "Running propositional reduction",
      "Solving with MiniSAT 2.2.1 with simplifier",
      "43319 variables, 84595 clauses",
      "SAT checker: instance is SATISFIABLE",
      "Runtime Solver: 0.0118542s",
      "Runtime decision procedure: 0.0120745s",
      "Building error trace",
      "Running propositional reduction",
      "Solving with MiniSAT 2.2.1 with simplifier",
      "43319 variables, 84587 clauses",
      "SAT checker: instance is SATISFIABLE",
      "Runtime Solver: 0.00495779s",
      "Runtime decision procedure: 0.00530108s",
      "Building error trace",
      "Running propositional reduction",
      "Solving with MiniSAT 2.2.1 with simplifier",
      "43319 variables, 84587 clauses",
      "SAT checker: instance is SATISFIABLE",
      "Runtime Solver: 0.00356529s",
      "Runtime decision procedure: 0.00376258s",
      "Building error trace",
      "Running propositional reduction",
      "Solving with MiniSAT 2.2.1 with simplifier",
      "43319 variables, 84587 clauses",
      "SAT checker: instance is SATISFIABLE",
      "Runtime Solver: 0.00288625s",
      "Runtime decision procedure: 0.0030805s",
      "Building error trace",
      "Running propositional reduction",
      "Solving with MiniSAT 2.2.1 with simplifier",
      "43319 variables, 84587 clauses",
      "SAT checker: instance is SATISFIABLE",
      "Runtime Solver: 0.00231704s",
      "Runtime decision procedure: 0.00251925s",
      "Building error trace",
      "Running propositional reduction",
      "Solving with MiniSAT 2.2.1 with simplifier",
      "43319 variables, 84587 clauses",
      "SAT checker: instance is SATISFIABLE",
      "Runtime Solver: 0.0134117s",
      "Runtime decision procedure: 0.013641s",
      "Building error trace",
      "Running propositional reduction",
      "Solving with MiniSAT 2.2.1 with simplifier",
      "43319 variables, 84587 clauses",
      "SAT checker: instance is SATISFIABLE",
      "Runtime Solver: 0.00253783s",
      "Runtime decision procedure: 0.00274683s",
      "Building error trace",
      "Running propositional reduction",
      "Solving with MiniSAT 2.2.1 with simplifier",
      "43319 variables, 84587 clauses",
      "SAT checker: instance is SATISFIABLE",
      "Runtime Solver: 0.00753521s",
      "Runtime decision procedure: 0.00876979s",
      "Building error trace",
      "Running propositional reduction",
      "Solving with MiniSAT 2.2.1 with simplifier",
      "43319 variables, 84587 clauses",
      "SAT checker: instance is SATISFIABLE",
      "Runtime Solver: 0.0286174s",
      "Runtime decision procedure: 0.0293666s",
      "Building error trace",
      "Running propositional reduction",
      "Solving with MiniSAT 2.2.1 with simplifier",
      "43319 variables, 84587 clauses",
      "SAT checker: instance is SATISFIABLE",
      "Runtime Solver: 0.00566533s",
      "Runtime decision procedure: 0.00588275s",
      "Building error trace",
      "Running propositional reduction",
      "Solving with MiniSAT 2.2.1 with simplifier",
      "43319 variables, 84587 clauses",
      "SAT checker: instance is SATISFIABLE",
      "Runtime Solver: 0.00264337s",
      "Runtime decision procedure: 0.00284621s",
      "Building error trace",
      "Running propositional reduction",
      "Solving with MiniSAT 2.2.1 with simplifier",
      "43319 variables, 84587 clauses",
      "SAT checker: instance is SATISFIABLE",
      "Runtime Solver: 0.00477538s",
      "Runtime decision procedure: 0.00499808s",
      "Building error trace",
      "Running propositional reduction",
      "Solving with MiniSAT 2.2.1 with simplifier",
      "43319 variables, 84587 clauses",
      "SAT checker: instance is SATISFIABLE",
      "Runtime Solver: 0.0132642s",
      "Runtime decision procedure: 0.0134684s",
      "Building error trace",
      "Running propositional reduction",
      "Solving with MiniSAT 2.2.1 with simplifier",
      "43319 variables, 84587 clauses",
      "SAT checker: instance is SATISFIABLE",
      "Runtime Solver: 0.008557s",
      "Runtime decision procedure: 0.00916083s",
      "Building error trace",
      "Running propositional reduction",
      "Solving with MiniSAT 2.2.1 with simplifier",
      "43319 variables, 84587 clauses",
      "SAT checker: instance is SATISFIABLE",
      "Runtime Solver: 0.0220732s",
      "Runtime decision procedure: 0.0225725s",
      "Building error trace",
      "Running propositional reduction",
      "Solving with MiniSAT 2.2.1 with simplifier",
      "43319 variables, 84587 clauses",
      "SAT checker: instance is SATISFIABLE",
      "Runtime Solver: 0.00890729s",
      "Runtime decision procedure: 0.00931379s",
      "Building error trace",
      "Running propositional reduction",
      "Solving with MiniSAT 2.2.1 with simplifier",
      "43319 variables, 84587 clauses",
      "SAT checker: instance is SATISFIABLE",
      "Runtime Solver: 0.044758s",
      "Runtime decision procedure: 0.0466633s",
      "Building error trace",
      "Running propositional reduction",
      "Solving with MiniSAT 2.2.1 with simplifier",
      "43319 variables, 84587 clauses",
      "SAT checker: instance is SATISFIABLE",
      "Runtime Solver: 0.010667s",
      "Runtime decision procedure: 0.0109105s",
      "Building error trace",
      "Running propositional reduction",
      "Solving with MiniSAT 2.2.1 with simplifier",
      "43319 variables, 84587 clauses",
      "SAT checker: instance is SATISFIABLE",
      "Runtime Solver: 0.0103082s",
      "Runtime decision procedure: 0.0108042s",
      "Building error trace",
      "Running propositional reduction",
      "Solving with MiniSAT 2.2.1 with simplifier",
      "43319 variables, 84587 clauses",
      "SAT checker: instance is SATISFIABLE",
      "Runtime Solver: 0.00229404s",
      "Runtime decision procedure: 0.00249738s",
      "Building error trace",
      "Running propositional reduction",
      "Solving with MiniSAT 2.2.1 with simplifier",
      "43319 variables, 84587 clauses",
      "SAT checker: instance is SATISFIABLE",
      "Runtime Solver: 0.00217529s",
      "Runtime decision procedure: 0.00236004s",
      "Building error trace",
      "Running propositional reduction",
      "Solving with MiniSAT 2.2.1 with simplifier",
      "43319 variables, 84587 clauses",
      "SAT checker: instance is SATISFIABLE",
      "Runtime Solver: 0.00239833s",
      "Runtime decision procedure: 0.00257925s",
      "Building error trace",
      "Running propositional reduction",
      "Solving with MiniSAT 2.2.1 with simplifier",
      "43319 variables, 84587 clauses",
      "SAT checker: instance is UNSATISFIABLE",
      "Runtime Solver: 4.89786s",
      "Runtime decision procedure: 4.89795s",
      "VERIFICATION FAILED"
    ],
    "warning": []
  }
}