{
  "viewer-result": {
    "program": "CBMC version 5.35.0 (cbmc-5.35.0) 64-bit x86_64 linux",
    "prover": "failure",
    "results": {
      "false": [
        "allocateHttpResponse.overflow.1",
        "allocateHttpResponse.overflow.2",
        "allocateHttpResponse.pointer_arithmetic.5",
        "allocateHttpResponse.pointer_arithmetic.11",
        "allocateHttpSendParser.pointer_dereference.1",
        "allocateHttpSendParser.pointer_dereference.3",
        "allocateHttpSendParser.pointer_dereference.4",
        "allocateHttpSendParser.pointer_dereference.5",
        "allocateHttpSendParser.pointer_dereference.6",
        "allocateHttpSendParsingContext.overflow.1",
        "allocateHttpSendParsingContext.pointer_arithmetic.1",
        "allocateHttpSendParsingContext.pointer_arithmetic.2",
        "allocateHttpSendParsingContext.pointer_arithmetic.3",
        "allocateHttpSendParsingContext.pointer_arithmetic.4",
        "allocateHttpSendParsingContext.pointer_arithmetic.5",
        "allocateHttpSendParsingContext.pointer_arithmetic.6",
        "allocateHttpSendParsingContext.pointer_dereference.1",
        "allocateHttpSendParsingContext.pointer_dereference.3",
        "allocateHttpSendParsingContext.pointer_dereference.4",
        "allocateHttpSendParsingContext.pointer_dereference.5",
        "allocateHttpSendParsingContext.pointer_dereference.6",
        "allocateHttpSendParsingContext.pointer_dereference.7",
        "allocateHttpSendParsingContext.pointer_dereference.9",
        "allocateHttpSendParsingContext.pointer_dereference.10",
        "allocateHttpSendParsingContext.pointer_dereference.11",
        "allocateHttpSendParsingContext.pointer_dereference.12",
        "allocateHttpSendParsingContext.pointer_dereference.13",
        "allocateHttpSendParsingContext.pointer_dereference.15",
        "allocateHttpSendParsingContext.pointer_dereference.16",
        "allocateHttpSendParsingContext.pointer_dereference.17",
        "httpParserOnMessageCompleteCallback.assertion.1",
        "httpParserOnMessageCompleteCallback.assertion.2",
        "httpParserOnMessageCompleteCallback.pointer_dereference.1",
        "httpParserOnMessageCompleteCallback.pointer_dereference.3",
        "httpParserOnMessageCompleteCallback.pointer_dereference.4",
        "httpParserOnMessageCompleteCallback.pointer_dereference.5",
        "httpParserOnMessageCompleteCallback.pointer_dereference.6",
        "httpParserOnMessageCompleteCallback.pointer_dereference.7",
        "httpParserOnMessageCompleteCallback.pointer_dereference.8",
        "httpParserOnMessageCompleteCallback.pointer_dereference.9",
        "httpParserOnMessageCompleteCallback.pointer_dereference.10",
        "httpParserOnMessageCompleteCallback.pointer_dereference.11",
        "httpParserOnMessageCompleteCallback.pointer_dereference.12",
        "mallocCanFail.assertion.1"
      ],
      "true": [
        "allocateHttpResponse.pointer_arithmetic.1",
        "allocateHttpResponse.pointer_arithmetic.2",
        "allocateHttpResponse.pointer_arithmetic.3",
        "allocateHttpResponse.pointer_arithmetic.4",
        "allocateHttpResponse.pointer_arithmetic.6",
        "allocateHttpResponse.pointer_arithmetic.7",
        "allocateHttpResponse.pointer_arithmetic.8",
        "allocateHttpResponse.pointer_arithmetic.9",
        "allocateHttpResponse.pointer_arithmetic.10",
        "allocateHttpResponse.pointer_arithmetic.12",
        "allocateHttpResponse.pointer_dereference.1",
        "allocateHttpResponse.pointer_dereference.2",
        "allocateHttpResponse.pointer_dereference.3",
        "allocateHttpResponse.pointer_dereference.4",
        "allocateHttpResponse.pointer_dereference.5",
        "allocateHttpResponse.pointer_dereference.6",
        "allocateHttpResponse.pointer_dereference.7",
        "allocateHttpResponse.pointer_dereference.8",
        "allocateHttpResponse.pointer_dereference.9",
        "allocateHttpResponse.pointer_dereference.10",
        "allocateHttpResponse.pointer_dereference.11",
        "allocateHttpResponse.pointer_dereference.12",
        "allocateHttpResponse.pointer_dereference.13",
        "allocateHttpResponse.pointer_dereference.14",
        "allocateHttpResponse.pointer_dereference.15",
        "allocateHttpResponse.pointer_dereference.16",
        "allocateHttpResponse.pointer_dereference.17",
        "allocateHttpResponse.pointer_dereference.18",
        "allocateHttpResponse.pointer_dereference.19",
        "allocateHttpResponse.pointer_dereference.20",
        "allocateHttpResponse.pointer_dereference.21",
        "allocateHttpResponse.pointer_dereference.22",
        "allocateHttpResponse.pointer_dereference.23",
        "allocateHttpResponse.pointer_dereference.24",
        "allocateHttpResponse.pointer_dereference.25",
        "allocateHttpResponse.pointer_dereference.26",
        "allocateHttpResponse.pointer_dereference.27",
        "allocateHttpResponse.pointer_dereference.28",
        "allocateHttpResponse.pointer_dereference.29",
        "allocateHttpResponse.pointer_dereference.30",
        "allocateHttpResponse.pointer_dereference.31",
        "allocateHttpResponse.pointer_dereference.32",
        "allocateHttpResponse.pointer_dereference.33",
        "allocateHttpResponse.pointer_dereference.34",
        "allocateHttpResponse.pointer_dereference.35",
        "allocateHttpResponse.pointer_dereference.36",
        "allocateHttpResponse.pointer_dereference.37",
        "allocateHttpResponse.pointer_dereference.38",
        "allocateHttpResponse.pointer_dereference.39",
        "allocateHttpResponse.pointer_dereference.40",
        "allocateHttpResponse.pointer_dereference.41",
        "allocateHttpResponse.pointer_dereference.42",
        "allocateHttpResponse.pointer_dereference.43",
        "allocateHttpResponse.pointer_dereference.44",
        "allocateHttpResponse.pointer_dereference.45",
        "allocateHttpResponse.pointer_dereference.46",
        "allocateHttpResponse.pointer_dereference.47",
        "allocateHttpResponse.pointer_dereference.48",
        "allocateHttpResponse.pointer_dereference.49",
        "allocateHttpResponse.pointer_dereference.50",
        "allocateHttpResponse.pointer_dereference.51",
        "allocateHttpResponse.pointer_dereference.52",
        "allocateHttpResponse.pointer_dereference.53",
        "allocateHttpResponse.pointer_dereference.54",
        "allocateHttpResponse.pointer_dereference.55",
        "allocateHttpResponse.pointer_dereference.56",
        "allocateHttpResponse.pointer_dereference.57",
        "allocateHttpResponse.pointer_dereference.58",
        "allocateHttpResponse.pointer_dereference.59",
        "allocateHttpResponse.pointer_dereference.60",
        "allocateHttpResponse.pointer_dereference.61",
        "allocateHttpResponse.pointer_dereference.62",
        "allocateHttpResponse.pointer_dereference.63",
        "allocateHttpResponse.pointer_dereference.64",
        "allocateHttpResponse.pointer_dereference.65",
        "allocateHttpResponse.pointer_dereference.66",
        "allocateHttpSendParser.pointer_dereference.2",
        "allocateHttpSendParsingContext.pointer_dereference.2",
        "allocateHttpSendParsingContext.pointer_dereference.8",
        "allocateHttpSendParsingContext.pointer_dereference.14",
        "allocateHttpSendParsingContext.pointer_dereference.18",
        "httpParserOnMessageCompleteCallback.pointer_dereference.2",
        "malloc.assertion.1",
        "malloc.assertion.2"
      ]
    },
    "status": [
      "CBMC version 5.35.0 (cbmc-5.35.0) 64-bit x86_64 linux",
      "Reading GOTO program from file",
      "Reading: /home/ubuntu/cbmc-viewer/tests/coreHTTP/coreHTTP/test/cbmc/proofs/httpParserOnMessageCompleteCallback/gotos/httpParserOnMessageCompleteCallback_harness.goto",
      "Generating GOTO Program",
      "Adding CPROVER library (x86_64)",
      "Removal of function pointers and virtual functions",
      "Generic Property Instrumentation",
      "Running with 8 object bits, 56 offset bits (user-specified)",
      "Starting Bounded Model Checking",
      "Runtime Symex: 0.0382203s",
      "size of program expression: 651 steps",
      "simple slicing removed 8 assignments",
      "Generated 127 VCC(s), 126 remaining after simplification",
      "Runtime Postprocess Equation: 7.9632e-05s",
      "Passing problem to propositional reduction",
      "converting SSA",
      "Runtime Convert SSA: 0.00857455s",
      "Running propositional reduction",
      "Post-processing",
      "Runtime Post-process: 0.00436879s",
      "Solving with External SAT solver",
      "Writing temporary CNF",
      "Invoking SAT solver",
      "Solver returned code: 2560",
      "result:SATISFIABLE",
      "Runtime Solver: 0.0337164s",
      "Runtime decision procedure: 0.0429674s",
      "Building error trace",
      "Running propositional reduction",
      "Solving with External SAT solver",
      "Writing temporary CNF",
      "Invoking SAT solver",
      "Solver returned code: 2560",
      "result:SATISFIABLE",
      "Runtime Solver: 0.0279713s",
      "Runtime decision procedure: 0.0281748s",
      "Building error trace",
      "Running propositional reduction",
      "Solving with External SAT solver",
      "Writing temporary CNF",
      "Invoking SAT solver",
      "Solver returned code: 2560",
      "result:SATISFIABLE",
      "Runtime Solver: 0.027209s",
      "Runtime decision procedure: 0.0274116s",
      "Building error trace",
      "Running propositional reduction",
      "Solving with External SAT solver",
      "Writing temporary CNF",
      "Invoking SAT solver",
      "Solver returned code: 2560",
      "result:SATISFIABLE",
      "Runtime Solver: 0.0264726s",
      "Runtime decision procedure: 0.0267012s",
      "Building error trace",
      "Running propositional reduction",
      "Solving with External SAT solver",
      "Writing temporary CNF",
      "Invoking SAT solver",
      "Solver returned code: 2560",
      "result:SATISFIABLE",
      "Runtime Solver: 0.0328695s",
      "Runtime decision procedure: 0.0330949s",
      "Building error trace",
      "Running propositional reduction",
      "Solving with External SAT solver",
      "Writing temporary CNF",
      "Invoking SAT solver",
      "Solver returned code: 2560",
      "result:SATISFIABLE",
      "Runtime Solver: 0.0275383s",
      "Runtime decision procedure: 0.0277761s",
      "Building error trace",
      "Running propositional reduction",
      "Solving with External SAT solver",
      "Writing temporary CNF",
      "Invoking SAT solver",
      "Solver returned code: 2560",
      "result:SATISFIABLE",
      "Runtime Solver: 0.0304474s",
      "Runtime decision procedure: 0.0307664s",
      "Building error trace",
      "Running propositional reduction",
      "Solving with External SAT solver",
      "Writing temporary CNF",
      "Invoking SAT solver",
      "Solver returned code: 2560",
      "result:SATISFIABLE",
      "Runtime Solver: 0.0284968s",
      "Runtime decision procedure: 0.0286793s",
      "Building error trace",
      "Running propositional reduction",
      "Solving with External SAT solver",
      "Writing temporary CNF",
      "Invoking SAT solver",
      "Solver returned code: 2560",
      "result:SATISFIABLE",
      "Runtime Solver: 0.0277143s",
      "Runtime decision procedure: 0.0279962s",
      "Building error trace",
      "Running propositional reduction",
      "Solving with External SAT solver",
      "Writing temporary CNF",
      "Invoking SAT solver",
      "Solver returned code: 2560",
      "result:SATISFIABLE",
      "Runtime Solver: 0.0358947s",
      "Runtime decision procedure: 0.036133s",
      "Building error trace",
      "Running propositional reduction",
      "Solving with External SAT solver",
      "Writing temporary CNF",
      "Invoking SAT solver",
      "Solver returned code: 2560",
      "result:SATISFIABLE",
      "Runtime Solver: 0.0328657s",
      "Runtime decision procedure: 0.0331308s",
      "Building error trace",
      "Running propositional reduction",
      "Solving with External SAT solver",
      "Writing temporary CNF",
      "Invoking SAT solver",
      "Solver returned code: 2560",
      "result:SATISFIABLE",
      "Runtime Solver: 0.0332202s",
      "Runtime decision procedure: 0.0334832s",
      "Building error trace",
      "Running propositional reduction",
      "Solving with External SAT solver",
      "Writing temporary CNF",
      "Invoking SAT solver",
      "Solver returned code: 2560",
      "result:SATISFIABLE",
      "Runtime Solver: 0.0269829s",
      "Runtime decision procedure: 0.0272092s",
      "Building error trace",
      "Running propositional reduction",
      "Solving with External SAT solver",
      "Writing temporary CNF",
      "Invoking SAT solver",
      "Solver returned code: 2560",
      "result:SATISFIABLE",
      "Runtime Solver: 0.0278203s",
      "Runtime decision procedure: 0.02801s",
      "Building error trace",
      "Running propositional reduction",
      "Solving with External SAT solver",
      "Writing temporary CNF",
      "Invoking SAT solver",
      "Solver returned code: 2560",
      "result:SATISFIABLE",
      "Runtime Solver: 0.0286067s",
      "Runtime decision procedure: 0.0288462s",
      "Building error trace",
      "Running propositional reduction",
      "Solving with External SAT solver",
      "Writing temporary CNF",
      "Invoking SAT solver",
      "Solver returned code: 2560",
      "result:SATISFIABLE",
      "Runtime Solver: 0.0343383s",
      "Runtime decision procedure: 0.0346203s",
      "Building error trace",
      "Running propositional reduction",
      "Solving with External SAT solver",
      "Writing temporary CNF",
      "Invoking SAT solver",
      "Solver returned code: 2560",
      "result:SATISFIABLE",
      "Runtime Solver: 0.0395s",
      "Runtime decision procedure: 0.0397454s",
      "Building error trace",
      "Running propositional reduction",
      "Solving with External SAT solver",
      "Writing temporary CNF",
      "Invoking SAT solver",
      "Solver returned code: 2560",
      "result:SATISFIABLE",
      "Runtime Solver: 0.0357051s",
      "Runtime decision procedure: 0.035991s",
      "Building error trace",
      "Running propositional reduction",
      "Solving with External SAT solver",
      "Writing temporary CNF",
      "Invoking SAT solver",
      "Solver returned code: 5120",
      "result:UNSATISFIABLE",
      "Runtime Solver: 0.0307053s",
      "Runtime decision procedure: 0.0308815s",
      "VERIFICATION FAILED"
    ],
    "warning": []
  }
}