
<html>
  <head>
    <title>allocateHttpReadHeaderParser.pointer_dereference.1</title>
    <link rel="stylesheet" type="text/css" href="../viewer.css">
  </head>

  <body>
    <h2>Error trace for property allocateHttpReadHeaderParser.pointer_dereference.1</h2>

    <div id="trace-header">
    <div id="trace-description">
    <p>
      Property that failed:
      <ul>
        <li> Name: allocateHttpReadHeaderParser.pointer_dereference.1
        <li> Description: dereference failure: pointer NULL in pHttpParser->data
        <li> Location: Function <a href="../test/cbmc/sources/http_cbmc_state.c.html#256">allocateHttpReadHeaderParser</a>, File <a href="../test/cbmc/sources/http_cbmc_state.c.html">test/cbmc/sources/http_cbmc_state.c</a>, Line <a href="../test/cbmc/sources/http_cbmc_state.c.html#267">267</a>
      </ul>
    </p>
    </div>

    <div id="trace-navigation">
    <p>
      Trace navigation tips:
      <ul>
        <li>
          <strong>Shift-Click: Hide function steps:</strong>
          Shift-click on any step of a function to toggle the display
          of function steps (hide or display steps).
          This corresponds to stepping over a function in a debugger.
          <em>Example:</em> Shift-click on any step of malloc to hide
          the initialization of the struct members being malloc'd.
        </li>
        <li>
          <strong>Shift-Alt-Click: Focus on function steps:</strong>
          Shift-Alt-click on any step of a function to hide all steps
          of all functions not currently on the call stack.
          This corresponds to viewing the call stack in a debugger.
          <em>Example:</em> Shift-Alt-click on a failure step to the display the
          most direct path from the initial state to the failure.
        </li>
      </ul>
    </p>
    </div>
    </div>

    <div class="trace">

      

        

        

        <div id="step1" class="step">
        <div class="header">Step 1: Function <a href="../test/cbmc/proofs/findHeaderFieldParserCallback/findHeaderFieldParserCallback_harness.c.html#33">findHeaderFieldParserCallback_harness</a>, File <a href="../test/cbmc/proofs/findHeaderFieldParserCallback/findHeaderFieldParserCallback_harness.c.html">test/cbmc/proofs/findHeaderFieldParserCallback/findHeaderFieldParserCallback_harness.c</a>, Line <a href="../test/cbmc/proofs/findHeaderFieldParserCallback/findHeaderFieldParserCallback_harness.c.html#35">35</a></div>
        
        <div class="code">http_parser * pHttpParser;</div>
        
        <div class="cbmc">pHttpParser = ((http_parser *)NULL) (00000000 00000000 00000000 00000000 00000000 00000000 00000000 00000000)</div>
        </div>

        

        

      

        

        

        <div id="step2" class="step">
        <div class="header">Step 2: Function <a href="../test/cbmc/proofs/findHeaderFieldParserCallback/findHeaderFieldParserCallback_harness.c.html#33">findHeaderFieldParserCallback_harness</a>, File <a href="../test/cbmc/proofs/findHeaderFieldParserCallback/findHeaderFieldParserCallback_harness.c.html">test/cbmc/proofs/findHeaderFieldParserCallback/findHeaderFieldParserCallback_harness.c</a>, Line <a href="../test/cbmc/proofs/findHeaderFieldParserCallback/findHeaderFieldParserCallback_harness.c.html#36">36</a></div>
        
        <div class="code">HTTPResponse_t * pResponse;</div>
        
        <div class="cbmc">pResponse = ((HTTPResponse_t *)NULL) (00000000 00000000 00000000 00000000 00000000 00000000 00000000 00000000)</div>
        </div>

        

        

      

        

        

        <div id="step3" class="step">
        <div class="header">Step 3: Function <a href="../test/cbmc/proofs/findHeaderFieldParserCallback/findHeaderFieldParserCallback_harness.c.html#33">findHeaderFieldParserCallback_harness</a>, File <a href="../test/cbmc/proofs/findHeaderFieldParserCallback/findHeaderFieldParserCallback_harness.c.html">test/cbmc/proofs/findHeaderFieldParserCallback/findHeaderFieldParserCallback_harness.c</a>, Line <a href="../test/cbmc/proofs/findHeaderFieldParserCallback/findHeaderFieldParserCallback_harness.c.html#37">37</a></div>
        
        <div class="code">findHeaderContext_t * pFindHeaderContext;</div>
        
        <div class="cbmc">pFindHeaderContext = ((findHeaderContext_t *)NULL) (00000000 00000000 00000000 00000000 00000000 00000000 00000000 00000000)</div>
        </div>

        

        

      

        

        

        <div id="step4" class="step">
        <div class="header">Step 4: Function <a href="../test/cbmc/proofs/findHeaderFieldParserCallback/findHeaderFieldParserCallback_harness.c.html#33">findHeaderFieldParserCallback_harness</a>, File <a href="../test/cbmc/proofs/findHeaderFieldParserCallback/findHeaderFieldParserCallback_harness.c.html">test/cbmc/proofs/findHeaderFieldParserCallback/findHeaderFieldParserCallback_harness.c</a>, Line <a href="../test/cbmc/proofs/findHeaderFieldParserCallback/findHeaderFieldParserCallback_harness.c.html#38">38</a></div>
        
        <div class="code">size_t fieldLen, fieldContextLen, fieldOffset, valueLen, valueOffset;</div>
        
        <div class="cbmc">fieldLen = 18446728955428870209ul (11111111 11111111 11110010 01000000 00000000 01000000 00011000 01000001)</div>
        </div>

        

        

      

        

        

        <div id="step5" class="step">
        <div class="header">Step 5: Function <a href="../test/cbmc/proofs/findHeaderFieldParserCallback/findHeaderFieldParserCallback_harness.c.html#33">findHeaderFieldParserCallback_harness</a>, File <a href="../test/cbmc/proofs/findHeaderFieldParserCallback/findHeaderFieldParserCallback_harness.c.html">test/cbmc/proofs/findHeaderFieldParserCallback/findHeaderFieldParserCallback_harness.c</a>, Line <a href="../test/cbmc/proofs/findHeaderFieldParserCallback/findHeaderFieldParserCallback_harness.c.html#38">38</a></div>
        
        <div class="code">size_t fieldLen, fieldContextLen, fieldOffset, valueLen, valueOffset;</div>
        
        <div class="cbmc">fieldContextLen = 65537ul (00000000 00000000 00000000 00000000 00000000 00000001 00000000 00000001)</div>
        </div>

        

        

      

        

        

        <div id="step6" class="step">
        <div class="header">Step 6: Function <a href="../test/cbmc/proofs/findHeaderFieldParserCallback/findHeaderFieldParserCallback_harness.c.html#33">findHeaderFieldParserCallback_harness</a>, File <a href="../test/cbmc/proofs/findHeaderFieldParserCallback/findHeaderFieldParserCallback_harness.c.html">test/cbmc/proofs/findHeaderFieldParserCallback/findHeaderFieldParserCallback_harness.c</a>, Line <a href="../test/cbmc/proofs/findHeaderFieldParserCallback/findHeaderFieldParserCallback_harness.c.html#38">38</a></div>
        
        <div class="code">size_t fieldLen, fieldContextLen, fieldOffset, valueLen, valueOffset;</div>
        
        <div class="cbmc">fieldOffset = 1533015994919228ul (00000000 00000101 01110010 01000101 00011001 11001111 11101001 00111100)</div>
        </div>

        

        

      

        

        

        <div id="step7" class="step">
        <div class="header">Step 7: Function <a href="../test/cbmc/proofs/findHeaderFieldParserCallback/findHeaderFieldParserCallback_harness.c.html#33">findHeaderFieldParserCallback_harness</a>, File <a href="../test/cbmc/proofs/findHeaderFieldParserCallback/findHeaderFieldParserCallback_harness.c.html">test/cbmc/proofs/findHeaderFieldParserCallback/findHeaderFieldParserCallback_harness.c</a>, Line <a href="../test/cbmc/proofs/findHeaderFieldParserCallback/findHeaderFieldParserCallback_harness.c.html#38">38</a></div>
        
        <div class="code">size_t fieldLen, fieldContextLen, fieldOffset, valueLen, valueOffset;</div>
        
        <div class="cbmc">valueLen = 0ul (00000000 00000000 00000000 00000000 00000000 00000000 00000000 00000000)</div>
        </div>

        

        

      

        

        

        <div id="step8" class="step">
        <div class="header">Step 8: Function <a href="../test/cbmc/proofs/findHeaderFieldParserCallback/findHeaderFieldParserCallback_harness.c.html#33">findHeaderFieldParserCallback_harness</a>, File <a href="../test/cbmc/proofs/findHeaderFieldParserCallback/findHeaderFieldParserCallback_harness.c.html">test/cbmc/proofs/findHeaderFieldParserCallback/findHeaderFieldParserCallback_harness.c</a>, Line <a href="../test/cbmc/proofs/findHeaderFieldParserCallback/findHeaderFieldParserCallback_harness.c.html#38">38</a></div>
        
        <div class="code">size_t fieldLen, fieldContextLen, fieldOffset, valueLen, valueOffset;</div>
        
        <div class="cbmc">valueOffset = 0ul (00000000 00000000 00000000 00000000 00000000 00000000 00000000 00000000)</div>
        </div>

        

        

      

        

        

        <div id="step9" class="step">
        <div class="header">Step 9: Function <a href="../test/cbmc/proofs/findHeaderFieldParserCallback/findHeaderFieldParserCallback_harness.c.html#33">findHeaderFieldParserCallback_harness</a>, File <a href="../test/cbmc/proofs/findHeaderFieldParserCallback/findHeaderFieldParserCallback_harness.c.html">test/cbmc/proofs/findHeaderFieldParserCallback/findHeaderFieldParserCallback_harness.c</a>, Line <a href="../test/cbmc/proofs/findHeaderFieldParserCallback/findHeaderFieldParserCallback_harness.c.html#39">39</a></div>
        
        <div class="code">char * pFieldLoc;</div>
        
        <div class="cbmc">pFieldLoc = ((char *)NULL) (00000000 00000000 00000000 00000000 00000000 00000000 00000000 00000000)</div>
        </div>

        

        

      

        

        

        <div id="step10" class="step">
        <div class="header">Step 10: Function <a href="../test/cbmc/proofs/findHeaderFieldParserCallback/findHeaderFieldParserCallback_harness.c.html#33">findHeaderFieldParserCallback_harness</a>, File <a href="../test/cbmc/proofs/findHeaderFieldParserCallback/findHeaderFieldParserCallback_harness.c.html">test/cbmc/proofs/findHeaderFieldParserCallback/findHeaderFieldParserCallback_harness.c</a>, Line <a href="../test/cbmc/proofs/findHeaderFieldParserCallback/findHeaderFieldParserCallback_harness.c.html#41">41</a></div>
        
        <div class="code">pHttpParser = allocateHttpReadHeaderParser( NULL );</div>
        
        <div class="cbmc">pHttpParser = ((http_parser *)NULL) (00000000 00000000 00000000 00000000 00000000 00000000 00000000 00000000)</div>
        </div>

        

        

      

        

        

        <div id="step11" class="step">
        <div class="header">Step 11: Function <a href="../test/cbmc/sources/http_cbmc_state.c.html#256">allocateHttpReadHeaderParser</a>, File <a href="../test/cbmc/sources/http_cbmc_state.c.html">test/cbmc/sources/http_cbmc_state.c</a>, Line <a href="../test/cbmc/sources/http_cbmc_state.c.html#258">258</a></div>
        
        <div class="code">HTTPParsingContext_t * pFindHeaderContext;</div>
        
        <div class="cbmc">pFindHeaderContext = ((HTTPParsingContext_t *)NULL) (00000000 00000000 00000000 00000000 00000000 00000000 00000000 00000000)</div>
        </div>

        

        

      

        

        

        <div id="step12" class="step">
        <div class="header">Step 12: Function <a href="../test/cbmc/sources/http_cbmc_state.c.html#256">allocateHttpReadHeaderParser</a>, File <a href="../test/cbmc/sources/http_cbmc_state.c.html">test/cbmc/sources/http_cbmc_state.c</a>, Line <a href="../test/cbmc/sources/http_cbmc_state.c.html#262">262</a></div>
        
        <div class="code">pHttpParser = malloc( sizeof( http_parser ) );</div>
        
        <div class="cbmc">malloc_size = sizeof(http_parser) /*32ul*/  (00000000 00000000 00000000 00000000 00000000 00000000 00000000 00100000)</div>
        </div>

        

        

      

        

        

        <div id="step13" class="step">
        <div class="header">Step 13: Function <a href="../test/cbmc/sources/http_cbmc_state.c.html#256">allocateHttpReadHeaderParser</a>, File <a href="../test/cbmc/sources/http_cbmc_state.c.html">test/cbmc/sources/http_cbmc_state.c</a>, Line <a href="../test/cbmc/sources/http_cbmc_state.c.html#262">262</a></div>
        
        <div class="code">pHttpParser = malloc( sizeof( http_parser ) );</div>
        
        <div class="cbmc">pHttpParser = ((http_parser *)NULL) (00000000 00000000 00000000 00000000 00000000 00000000 00000000 00000000)</div>
        </div>

        

        

      

        

        

        <div id="step14" class="step">
        <div class="header">Step 14: Function <a href="../test/cbmc/sources/http_cbmc_state.c.html#256">allocateHttpReadHeaderParser</a>, File <a href="../test/cbmc/sources/http_cbmc_state.c.html">test/cbmc/sources/http_cbmc_state.c</a>, Line <a href="../test/cbmc/sources/http_cbmc_state.c.html#266">266</a></div>
        
        <div class="code">pFindHeaderContext = allocateFindHeaderContext( NULL );</div>
        
        <div class="cbmc">pFindHeaderContext = ((findHeaderContext_t *)NULL) (00000000 00000000 00000000 00000000 00000000 00000000 00000000 00000000)</div>
        </div>

        

        

      

        

        

        <div id="step15" class="step">
        <div class="header">Step 15: Function <a href="../test/cbmc/sources/http_cbmc_state.c.html#272">allocateFindHeaderContext</a>, File <a href="../test/cbmc/sources/http_cbmc_state.c.html">test/cbmc/sources/http_cbmc_state.c</a>, Line <a href="../test/cbmc/sources/http_cbmc_state.c.html#276">276</a></div>
        
        <div class="code">pFindHeaderContext = malloc( sizeof( findHeaderContext_t ) );</div>
        
        <div class="cbmc">malloc_size = sizeof(findHeaderContext_t) /*40ul*/  (00000000 00000000 00000000 00000000 00000000 00000000 00000000 00101000)</div>
        </div>

        

        

      

        

        

        <div id="step16" class="step">
        <div class="header">Step 16: Function malloc, File &lt;builtin-library-malloc&gt;, Line 38</div>
        
        <div class="cbmc">dynamic_object2.pField = ((char *)NULL) + 32l (00000000 00000000 00000000 00000000 00000000 00000000 00000000 00100000)</div>
        </div>

        

        

      

        

        

        <div id="step17" class="step">
        <div class="header">Step 17: Function malloc, File &lt;builtin-library-malloc&gt;, Line 38</div>
        
        <div class="cbmc">dynamic_object2.fieldLen = 17735160214304325635ul (11110110 00011111 11110010 01000000 00000000 01000000 00000000 00000011)</div>
        </div>

        

        

      

        

        

        <div id="step18" class="step">
        <div class="header">Step 18: Function malloc, File &lt;builtin-library-malloc&gt;, Line 38</div>
        
        <div class="cbmc">dynamic_object2.pValueLoc = ((char **)NULL) (00000000 00000000 00000000 00000000 00000000 00000000 00000000 00000000)</div>
        </div>

        

        

      

        

        

        <div id="step19" class="step">
        <div class="header">Step 19: Function malloc, File &lt;builtin-library-malloc&gt;, Line 38</div>
        
        <div class="cbmc">dynamic_object2.pValueLen = ((__CPROVER_size_t *)NULL) (00000000 00000000 00000000 00000000 00000000 00000000 00000000 00000000)</div>
        </div>

        

        

      

        

        

        <div id="step20" class="step">
        <div class="header">Step 20: Function malloc, File &lt;builtin-library-malloc&gt;, Line 38</div>
        
        <div class="cbmc">dynamic_object2.fieldFound = 0 (00000000)</div>
        </div>

        

        

      

        

        

        <div id="step21" class="step">
        <div class="header">Step 21: Function malloc, File &lt;builtin-library-malloc&gt;, Line 38</div>
        
        <div class="cbmc">dynamic_object2.valueFound = 0 (00000000)</div>
        </div>

        

        

      

        

        

        <div id="step22" class="step">
        <div class="header">Step 22: Function malloc, File &lt;builtin-library-malloc&gt;, Line 38</div>
        
        <div class="cbmc">dynamic_object2.$pad6 = 0 (00000000 00000000 00000000 00000000 00000000 00000000)</div>
        </div>

        

        

      

        

        

        <div id="step23" class="step">
        <div class="header">Step 23: Function <a href="../test/cbmc/sources/http_cbmc_state.c.html#272">allocateFindHeaderContext</a>, File <a href="../test/cbmc/sources/http_cbmc_state.c.html">test/cbmc/sources/http_cbmc_state.c</a>, Line <a href="../test/cbmc/sources/http_cbmc_state.c.html#276">276</a></div>
        
        <div class="code">pFindHeaderContext = malloc( sizeof( findHeaderContext_t ) );</div>
        
        <div class="cbmc">pFindHeaderContext = &dynamic_object2 (00000100 00000000 00000000 00000000 00000000 00000000 00000000 00000000)</div>
        </div>

        

        

      

        

        

        <div id="step24" class="step">
        <div class="header">Step 24: Function <a href="../test/cbmc/sources/http_cbmc_state.c.html#256">allocateHttpReadHeaderParser</a>, File <a href="../test/cbmc/sources/http_cbmc_state.c.html">test/cbmc/sources/http_cbmc_state.c</a>, Line <a href="../test/cbmc/sources/http_cbmc_state.c.html#266">266</a></div>
        
        <div class="code">pFindHeaderContext = allocateFindHeaderContext( NULL );</div>
        
        <div class="cbmc">pFindHeaderContext = (HTTPParsingContext_t *)&dynamic_object2 (00000100 00000000 00000000 00000000 00000000 00000000 00000000 00000000)</div>
        </div>

        

        

      

        

        

        <div id="step25" class="step">
        <div class="header">Step 25: Function <a href="../test/cbmc/sources/http_cbmc_state.c.html#256">allocateHttpReadHeaderParser</a>, File <a href="../test/cbmc/sources/http_cbmc_state.c.html">test/cbmc/sources/http_cbmc_state.c</a>, Line <a href="../test/cbmc/sources/http_cbmc_state.c.html#267">267</a></div>
        
        <div class="code">pHttpParser-&gt;data = ( void * ) pFindHeaderContext;</div>
        
        <div class="cbmc">failure: Unnamed: dereference failure: pointer NULL in pHttpParser->data</div>
        </div>

        

        

      
    </div>
  </body>
  <script type="text/javascript" src="../viewer.js"></script>
</html>
