{
  "viewer-coverage": {
    "coverage": {
      "source/core_http_client.c": {
        "HTTPClient_AddHeader": {
          "1660": "hit",
          "1663": "hit",
          "1666": "hit",
          "1668": "hit",
          "1671": "hit",
          "1673": "hit",
          "1676": "hit",
          "1678": "hit",
          "1681": "hit",
          "1683": "hit",
          "1686": "hit",
          "1688": "hit",
          "1691": "hit",
          "1693": "hit",
          "1696": "hit",
          "1703": "hit",
          "1705": "hit",
          "1706": "hit",
          "1709": "hit",
          "1710": "hit"
        },
        "addHeader": {
          "1331": "hit",
          "1332": "hit",
          "1333": "hit",
          "1334": "hit",
          "1336": "hit",
          "1337": "hit",
          "1338": "hit",
          "1339": "hit",
          "1340": "hit",
          "1341": "hit",
          "1343": "hit",
          "1344": "hit",
          "1349": "hit",
          "1350": "hit",
          "1351": "hit",
          "1353": "hit",
          "1354": "hit",
          "1358": "hit",
          "1359": "hit",
          "1360": "hit",
          "1364": "hit",
          "1369": "hit",
          "1371": "hit",
          "1374": "hit",
          "1376": "hit",
          "1379": "hit",
          "1380": "hit",
          "1381": "hit",
          "1383": "hit",
          "1386": "hit",
          "1388": "hit",
          "1390": "hit",
          "1392": "hit",
          "1394": "hit",
          "1397": "hit",
          "1398": "hit",
          "1399": "hit",
          "1402": "hit",
          "1404": "hit",
          "1412": "hit",
          "1415": "hit",
          "1416": "hit"
        }
      },
      "test/cbmc/proofs/HTTPClient_AddHeader/HTTPClient_AddHeader_harness.c": {
        "HTTPClient_AddHeader_harness": {
          "34": "hit",
          "35": "hit",
          "36": "hit",
          "37": "hit",
          "38": "hit",
          "41": "hit",
          "42": "hit",
          "45": "hit",
          "46": "hit",
          "49": "hit",
          "50": "hit",
          "52": "hit",
          "53": "hit",
          "54": "hit"
        }
      },
      "test/cbmc/sources/http_cbmc_state.c": {
        "allocateHttpRequestHeaders": {
          "40": "hit",
          "42": "hit",
          "43": "hit",
          "45": "hit",
          "48": "hit",
          "49": "hit",
          "51": "hit",
          "52": "hit"
        },
        "isValidHttpRequestHeaders": {
          "56": "hit",
          "58": "hit",
          "60": "both",
          "61": "hit",
          "62": "hit",
          "64": "hit",
          "65": "hit"
        },
        "mallocCanFail": {
          "34": "hit",
          "35": "hit",
          "36": "hit"
        }
      },
      "test/cbmc/stubs/strncpy.c": {
        "strncpy": {
          "53": "hit",
          "54": "hit",
          "55": "hit",
          "56": "hit"
        }
      }
    },
    "function_coverage": {
      "source/core_http_client.c": {
        "HTTPClient_AddHeader": {
          "hit": 20,
          "percentage": 1.0,
          "total": 20
        },
        "addHeader": {
          "hit": 42,
          "percentage": 1.0,
          "total": 42
        }
      },
      "test/cbmc/proofs/HTTPClient_AddHeader/HTTPClient_AddHeader_harness.c": {
        "HTTPClient_AddHeader_harness": {
          "hit": 14,
          "percentage": 1.0,
          "total": 14
        }
      },
      "test/cbmc/sources/http_cbmc_state.c": {
        "allocateHttpRequestHeaders": {
          "hit": 8,
          "percentage": 1.0,
          "total": 8
        },
        "isValidHttpRequestHeaders": {
          "hit": 7,
          "percentage": 1.0,
          "total": 7
        },
        "mallocCanFail": {
          "hit": 3,
          "percentage": 1.0,
          "total": 3
        }
      },
      "test/cbmc/stubs/strncpy.c": {
        "strncpy": {
          "hit": 4,
          "percentage": 1.0,
          "total": 4
        }
      }
    },
    "line_coverage": {
      "source/core_http_client.c": {
        "1331": "hit",
        "1332": "hit",
        "1333": "hit",
        "1334": "hit",
        "1336": "hit",
        "1337": "hit",
        "1338": "hit",
        "1339": "hit",
        "1340": "hit",
        "1341": "hit",
        "1343": "hit",
        "1344": "hit",
        "1349": "hit",
        "1350": "hit",
        "1351": "hit",
        "1353": "hit",
        "1354": "hit",
        "1358": "hit",
        "1359": "hit",
        "1360": "hit",
        "1364": "hit",
        "1369": "hit",
        "1371": "hit",
        "1374": "hit",
        "1376": "hit",
        "1379": "hit",
        "1380": "hit",
        "1381": "hit",
        "1383": "hit",
        "1386": "hit",
        "1388": "hit",
        "1390": "hit",
        "1392": "hit",
        "1394": "hit",
        "1397": "hit",
        "1398": "hit",
        "1399": "hit",
        "1402": "hit",
        "1404": "hit",
        "1412": "hit",
        "1415": "hit",
        "1416": "hit",
        "1660": "hit",
        "1663": "hit",
        "1666": "hit",
        "1668": "hit",
        "1671": "hit",
        "1673": "hit",
        "1676": "hit",
        "1678": "hit",
        "1681": "hit",
        "1683": "hit",
        "1686": "hit",
        "1688": "hit",
        "1691": "hit",
        "1693": "hit",
        "1696": "hit",
        "1703": "hit",
        "1705": "hit",
        "1706": "hit",
        "1709": "hit",
        "1710": "hit"
      },
      "test/cbmc/proofs/HTTPClient_AddHeader/HTTPClient_AddHeader_harness.c": {
        "34": "hit",
        "35": "hit",
        "36": "hit",
        "37": "hit",
        "38": "hit",
        "41": "hit",
        "42": "hit",
        "45": "hit",
        "46": "hit",
        "49": "hit",
        "50": "hit",
        "52": "hit",
        "53": "hit",
        "54": "hit"
      },
      "test/cbmc/sources/http_cbmc_state.c": {
        "34": "hit",
        "35": "hit",
        "36": "hit",
        "40": "hit",
        "42": "hit",
        "43": "hit",
        "45": "hit",
        "48": "hit",
        "49": "hit",
        "51": "hit",
        "52": "hit",
        "56": "hit",
        "58": "hit",
        "60": "both",
        "61": "hit",
        "62": "hit",
        "64": "hit",
        "65": "hit"
      },
      "test/cbmc/stubs/strncpy.c": {
        "53": "hit",
        "54": "hit",
        "55": "hit",
        "56": "hit"
      }
    },
    "overall_coverage": {
      "hit": 98,
      "percentage": 1.0,
      "total": 98
    }
  }
}