{
  "viewer-reachable": {
    "reachable": {
      "test/cbmc/proofs/httpParserOnStatusCallback/httpParserOnStatusCallback_harness.c": [
        "httpParserOnStatusCallback_harness"
      ],
      "test/cbmc/sources/http_cbmc_state.c": [
        "allocateHttpResponse",
        "allocateHttpSendParser",
        "allocateHttpSendParsingContext",
        "mallocCanFail"
      ]
    }
  }
}