{
  "viewer-result": {
    "program": "CBMC version 5.39.3 (cbmc-5.39.3) 64-bit arm64 macos",
    "prover": "failure",
    "results": {
      "false": [
        "allocateHttpReadHeaderParser.pointer_dereference.1",
        "allocateHttpReadHeaderParser.pointer_dereference.3",
        "allocateHttpReadHeaderParser.pointer_dereference.4",
        "allocateHttpReadHeaderParser.pointer_dereference.5",
        "allocateHttpReadHeaderParser.pointer_dereference.6",
        "allocateHttpResponse.overflow.1",
        "allocateHttpResponse.overflow.2",
        "allocateHttpResponse.pointer_arithmetic.5",
        "allocateHttpResponse.pointer_arithmetic.11",
        "findHeaderValueParserCallback.assertion.1",
        "findHeaderValueParserCallback.assertion.2",
        "findHeaderValueParserCallback.assertion.4",
        "findHeaderValueParserCallback.assertion.5",
        "findHeaderValueParserCallback.assertion.6",
        "findHeaderValueParserCallback.assertion.7",
        "findHeaderValueParserCallback.assertion.8",
        "findHeaderValueParserCallback.pointer_dereference.1",
        "findHeaderValueParserCallback.pointer_dereference.3",
        "findHeaderValueParserCallback.pointer_dereference.4",
        "findHeaderValueParserCallback.pointer_dereference.5",
        "findHeaderValueParserCallback.pointer_dereference.6",
        "findHeaderValueParserCallback.pointer_dereference.7",
        "findHeaderValueParserCallback.pointer_dereference.8",
        "findHeaderValueParserCallback.pointer_dereference.9",
        "findHeaderValueParserCallback.pointer_dereference.10",
        "findHeaderValueParserCallback.pointer_dereference.11",
        "findHeaderValueParserCallback.pointer_dereference.12",
        "findHeaderValueParserCallback.pointer_dereference.13",
        "findHeaderValueParserCallback.pointer_dereference.14",
        "findHeaderValueParserCallback.pointer_dereference.15",
        "findHeaderValueParserCallback.pointer_dereference.16",
        "findHeaderValueParserCallback.pointer_dereference.17",
        "findHeaderValueParserCallback.pointer_dereference.18",
        "findHeaderValueParserCallback.pointer_dereference.19",
        "findHeaderValueParserCallback.pointer_dereference.20",
        "findHeaderValueParserCallback.pointer_dereference.21",
        "findHeaderValueParserCallback.pointer_dereference.22",
        "findHeaderValueParserCallback.pointer_dereference.23",
        "findHeaderValueParserCallback.pointer_dereference.24",
        "findHeaderValueParserCallback.pointer_dereference.25",
        "findHeaderValueParserCallback.pointer_dereference.26",
        "findHeaderValueParserCallback.pointer_dereference.27",
        "findHeaderValueParserCallback.pointer_dereference.28",
        "findHeaderValueParserCallback.pointer_dereference.29",
        "findHeaderValueParserCallback.pointer_dereference.30",
        "findHeaderValueParserCallback.pointer_dereference.31",
        "findHeaderValueParserCallback.pointer_dereference.32",
        "findHeaderValueParserCallback.pointer_dereference.33",
        "findHeaderValueParserCallback.pointer_dereference.34",
        "findHeaderValueParserCallback.pointer_dereference.35",
        "findHeaderValueParserCallback.pointer_dereference.36",
        "findHeaderValueParserCallback.pointer_dereference.37",
        "findHeaderValueParserCallback.pointer_dereference.38",
        "findHeaderValueParserCallback.pointer_dereference.39",
        "findHeaderValueParserCallback.pointer_dereference.40",
        "findHeaderValueParserCallback.pointer_dereference.41",
        "findHeaderValueParserCallback.pointer_dereference.42",
        "findHeaderValueParserCallback.pointer_dereference.43",
        "findHeaderValueParserCallback.pointer_dereference.44",
        "findHeaderValueParserCallback.pointer_dereference.45",
        "findHeaderValueParserCallback.pointer_dereference.46",
        "findHeaderValueParserCallback.pointer_dereference.47",
        "findHeaderValueParserCallback.pointer_dereference.48",
        "findHeaderValueParserCallback.pointer_dereference.49",
        "findHeaderValueParserCallback.pointer_dereference.50",
        "findHeaderValueParserCallback.pointer_dereference.51",
        "findHeaderValueParserCallback.pointer_dereference.52",
        "findHeaderValueParserCallback.pointer_dereference.53",
        "findHeaderValueParserCallback.pointer_dereference.54",
        "findHeaderValueParserCallback.pointer_dereference.55",
        "findHeaderValueParserCallback.pointer_dereference.56",
        "findHeaderValueParserCallback.pointer_dereference.57",
        "findHeaderValueParserCallback.pointer_dereference.58",
        "findHeaderValueParserCallback.pointer_dereference.59",
        "findHeaderValueParserCallback.pointer_dereference.60",
        "findHeaderValueParserCallback.pointer_dereference.61",
        "findHeaderValueParserCallback.pointer_dereference.62",
        "findHeaderValueParserCallback.pointer_dereference.63",
        "findHeaderValueParserCallback.pointer_dereference.64",
        "findHeaderValueParserCallback.pointer_dereference.65",
        "findHeaderValueParserCallback.pointer_dereference.66",
        "findHeaderValueParserCallback.pointer_dereference.67",
        "findHeaderValueParserCallback.pointer_dereference.68",
        "findHeaderValueParserCallback.pointer_dereference.69",
        "findHeaderValueParserCallback.pointer_dereference.70",
        "findHeaderValueParserCallback.pointer_dereference.71",
        "findHeaderValueParserCallback.pointer_dereference.72",
        "findHeaderValueParserCallback.pointer_dereference.73",
        "findHeaderValueParserCallback.pointer_dereference.74",
        "findHeaderValueParserCallback.pointer_dereference.75",
        "findHeaderValueParserCallback.pointer_dereference.76",
        "findHeaderValueParserCallback.pointer_dereference.77",
        "findHeaderValueParserCallback.pointer_dereference.78",
        "findHeaderValueParserCallback.pointer_dereference.79",
        "findHeaderValueParserCallback.pointer_dereference.80",
        "findHeaderValueParserCallback.pointer_dereference.81",
        "findHeaderValueParserCallback.pointer_dereference.82",
        "findHeaderValueParserCallback.pointer_dereference.83",
        "findHeaderValueParserCallback.pointer_dereference.84",
        "findHeaderValueParserCallback.pointer_dereference.85",
        "findHeaderValueParserCallback.pointer_dereference.86",
        "findHeaderValueParserCallback.pointer_dereference.87",
        "findHeaderValueParserCallback.pointer_dereference.88",
        "findHeaderValueParserCallback.pointer_dereference.89",
        "findHeaderValueParserCallback.pointer_dereference.90",
        "findHeaderValueParserCallback_harness.pointer_dereference.25",
        "findHeaderValueParserCallback_harness.pointer_dereference.27",
        "findHeaderValueParserCallback_harness.pointer_dereference.28",
        "findHeaderValueParserCallback_harness.pointer_dereference.29",
        "findHeaderValueParserCallback_harness.pointer_dereference.31",
        "findHeaderValueParserCallback_harness.pointer_dereference.33",
        "findHeaderValueParserCallback_harness.pointer_dereference.34",
        "findHeaderValueParserCallback_harness.pointer_dereference.35",
        "findHeaderValueParserCallback_harness.pointer_dereference.36",
        "findHeaderValueParserCallback_harness.pointer_dereference.37",
        "findHeaderValueParserCallback_harness.pointer_dereference.39",
        "findHeaderValueParserCallback_harness.pointer_dereference.40",
        "findHeaderValueParserCallback_harness.pointer_dereference.41",
        "findHeaderValueParserCallback_harness.pointer_dereference.42",
        "findHeaderValueParserCallback_harness.pointer_dereference.43",
        "findHeaderValueParserCallback_harness.pointer_dereference.45",
        "findHeaderValueParserCallback_harness.pointer_dereference.46",
        "findHeaderValueParserCallback_harness.pointer_dereference.47",
        "findHeaderValueParserCallback_harness.pointer_dereference.48",
        "findHeaderValueParserCallback_harness.pointer_dereference.49",
        "findHeaderValueParserCallback_harness.pointer_dereference.51",
        "findHeaderValueParserCallback_harness.pointer_dereference.52",
        "findHeaderValueParserCallback_harness.pointer_dereference.53",
        "findHeaderValueParserCallback_harness.pointer_dereference.54",
        "findHeaderValueParserCallback_harness.pointer_dereference.55",
        "findHeaderValueParserCallback_harness.pointer_dereference.57",
        "findHeaderValueParserCallback_harness.pointer_dereference.58",
        "findHeaderValueParserCallback_harness.pointer_dereference.59",
        "findHeaderValueParserCallback_harness.pointer_dereference.60",
        "findHeaderValueParserCallback_harness.pointer_dereference.61",
        "findHeaderValueParserCallback_harness.pointer_dereference.63",
        "findHeaderValueParserCallback_harness.pointer_dereference.64",
        "findHeaderValueParserCallback_harness.pointer_dereference.65",
        "findHeaderValueParserCallback_harness.pointer_dereference.66",
        "mallocCanFail.assertion.1"
      ],
      "true": [
        "allocateHttpReadHeaderParser.pointer_dereference.2",
        "allocateHttpResponse.pointer_arithmetic.1",
        "allocateHttpResponse.pointer_arithmetic.2",
        "allocateHttpResponse.pointer_arithmetic.3",
        "allocateHttpResponse.pointer_arithmetic.4",
        "allocateHttpResponse.pointer_arithmetic.6",
        "allocateHttpResponse.pointer_arithmetic.7",
        "allocateHttpResponse.pointer_arithmetic.8",
        "allocateHttpResponse.pointer_arithmetic.9",
        "allocateHttpResponse.pointer_arithmetic.10",
        "allocateHttpResponse.pointer_arithmetic.12",
        "allocateHttpResponse.pointer_dereference.1",
        "allocateHttpResponse.pointer_dereference.2",
        "allocateHttpResponse.pointer_dereference.3",
        "allocateHttpResponse.pointer_dereference.4",
        "allocateHttpResponse.pointer_dereference.5",
        "allocateHttpResponse.pointer_dereference.6",
        "allocateHttpResponse.pointer_dereference.7",
        "allocateHttpResponse.pointer_dereference.8",
        "allocateHttpResponse.pointer_dereference.9",
        "allocateHttpResponse.pointer_dereference.10",
        "allocateHttpResponse.pointer_dereference.11",
        "allocateHttpResponse.pointer_dereference.12",
        "allocateHttpResponse.pointer_dereference.13",
        "allocateHttpResponse.pointer_dereference.14",
        "allocateHttpResponse.pointer_dereference.15",
        "allocateHttpResponse.pointer_dereference.16",
        "allocateHttpResponse.pointer_dereference.17",
        "allocateHttpResponse.pointer_dereference.18",
        "allocateHttpResponse.pointer_dereference.19",
        "allocateHttpResponse.pointer_dereference.20",
        "allocateHttpResponse.pointer_dereference.21",
        "allocateHttpResponse.pointer_dereference.22",
        "allocateHttpResponse.pointer_dereference.23",
        "allocateHttpResponse.pointer_dereference.24",
        "allocateHttpResponse.pointer_dereference.25",
        "allocateHttpResponse.pointer_dereference.26",
        "allocateHttpResponse.pointer_dereference.27",
        "allocateHttpResponse.pointer_dereference.28",
        "allocateHttpResponse.pointer_dereference.29",
        "allocateHttpResponse.pointer_dereference.30",
        "allocateHttpResponse.pointer_dereference.31",
        "allocateHttpResponse.pointer_dereference.32",
        "allocateHttpResponse.pointer_dereference.33",
        "allocateHttpResponse.pointer_dereference.34",
        "allocateHttpResponse.pointer_dereference.35",
        "allocateHttpResponse.pointer_dereference.36",
        "allocateHttpResponse.pointer_dereference.37",
        "allocateHttpResponse.pointer_dereference.38",
        "allocateHttpResponse.pointer_dereference.39",
        "allocateHttpResponse.pointer_dereference.40",
        "allocateHttpResponse.pointer_dereference.41",
        "allocateHttpResponse.pointer_dereference.42",
        "allocateHttpResponse.pointer_dereference.43",
        "allocateHttpResponse.pointer_dereference.44",
        "allocateHttpResponse.pointer_dereference.45",
        "allocateHttpResponse.pointer_dereference.46",
        "allocateHttpResponse.pointer_dereference.47",
        "allocateHttpResponse.pointer_dereference.48",
        "allocateHttpResponse.pointer_dereference.49",
        "allocateHttpResponse.pointer_dereference.50",
        "allocateHttpResponse.pointer_dereference.51",
        "allocateHttpResponse.pointer_dereference.52",
        "allocateHttpResponse.pointer_dereference.53",
        "allocateHttpResponse.pointer_dereference.54",
        "allocateHttpResponse.pointer_dereference.55",
        "allocateHttpResponse.pointer_dereference.56",
        "allocateHttpResponse.pointer_dereference.57",
        "allocateHttpResponse.pointer_dereference.58",
        "allocateHttpResponse.pointer_dereference.59",
        "allocateHttpResponse.pointer_dereference.60",
        "allocateHttpResponse.pointer_dereference.61",
        "allocateHttpResponse.pointer_dereference.62",
        "allocateHttpResponse.pointer_dereference.63",
        "allocateHttpResponse.pointer_dereference.64",
        "allocateHttpResponse.pointer_dereference.65",
        "allocateHttpResponse.pointer_dereference.66",
        "findHeaderValueParserCallback.assertion.3",
        "findHeaderValueParserCallback.pointer_dereference.2",
        "findHeaderValueParserCallback_harness.overflow.1",
        "findHeaderValueParserCallback_harness.overflow.2",
        "findHeaderValueParserCallback_harness.overflow.3",
        "findHeaderValueParserCallback_harness.overflow.4",
        "findHeaderValueParserCallback_harness.pointer_arithmetic.1",
        "findHeaderValueParserCallback_harness.pointer_arithmetic.2",
        "findHeaderValueParserCallback_harness.pointer_arithmetic.3",
        "findHeaderValueParserCallback_harness.pointer_arithmetic.4",
        "findHeaderValueParserCallback_harness.pointer_arithmetic.5",
        "findHeaderValueParserCallback_harness.pointer_arithmetic.6",
        "findHeaderValueParserCallback_harness.pointer_arithmetic.7",
        "findHeaderValueParserCallback_harness.pointer_arithmetic.8",
        "findHeaderValueParserCallback_harness.pointer_arithmetic.9",
        "findHeaderValueParserCallback_harness.pointer_arithmetic.10",
        "findHeaderValueParserCallback_harness.pointer_arithmetic.11",
        "findHeaderValueParserCallback_harness.pointer_arithmetic.12",
        "findHeaderValueParserCallback_harness.pointer_dereference.1",
        "findHeaderValueParserCallback_harness.pointer_dereference.2",
        "findHeaderValueParserCallback_harness.pointer_dereference.3",
        "findHeaderValueParserCallback_harness.pointer_dereference.4",
        "findHeaderValueParserCallback_harness.pointer_dereference.5",
        "findHeaderValueParserCallback_harness.pointer_dereference.6",
        "findHeaderValueParserCallback_harness.pointer_dereference.7",
        "findHeaderValueParserCallback_harness.pointer_dereference.8",
        "findHeaderValueParserCallback_harness.pointer_dereference.9",
        "findHeaderValueParserCallback_harness.pointer_dereference.10",
        "findHeaderValueParserCallback_harness.pointer_dereference.11",
        "findHeaderValueParserCallback_harness.pointer_dereference.12",
        "findHeaderValueParserCallback_harness.pointer_dereference.13",
        "findHeaderValueParserCallback_harness.pointer_dereference.14",
        "findHeaderValueParserCallback_harness.pointer_dereference.15",
        "findHeaderValueParserCallback_harness.pointer_dereference.16",
        "findHeaderValueParserCallback_harness.pointer_dereference.17",
        "findHeaderValueParserCallback_harness.pointer_dereference.18",
        "findHeaderValueParserCallback_harness.pointer_dereference.19",
        "findHeaderValueParserCallback_harness.pointer_dereference.20",
        "findHeaderValueParserCallback_harness.pointer_dereference.21",
        "findHeaderValueParserCallback_harness.pointer_dereference.22",
        "findHeaderValueParserCallback_harness.pointer_dereference.23",
        "findHeaderValueParserCallback_harness.pointer_dereference.24",
        "findHeaderValueParserCallback_harness.pointer_dereference.26",
        "findHeaderValueParserCallback_harness.pointer_dereference.30",
        "findHeaderValueParserCallback_harness.pointer_dereference.32",
        "findHeaderValueParserCallback_harness.pointer_dereference.38",
        "findHeaderValueParserCallback_harness.pointer_dereference.44",
        "findHeaderValueParserCallback_harness.pointer_dereference.50",
        "findHeaderValueParserCallback_harness.pointer_dereference.56",
        "findHeaderValueParserCallback_harness.pointer_dereference.62",
        "isValidHttpResponse.pointer_dereference.1",
        "isValidHttpResponse.pointer_dereference.2",
        "isValidHttpResponse.pointer_dereference.3",
        "isValidHttpResponse.pointer_dereference.4",
        "isValidHttpResponse.pointer_dereference.5",
        "isValidHttpResponse.pointer_dereference.6",
        "isValidHttpResponse.pointer_dereference.7",
        "isValidHttpResponse.pointer_dereference.8",
        "isValidHttpResponse.pointer_dereference.9",
        "isValidHttpResponse.pointer_dereference.10",
        "isValidHttpResponse.pointer_dereference.11",
        "isValidHttpResponse.pointer_dereference.12",
        "isValidHttpResponse.pointer_dereference.13",
        "isValidHttpResponse.pointer_dereference.14",
        "isValidHttpResponse.pointer_dereference.15",
        "isValidHttpResponse.pointer_dereference.16",
        "isValidHttpResponse.pointer_dereference.17",
        "isValidHttpResponse.pointer_dereference.18",
        "isValidHttpResponse.pointer_dereference.19",
        "isValidHttpResponse.pointer_dereference.20",
        "isValidHttpResponse.pointer_dereference.21",
        "isValidHttpResponse.pointer_dereference.22",
        "isValidHttpResponse.pointer_dereference.23",
        "isValidHttpResponse.pointer_dereference.24",
        "isValidHttpResponse.pointer_dereference.25",
        "isValidHttpResponse.pointer_dereference.26",
        "isValidHttpResponse.pointer_dereference.27",
        "isValidHttpResponse.pointer_dereference.28",
        "isValidHttpResponse.pointer_dereference.29",
        "isValidHttpResponse.pointer_dereference.30",
        "malloc.assertion.1",
        "malloc.assertion.2"
      ]
    },
    "status": [
      "CBMC version 5.39.3 (cbmc-5.39.3) 64-bit arm64 macos",
      "Reading GOTO program from file",
      "Reading: /Users/mrtuttle/cbmc-viewer/tests/coreHTTP/coreHTTP/test/cbmc/proofs/findHeaderValueParserCallback/gotos/findHeaderValueParserCallback_harness.goto",
      "Generating GOTO Program",
      "Adding CPROVER library (arm64)",
      "Removal of function pointers and virtual functions",
      "Generic Property Instrumentation",
      "Running with 8 object bits, 56 offset bits (user-specified)",
      "Starting Bounded Model Checking",
      "Runtime Symex: 0.0608324s",
      "size of program expression: 994 steps",
      "simple slicing removed 33 assignments",
      "Generated 298 VCC(s), 297 remaining after simplification",
      "Runtime Postprocess Equation: 8.3875e-05s",
      "Passing problem to propositional reduction",
      "converting SSA",
      "Runtime Convert SSA: 0.0353505s",
      "Running propositional reduction",
      "Post-processing",
      "Runtime Post-process: 0.00700904s",
      "Solving with MiniSAT 2.2.1 with simplifier",
      "25621 variables, 71132 clauses",
      "SAT checker: instance is SATISFIABLE",
      "Runtime Solver: 0.0938618s",
      "Runtime decision procedure: 0.129974s",
      "Building error trace",
      "Running propositional reduction",
      "Solving with MiniSAT 2.2.1 with simplifier",
      "25621 variables, 44339 clauses",
      "SAT checker: instance is SATISFIABLE",
      "Runtime Solver: 0.00150104s",
      "Runtime decision procedure: 0.00181633s",
      "Building error trace",
      "Running propositional reduction",
      "Solving with MiniSAT 2.2.1 with simplifier",
      "25621 variables, 44339 clauses",
      "SAT checker: instance is SATISFIABLE",
      "Runtime Solver: 0.00555033s",
      "Runtime decision procedure: 0.00574517s",
      "Building error trace",
      "Running propositional reduction",
      "Solving with MiniSAT 2.2.1 with simplifier",
      "25621 variables, 44339 clauses",
      "SAT checker: instance is SATISFIABLE",
      "Runtime Solver: 0.00134629s",
      "Runtime decision procedure: 0.00162717s",
      "Building error trace",
      "Running propositional reduction",
      "Solving with MiniSAT 2.2.1 with simplifier",
      "25621 variables, 44339 clauses",
      "SAT checker: instance is SATISFIABLE",
      "Runtime Solver: 0.00141396s",
      "Runtime decision procedure: 0.00174958s",
      "Building error trace",
      "Running propositional reduction",
      "Solving with MiniSAT 2.2.1 with simplifier",
      "25621 variables, 44339 clauses",
      "SAT checker: instance is SATISFIABLE",
      "Runtime Solver: 0.00122796s",
      "Runtime decision procedure: 0.00140921s",
      "Building error trace",
      "Running propositional reduction",
      "Solving with MiniSAT 2.2.1 with simplifier",
      "25621 variables, 44339 clauses",
      "SAT checker: instance is SATISFIABLE",
      "Runtime Solver: 0.00246808s",
      "Runtime decision procedure: 0.00308821s",
      "Building error trace",
      "Running propositional reduction",
      "Solving with MiniSAT 2.2.1 with simplifier",
      "25621 variables, 44339 clauses",
      "SAT checker: instance is SATISFIABLE",
      "Runtime Solver: 0.00343258s",
      "Runtime decision procedure: 0.0047365s",
      "Building error trace",
      "Running propositional reduction",
      "Solving with MiniSAT 2.2.1 with simplifier",
      "25621 variables, 44339 clauses",
      "SAT checker: instance is SATISFIABLE",
      "Runtime Solver: 0.00139729s",
      "Runtime decision procedure: 0.00160075s",
      "Building error trace",
      "Running propositional reduction",
      "Solving with MiniSAT 2.2.1 with simplifier",
      "25621 variables, 44339 clauses",
      "SAT checker: instance is SATISFIABLE",
      "Runtime Solver: 0.00146683s",
      "Runtime decision procedure: 0.00169233s",
      "Building error trace",
      "Running propositional reduction",
      "Solving with MiniSAT 2.2.1 with simplifier",
      "25621 variables, 44339 clauses",
      "SAT checker: instance is SATISFIABLE",
      "Runtime Solver: 0.00133121s",
      "Runtime decision procedure: 0.001528s",
      "Building error trace",
      "Running propositional reduction",
      "Solving with MiniSAT 2.2.1 with simplifier",
      "25621 variables, 44339 clauses",
      "SAT checker: instance is SATISFIABLE",
      "Runtime Solver: 0.00235867s",
      "Runtime decision procedure: 0.00288946s",
      "Building error trace",
      "Running propositional reduction",
      "Solving with MiniSAT 2.2.1 with simplifier",
      "25621 variables, 44339 clauses",
      "SAT checker: instance is SATISFIABLE",
      "Runtime Solver: 0.00148083s",
      "Runtime decision procedure: 0.00226779s",
      "Building error trace",
      "Running propositional reduction",
      "Solving with MiniSAT 2.2.1 with simplifier",
      "25621 variables, 44339 clauses",
      "SAT checker: instance is SATISFIABLE",
      "Runtime Solver: 0.00771538s",
      "Runtime decision procedure: 0.00821596s",
      "Building error trace",
      "Running propositional reduction",
      "Solving with MiniSAT 2.2.1 with simplifier",
      "25621 variables, 44339 clauses",
      "SAT checker: instance is SATISFIABLE",
      "Runtime Solver: 0.00222242s",
      "Runtime decision procedure: 0.00245912s",
      "Building error trace",
      "Running propositional reduction",
      "Solving with MiniSAT 2.2.1 with simplifier",
      "25621 variables, 44339 clauses",
      "SAT checker: instance is SATISFIABLE",
      "Runtime Solver: 0.00216529s",
      "Runtime decision procedure: 0.0026485s",
      "Building error trace",
      "Running propositional reduction",
      "Solving with MiniSAT 2.2.1 with simplifier",
      "25621 variables, 44339 clauses",
      "SAT checker: instance is SATISFIABLE",
      "Runtime Solver: 0.00250983s",
      "Runtime decision procedure: 0.00310133s",
      "Building error trace",
      "Running propositional reduction",
      "Solving with MiniSAT 2.2.1 with simplifier",
      "25621 variables, 44339 clauses",
      "SAT checker: instance is SATISFIABLE",
      "Runtime Solver: 0.00139667s",
      "Runtime decision procedure: 0.00157917s",
      "Building error trace",
      "Running propositional reduction",
      "Solving with MiniSAT 2.2.1 with simplifier",
      "25621 variables, 44339 clauses",
      "SAT checker: instance is SATISFIABLE",
      "Runtime Solver: 0.00167787s",
      "Runtime decision procedure: 0.00186608s",
      "Building error trace",
      "Running propositional reduction",
      "Solving with MiniSAT 2.2.1 with simplifier",
      "25621 variables, 44339 clauses",
      "SAT checker: instance is SATISFIABLE",
      "Runtime Solver: 0.00307225s",
      "Runtime decision procedure: 0.00326562s",
      "Building error trace",
      "Running propositional reduction",
      "Solving with MiniSAT 2.2.1 with simplifier",
      "25621 variables, 44339 clauses",
      "SAT checker: instance is SATISFIABLE",
      "Runtime Solver: 0.00181121s",
      "Runtime decision procedure: 0.002005s",
      "Building error trace",
      "Running propositional reduction",
      "Solving with MiniSAT 2.2.1 with simplifier",
      "25621 variables, 44339 clauses",
      "SAT checker: instance is SATISFIABLE",
      "Runtime Solver: 0.00942596s",
      "Runtime decision procedure: 0.00960737s",
      "Building error trace",
      "Running propositional reduction",
      "Solving with MiniSAT 2.2.1 with simplifier",
      "25621 variables, 44334 clauses",
      "SAT checker: instance is SATISFIABLE",
      "Runtime Solver: 0.00242646s",
      "Runtime decision procedure: 0.00261121s",
      "Building error trace",
      "Running propositional reduction",
      "Solving with MiniSAT 2.2.1 with simplifier",
      "25621 variables, 44334 clauses",
      "SAT checker: instance is SATISFIABLE",
      "Runtime Solver: 0.00200004s",
      "Runtime decision procedure: 0.00218075s",
      "Building error trace",
      "Running propositional reduction",
      "Solving with MiniSAT 2.2.1 with simplifier",
      "25621 variables, 44334 clauses",
      "SAT checker: instance is SATISFIABLE",
      "Runtime Solver: 0.002871s",
      "Runtime decision procedure: 0.00304829s",
      "Building error trace",
      "Running propositional reduction",
      "Solving with MiniSAT 2.2.1 with simplifier",
      "25621 variables, 44331 clauses",
      "SAT checker: instance is SATISFIABLE",
      "Runtime Solver: 0.00894004s",
      "Runtime decision procedure: 0.00913142s",
      "Building error trace",
      "Running propositional reduction",
      "Solving with MiniSAT 2.2.1 with simplifier",
      "25621 variables, 44331 clauses",
      "SAT checker: instance is SATISFIABLE",
      "Runtime Solver: 0.0435064s",
      "Runtime decision procedure: 0.043926s",
      "Building error trace",
      "Running propositional reduction",
      "Solving with MiniSAT 2.2.1 with simplifier",
      "25621 variables, 44331 clauses",
      "SAT checker: instance is SATISFIABLE",
      "Runtime Solver: 0.0018265s",
      "Runtime decision procedure: 0.00202692s",
      "Building error trace",
      "Running propositional reduction",
      "Solving with MiniSAT 2.2.1 with simplifier",
      "25621 variables, 44331 clauses",
      "SAT checker: instance is SATISFIABLE",
      "Runtime Solver: 0.00510446s",
      "Runtime decision procedure: 0.00597329s",
      "Building error trace",
      "Running propositional reduction",
      "Solving with MiniSAT 2.2.1 with simplifier",
      "25621 variables, 44331 clauses",
      "SAT checker: instance is SATISFIABLE",
      "Runtime Solver: 0.00172633s",
      "Runtime decision procedure: 0.00252979s",
      "Building error trace",
      "Running propositional reduction",
      "Solving with MiniSAT 2.2.1 with simplifier",
      "25621 variables, 44331 clauses",
      "SAT checker: instance is SATISFIABLE",
      "Runtime Solver: 0.0018985s",
      "Runtime decision procedure: 0.002276s",
      "Building error trace",
      "Running propositional reduction",
      "Solving with MiniSAT 2.2.1 with simplifier",
      "25621 variables, 44331 clauses",
      "SAT checker: instance is SATISFIABLE",
      "Runtime Solver: 0.00735179s",
      "Runtime decision procedure: 0.00872292s",
      "Building error trace",
      "Running propositional reduction",
      "Solving with MiniSAT 2.2.1 with simplifier",
      "25621 variables, 44331 clauses",
      "SAT checker: instance is SATISFIABLE",
      "Runtime Solver: 0.0348165s",
      "Runtime decision procedure: 0.0350035s",
      "Building error trace",
      "Running propositional reduction",
      "Solving with MiniSAT 2.2.1 with simplifier",
      "25621 variables, 44331 clauses",
      "SAT checker: instance is SATISFIABLE",
      "Runtime Solver: 0.0114909s",
      "Runtime decision procedure: 0.012963s",
      "Building error trace",
      "Running propositional reduction",
      "Solving with MiniSAT 2.2.1 with simplifier",
      "25621 variables, 44331 clauses",
      "SAT checker: instance is SATISFIABLE",
      "Runtime Solver: 0.00165825s",
      "Runtime decision procedure: 0.00183533s",
      "Building error trace",
      "Running propositional reduction",
      "Solving with MiniSAT 2.2.1 with simplifier",
      "25621 variables, 44331 clauses",
      "SAT checker: instance is SATISFIABLE",
      "Runtime Solver: 0.00323746s",
      "Runtime decision procedure: 0.00341025s",
      "Building error trace",
      "Running propositional reduction",
      "Solving with MiniSAT 2.2.1 with simplifier",
      "25621 variables, 44331 clauses",
      "SAT checker: instance is SATISFIABLE",
      "Runtime Solver: 0.0206322s",
      "Runtime decision procedure: 0.0209639s",
      "Building error trace",
      "Running propositional reduction",
      "Solving with MiniSAT 2.2.1 with simplifier",
      "25621 variables, 44329 clauses",
      "SAT checker: instance is SATISFIABLE",
      "Runtime Solver: 0.001348s",
      "Runtime decision procedure: 0.00152312s",
      "Building error trace",
      "Running propositional reduction",
      "Solving with MiniSAT 2.2.1 with simplifier",
      "25621 variables, 44329 clauses",
      "SAT checker: instance is SATISFIABLE",
      "Runtime Solver: 0.00453796s",
      "Runtime decision procedure: 0.00471463s",
      "Building error trace",
      "Running propositional reduction",
      "Solving with MiniSAT 2.2.1 with simplifier",
      "25621 variables, 44329 clauses",
      "SAT checker: instance is SATISFIABLE",
      "Runtime Solver: 0.00144342s",
      "Runtime decision procedure: 0.00162567s",
      "Building error trace",
      "Running propositional reduction",
      "Solving with MiniSAT 2.2.1 with simplifier",
      "25621 variables, 44329 clauses",
      "SAT checker: instance is SATISFIABLE",
      "Runtime Solver: 0.00199058s",
      "Runtime decision procedure: 0.00217637s",
      "Building error trace",
      "Running propositional reduction",
      "Solving with MiniSAT 2.2.1 with simplifier",
      "25621 variables, 44329 clauses",
      "SAT checker: instance is SATISFIABLE",
      "Runtime Solver: 0.0111207s",
      "Runtime decision procedure: 0.0113008s",
      "Building error trace",
      "Running propositional reduction",
      "Solving with MiniSAT 2.2.1 with simplifier",
      "25621 variables, 44329 clauses",
      "SAT checker: instance is SATISFIABLE",
      "Runtime Solver: 0.00568875s",
      "Runtime decision procedure: 0.00620142s",
      "Building error trace",
      "Running propositional reduction",
      "Solving with MiniSAT 2.2.1 with simplifier",
      "25621 variables, 44329 clauses",
      "SAT checker: instance is SATISFIABLE",
      "Runtime Solver: 0.00142913s",
      "Runtime decision procedure: 0.00159783s",
      "Building error trace",
      "Running propositional reduction",
      "Solving with MiniSAT 2.2.1 with simplifier",
      "25621 variables, 44329 clauses",
      "SAT checker: instance is SATISFIABLE",
      "Runtime Solver: 0.00148438s",
      "Runtime decision procedure: 0.00167492s",
      "Building error trace",
      "Running propositional reduction",
      "Solving with MiniSAT 2.2.1 with simplifier",
      "25621 variables, 44329 clauses",
      "SAT checker: instance is UNSATISFIABLE",
      "Runtime Solver: 0.0566117s",
      "Runtime decision procedure: 0.0566948s",
      "VERIFICATION FAILED"
    ],
    "warning": []
  }
}