{
  "viewer-reachable": {
    "reachable": {
      "test/cbmc/proofs/httpParserOnHeaderValueCallback/httpParserOnHeaderValueCallback_harness.c": [
        "httpParserOnHeaderValueCallback_harness"
      ],
      "test/cbmc/sources/http_cbmc_state.c": [
        "allocateHttpResponse",
        "allocateHttpSendParser",
        "allocateHttpSendParsingContext",
        "mallocCanFail"
      ]
    }
  }
}