{
  "viewer-coverage": {
    "coverage": {
      "source/core_http_client.c": {
        "httpParserOnHeaderValueCallback": {
          "762": "hit",
          "764": "hit",
          "765": "hit",
          "766": "hit",
          "768": "hit",
          "771": "hit",
          "777": "hit",
          "779": "hit",
          "780": "hit",
          "784": "hit",
          "791": "hit",
          "798": "hit",
          "799": "hit"
        }
      },
      "test/cbmc/proofs/httpParserOnHeaderValueCallback/httpParserOnHeaderValueCallback_harness.c": {
        "httpParserOnHeaderValueCallback_harness": {
          "34": "hit",
          "35": "hit",
          "36": "hit",
          "37": "hit",
          "38": "hit",
          "40": "hit",
          "42": "hit",
          "43": "hit",
          "45": "hit",
          "46": "hit",
          "47": "hit",
          "48": "hit",
          "50": "hit",
          "51": "hit"
        }
      },
      "test/cbmc/sources/http_cbmc_state.c": {
        "allocateHttpResponse": {
          "105": "hit",
          "107": "hit",
          "109": "hit",
          "110": "hit",
          "112": "hit",
          "115": "hit",
          "119": "hit",
          "123": "hit",
          "124": "hit",
          "125": "hit",
          "127": "hit",
          "134": "hit",
          "136": "hit",
          "143": "hit",
          "145": "hit",
          "146": "hit",
          "147": "hit",
          "151": "hit",
          "155": "hit",
          "157": "hit",
          "158": "hit"
        },
        "allocateHttpSendParser": {
          "205": "hit",
          "207": "hit",
          "209": "hit",
          "211": "hit",
          "213": "hit",
          "215": "hit",
          "217": "hit",
          "218": "hit"
        },
        "allocateHttpSendParsingContext": {
          "222": "hit",
          "223": "hit",
          "225": "hit",
          "227": "hit",
          "230": "hit",
          "237": "hit",
          "240": "hit",
          "241": "hit",
          "243": "hit",
          "244": "hit"
        },
        "mallocCanFail": {
          "34": "hit",
          "35": "hit",
          "36": "hit"
        }
      }
    },
    "function_coverage": {
      "source/core_http_client.c": {
        "httpParserOnHeaderValueCallback": {
          "hit": 13,
          "percentage": 1.0,
          "total": 13
        }
      },
      "test/cbmc/proofs/httpParserOnHeaderValueCallback/httpParserOnHeaderValueCallback_harness.c": {
        "httpParserOnHeaderValueCallback_harness": {
          "hit": 14,
          "percentage": 1.0,
          "total": 14
        }
      },
      "test/cbmc/sources/http_cbmc_state.c": {
        "allocateHttpResponse": {
          "hit": 21,
          "percentage": 1.0,
          "total": 21
        },
        "allocateHttpSendParser": {
          "hit": 8,
          "percentage": 1.0,
          "total": 8
        },
        "allocateHttpSendParsingContext": {
          "hit": 10,
          "percentage": 1.0,
          "total": 10
        },
        "mallocCanFail": {
          "hit": 3,
          "percentage": 1.0,
          "total": 3
        }
      }
    },
    "line_coverage": {
      "source/core_http_client.c": {
        "762": "hit",
        "764": "hit",
        "765": "hit",
        "766": "hit",
        "768": "hit",
        "771": "hit",
        "777": "hit",
        "779": "hit",
        "780": "hit",
        "784": "hit",
        "791": "hit",
        "798": "hit",
        "799": "hit"
      },
      "test/cbmc/proofs/httpParserOnHeaderValueCallback/httpParserOnHeaderValueCallback_harness.c": {
        "34": "hit",
        "35": "hit",
        "36": "hit",
        "37": "hit",
        "38": "hit",
        "40": "hit",
        "42": "hit",
        "43": "hit",
        "45": "hit",
        "46": "hit",
        "47": "hit",
        "48": "hit",
        "50": "hit",
        "51": "hit"
      },
      "test/cbmc/sources/http_cbmc_state.c": {
        "34": "hit",
        "35": "hit",
        "36": "hit",
        "105": "hit",
        "107": "hit",
        "109": "hit",
        "110": "hit",
        "112": "hit",
        "115": "hit",
        "119": "hit",
        "123": "hit",
        "124": "hit",
        "125": "hit",
        "127": "hit",
        "134": "hit",
        "136": "hit",
        "143": "hit",
        "145": "hit",
        "146": "hit",
        "147": "hit",
        "151": "hit",
        "155": "hit",
        "157": "hit",
        "158": "hit",
        "205": "hit",
        "207": "hit",
        "209": "hit",
        "211": "hit",
        "213": "hit",
        "215": "hit",
        "217": "hit",
        "218": "hit",
        "222": "hit",
        "223": "hit",
        "225": "hit",
        "227": "hit",
        "230": "hit",
        "237": "hit",
        "240": "hit",
        "241": "hit",
        "243": "hit",
        "244": "hit"
      }
    },
    "overall_coverage": {
      "hit": 69,
      "percentage": 1.0,
      "total": 69
    }
  }
}