
<html>
<head>
<title>test/cbmc/stubs/strncpy.c</title>
<link rel="stylesheet" type="text/css" href="../../../viewer.css">
</head>

<body>
<div class="code">
<div id="1" class="line none">    1 /*</div><div id="2" class="line none">    2  * coreHTTP v2.0.2</div><div id="3" class="line none">    3  * Copyright (C) 2020 Amazon.com, Inc. or its affiliates.  All Rights Reserved.</div><div id="4" class="line none">    4  *</div><div id="5" class="line none">    5  * Permission is hereby granted, free of charge, to any person obtaining a copy of</div><div id="6" class="line none">    6  * this software and associated documentation files (the "Software"), to deal in</div><div id="7" class="line none">    7  * the Software without restriction, including without limitation the rights to</div><div id="8" class="line none">    8  * use, copy, modify, merge, publish, distribute, sublicense, and/or sell copies of</div><div id="9" class="line none">    9  * the Software, and to permit persons to whom the Software is furnished to do so,</div><div id="10" class="line none">   10  * subject to the following conditions:</div><div id="11" class="line none">   11  *</div><div id="12" class="line none">   12  * The above copyright notice and this permission notice shall be included in all</div><div id="13" class="line none">   13  * copies or substantial portions of the Software.</div><div id="14" class="line none">   14  *</div><div id="15" class="line none">   15  * THE SOFTWARE IS PROVIDED "AS IS", WITHOUT WARRANTY OF ANY KIND, EXPRESS OR</div><div id="16" class="line none">   16  * IMPLIED, INCLUDING BUT NOT LIMITED TO THE WARRANTIES OF MERCHANTABILITY, FITNESS</div><div id="17" class="line none">   17  * FOR A PARTICULAR PURPOSE AND NONINFRINGEMENT. IN NO EVENT SHALL THE AUTHORS OR</div><div id="18" class="line none">   18  * COPYRIGHT HOLDERS BE LIABLE FOR ANY CLAIM, DAMAGES OR OTHER LIABILITY, WHETHER</div><div id="19" class="line none">   19  * IN AN ACTION OF CONTRACT, TORT OR OTHERWISE, ARISING FROM, OUT OF OR IN</div><div id="20" class="line none">   20  * CONNECTION WITH THE SOFTWARE OR THE USE OR OTHER DEALINGS IN THE SOFTWARE.</div><div id="21" class="line none">   21  */</div><div id="22" class="line none">   22 </div><div id="23" class="line none">   23 /**</div><div id="24" class="line none">   24  * @file strncpy.c</div><div id="25" class="line none">   25  * @brief Creates a stub for strncpy so that the proofs for HTTPClient_AddHeader,</div><div id="26" class="line none">   26  * HTTPClient_AddRangeHeader, and HTTPClient_InitializeRequestHeaders, run much</div><div id="27" class="line none">   27  * faster. This stub checks if, for the input copy length, the destination and</div><div id="28" class="line none">   28  * source are valid accessible memory.</div><div id="29" class="line none">   29  */</div><div id="30" class="line none">   30 </div><div id="31" class="line none">   31 #include &lt;string.h&gt;</div><div id="32" class="line none">   32 </div><div id="33" class="line none">   33 /* This is a clang macro not available on linux */</div><div id="34" class="line none">   34 #ifndef <a href="strncpy.c.html#35">__has_builtin</a></div><div id="35" class="line none">   35     #define <a href="strncpy.c.html#35">__has_builtin</a>( x )    0</div><div id="36" class="line none">   36 #endif</div><div id="37" class="line none">   37 </div><div id="38" class="line none">   38 #if <a href="strncpy.c.html#35">__has_builtin</a>( <a href="strncpy.c.html#39">__builtin___strncpy_chk</a> )</div><div id="39" class="line none">   39     void * <a href="strncpy.c.html#39">__builtin___strncpy_chk</a>( void * dest,</div><div id="40" class="line none">   40                                     const void * src,</div><div id="41" class="line none">   41                                     size_t n,</div><div id="42" class="line none">   42                                     size_t os )</div><div id="43" class="line none">   43     {</div><div id="44" class="line none">   44         __CPROVER_assert( __CPROVER_w_ok( dest, n ), "write" );</div><div id="45" class="line none">   45         __CPROVER_assert( __CPROVER_r_ok( src, n ), "read" );</div><div id="46" class="line none">   46         return dest;</div><div id="47" class="line none">   47     }</div><div id="48" class="line none">   48 #else</div><div id="49" class="line none">   49     void * <a href="strncpy.c.html#49">strncpy</a>( void * dest,</div><div id="50" class="line none">   50                     const void * src,</div><div id="51" class="line none">   51                     size_t n )</div><div id="52" class="line none">   52     {</div><div id="53" class="line hit">   53         __CPROVER_assert( __CPROVER_w_ok( dest, n ), "write" );</div><div id="54" class="line hit">   54         __CPROVER_assert( __CPROVER_r_ok( src, n ), "read" );</div><div id="55" class="line hit">   55         return dest;</div><div id="56" class="line hit">   56     }</div><div id="57" class="line none">   57 #endif /* if __has_builtin( __builtin___strncpy_chk ) */</div>
</div>
</body>
</html>
