
<html>
<head>
<title>test/cbmc/stubs/HTTPClient_ReadHeader_http_parser_execute.c</title>
<link rel="stylesheet" type="text/css" href="../../../viewer.css">
</head>

<body>
<div class="code">
<div id="1" class="line none">    1 /*</div><div id="2" class="line none">    2  * coreHTTP v2.0.2</div><div id="3" class="line none">    3  * Copyright (C) 2020 Amazon.com, Inc. or its affiliates.  All Rights Reserved.</div><div id="4" class="line none">    4  *</div><div id="5" class="line none">    5  * Permission is hereby granted, free of charge, to any person obtaining a copy of</div><div id="6" class="line none">    6  * this software and associated documentation files (the "Software"), to deal in</div><div id="7" class="line none">    7  * the Software without restriction, including without limitation the rights to</div><div id="8" class="line none">    8  * use, copy, modify, merge, publish, distribute, sublicense, and/or sell copies of</div><div id="9" class="line none">    9  * the Software, and to permit persons to whom the Software is furnished to do so,</div><div id="10" class="line none">   10  * subject to the following conditions:</div><div id="11" class="line none">   11  *</div><div id="12" class="line none">   12  * The above copyright notice and this permission notice shall be included in all</div><div id="13" class="line none">   13  * copies or substantial portions of the Software.</div><div id="14" class="line none">   14  *</div><div id="15" class="line none">   15  * THE SOFTWARE IS PROVIDED "AS IS", WITHOUT WARRANTY OF ANY KIND, EXPRESS OR</div><div id="16" class="line none">   16  * IMPLIED, INCLUDING BUT NOT LIMITED TO THE WARRANTIES OF MERCHANTABILITY, FITNESS</div><div id="17" class="line none">   17  * FOR A PARTICULAR PURPOSE AND NONINFRINGEMENT. IN NO EVENT SHALL THE AUTHORS OR</div><div id="18" class="line none">   18  * COPYRIGHT HOLDERS BE LIABLE FOR ANY CLAIM, DAMAGES OR OTHER LIABILITY, WHETHER</div><div id="19" class="line none">   19  * IN AN ACTION OF CONTRACT, TORT OR OTHERWISE, ARISING FROM, OUT OF OR IN</div><div id="20" class="line none">   20  * CONNECTION WITH THE SOFTWARE OR THE USE OR OTHER DEALINGS IN THE SOFTWARE.</div><div id="21" class="line none">   21  */</div><div id="22" class="line none">   22 </div><div id="23" class="line none">   23 /**</div><div id="24" class="line none">   24  * @file HTTPClient_ReadHeader_http_parser_execute.c</div><div id="25" class="line none">   25  * @brief A stub function for http_parser_execute for coverage of</div><div id="26" class="line none">   26  * #HTTPClient_ReadHeader.</div><div id="27" class="line none">   27  */</div><div id="28" class="line none">   28 </div><div id="29" class="line none">   29 #include &lt;stdbool.h&gt;</div><div id="30" class="line none">   30 #include &lt;stdint.h&gt;</div><div id="31" class="line none">   31 </div><div id="32" class="line none">   32 #include "core_http_client.h"</div><div id="33" class="line none">   33 #include "core_http_client_private.h"</div><div id="34" class="line none">   34 #include "http_parser.h"</div><div id="35" class="line none">   35 </div><div id="36" class="line none">   36 /**</div><div id="37" class="line none">   37  * @brief Attains coverage when a variable needs to possibly contain two values.</div><div id="38" class="line none">   38  */</div><div id="39" class="line none">   39 bool <a href="../include/http_cbmc_state.h.html#47">nondet_bool</a>();</div><div id="40" class="line none">   40 </div><div id="41" class="line none">   41 size_t <a href="HTTPClient_ReadHeader_http_parser_execute.c.html#41">http_parser_execute</a>( <a href="../../../source/dependency/3rdparty/http_parser/http_parser.h.html#68">http_parser</a> * parser,</div><div id="42" class="line none">   42                             const <a href="../../../source/dependency/3rdparty/http_parser/http_parser.h.html#69">http_parser_settings</a> * settings,</div><div id="43" class="line none">   43                             const char * <a href="../../../source/dependency/3rdparty/http_parser/http_parser.h.html#330">data</a>,</div><div id="44" class="line none">   44                             size_t <a href="../../../source/dependency/3rdparty/http_parser/http_parser.h.html#376">len</a> )</div><div id="45" class="line none">   45 {</div><div id="46" class="line hit">   46     char * pValue;</div><div id="47" class="line hit">   47     size_t fieldLength, fieldOffset, valueLength, valueOffset;</div><div id="48" class="line hit">   48     unsigned int <a href="../../../source/dependency/3rdparty/http_parser/http_parser.h.html#287">http_errno</a>;</div><div id="49" class="line hit">   49     <a href="../../../source/include/core_http_client_private.h.html#204">findHeaderContext_t</a> * pParsingContext;</div><div id="50" class="line none">   50 </div><div id="51" class="line hit">   51     __CPROVER_assert( parser != NULL,</div><div id="52" class="line none">   52                       "http_parser_execute parser is NULL" );</div><div id="53" class="line hit">   53     __CPROVER_assert( settings != NULL,</div><div id="54" class="line none">   54                       "http_parser_execute settings is NULL" );</div><div id="55" class="line hit">   55     __CPROVER_assert( <a href="../../../source/dependency/3rdparty/http_parser/http_parser.h.html#330">data</a> != NULL,</div><div id="56" class="line none">   56                       "http_parser_execute data is NULL" );</div><div id="57" class="line hit">   57     __CPROVER_assert( <a href="../../../source/dependency/3rdparty/http_parser/http_parser.h.html#376">len</a> &lt; CBMC_MAX_OBJECT_SIZE,</div><div id="58" class="line none">   58                       "http_parser_execute len &gt;= CBMC_MAX_OBJECT_SIZE" );</div><div id="59" class="line none">   59 </div><div id="60" class="line hit">   60     parser-&gt;<a href="../../../source/dependency/3rdparty/http_parser/http_parser.h.html#287">http_errno</a> = <a href="../../../source/dependency/3rdparty/http_parser/http_parser.h.html#287">http_errno</a>;</div><div id="61" class="line none">   61 </div><div id="62" class="line hit">   62     __CPROVER_assume( fieldLength &lt;= <a href="../../../source/dependency/3rdparty/http_parser/http_parser.h.html#376">len</a> );</div><div id="63" class="line hit">   63     __CPROVER_assume( fieldOffset &lt; fieldLength );</div><div id="64" class="line hit">   64     __CPROVER_assume( valueLength &lt;= <a href="../../../source/dependency/3rdparty/http_parser/http_parser.h.html#376">len</a> );</div><div id="65" class="line hit">   65     __CPROVER_assume( valueOffset &lt; valueLength );</div><div id="66" class="line none">   66 </div><div id="67" class="line hit">   67     pParsingContext = ( <a href="../../../source/include/core_http_client_private.h.html#204">findHeaderContext_t</a> * ) ( parser-&gt;<a href="../../../source/dependency/3rdparty/http_parser/http_parser.h.html#330">data</a> );</div><div id="68" class="line hit">   68     pParsingContext-&gt;<a href="../../../source/include/core_http_client_private.h.html#198">pField</a> = <a href="../../../source/dependency/3rdparty/http_parser/http_parser.h.html#330">data</a> + fieldOffset;</div><div id="69" class="line hit">   69     pParsingContext-&gt;<a href="../../../source/include/core_http_client_private.h.html#199">fieldLen</a> = fieldLength;</div><div id="70" class="line hit">   70     pParsingContext-&gt;<a href="../../../source/include/core_http_client_private.h.html#200">pValueLoc</a> = NULL;</div><div id="71" class="line hit">   71     pParsingContext-&gt;<a href="../../../source/include/core_http_client_private.h.html#201">pValueLen</a> = 0;</div><div id="72" class="line hit">   72     pParsingContext-&gt;<a href="../../../source/include/core_http_client_private.h.html#202">fieldFound</a> = <a href="../include/http_cbmc_state.h.html#47">nondet_bool</a>() ? 0 : 1;</div><div id="73" class="line none">   73 </div><div id="74" class="line hit">   74     if( pParsingContext-&gt;<a href="../../../source/include/core_http_client_private.h.html#202">fieldFound</a> )</div><div id="75" class="line none">   75     {</div><div id="76" class="line hit">   76         pParsingContext-&gt;<a href="../../../source/include/core_http_client_private.h.html#203">valueFound</a> = <a href="../include/http_cbmc_state.h.html#47">nondet_bool</a>() ? 0 : 1;</div><div id="77" class="line hit">   77     }</div><div id="78" class="line none">   78     else</div><div id="79" class="line none">   79     {</div><div id="80" class="line hit">   80         pParsingContext-&gt;<a href="../../../source/include/core_http_client_private.h.html#203">valueFound</a> = 0;</div><div id="81" class="line none">   81     }</div><div id="82" class="line none">   82 </div><div id="83" class="line hit">   83     if( pParsingContext-&gt;<a href="../../../source/include/core_http_client_private.h.html#203">valueFound</a> )</div><div id="84" class="line none">   84     {</div><div id="85" class="line hit">   85         pValue = <a href="../../../source/dependency/3rdparty/http_parser/http_parser.h.html#330">data</a> + valueOffset;</div><div id="86" class="line hit">   86         pParsingContext-&gt;<a href="../../../source/include/core_http_client_private.h.html#201">pValueLen</a> = &amp;valueLength;</div><div id="87" class="line hit">   87         pParsingContext-&gt;<a href="../../../source/include/core_http_client_private.h.html#200">pValueLoc</a> = &amp;pValue;</div><div id="88" class="line none">   88     }</div><div id="89" class="line none">   89 </div><div id="90" class="line hit">   90     return pParsingContext-&gt;<a href="../../../source/include/core_http_client_private.h.html#202">fieldFound</a> ? valueLength : 0;</div><div id="91" class="line hit">   91 }</div>
</div>
</body>
</html>
