{
  "viewer-result": {
    "program": "CBMC version 5.39.3 (cbmc-5.39.3) 64-bit arm64 macos",
    "prover": "failure",
    "results": {
      "false": [
        "allocateHttpResponse.overflow.1",
        "allocateHttpResponse.overflow.2",
        "allocateHttpResponse.pointer_arithmetic.5",
        "allocateHttpResponse.pointer_arithmetic.11",
        "http_parser_execute.assertion.4",
        "mallocCanFail.assertion.1"
      ],
      "true": [
        "allocateHttpResponse.pointer_arithmetic.1",
        "allocateHttpResponse.pointer_arithmetic.2",
        "allocateHttpResponse.pointer_arithmetic.3",
        "allocateHttpResponse.pointer_arithmetic.4",
        "allocateHttpResponse.pointer_arithmetic.6",
        "allocateHttpResponse.pointer_arithmetic.7",
        "allocateHttpResponse.pointer_arithmetic.8",
        "allocateHttpResponse.pointer_arithmetic.9",
        "allocateHttpResponse.pointer_arithmetic.10",
        "allocateHttpResponse.pointer_arithmetic.12",
        "allocateHttpResponse.pointer_dereference.1",
        "allocateHttpResponse.pointer_dereference.2",
        "allocateHttpResponse.pointer_dereference.3",
        "allocateHttpResponse.pointer_dereference.4",
        "allocateHttpResponse.pointer_dereference.5",
        "allocateHttpResponse.pointer_dereference.6",
        "allocateHttpResponse.pointer_dereference.7",
        "allocateHttpResponse.pointer_dereference.8",
        "allocateHttpResponse.pointer_dereference.9",
        "allocateHttpResponse.pointer_dereference.10",
        "allocateHttpResponse.pointer_dereference.11",
        "allocateHttpResponse.pointer_dereference.12",
        "allocateHttpResponse.pointer_dereference.13",
        "allocateHttpResponse.pointer_dereference.14",
        "allocateHttpResponse.pointer_dereference.15",
        "allocateHttpResponse.pointer_dereference.16",
        "allocateHttpResponse.pointer_dereference.17",
        "allocateHttpResponse.pointer_dereference.18",
        "allocateHttpResponse.pointer_dereference.19",
        "allocateHttpResponse.pointer_dereference.20",
        "allocateHttpResponse.pointer_dereference.21",
        "allocateHttpResponse.pointer_dereference.22",
        "allocateHttpResponse.pointer_dereference.23",
        "allocateHttpResponse.pointer_dereference.24",
        "allocateHttpResponse.pointer_dereference.25",
        "allocateHttpResponse.pointer_dereference.26",
        "allocateHttpResponse.pointer_dereference.27",
        "allocateHttpResponse.pointer_dereference.28",
        "allocateHttpResponse.pointer_dereference.29",
        "allocateHttpResponse.pointer_dereference.30",
        "allocateHttpResponse.pointer_dereference.31",
        "allocateHttpResponse.pointer_dereference.32",
        "allocateHttpResponse.pointer_dereference.33",
        "allocateHttpResponse.pointer_dereference.34",
        "allocateHttpResponse.pointer_dereference.35",
        "allocateHttpResponse.pointer_dereference.36",
        "allocateHttpResponse.pointer_dereference.37",
        "allocateHttpResponse.pointer_dereference.38",
        "allocateHttpResponse.pointer_dereference.39",
        "allocateHttpResponse.pointer_dereference.40",
        "allocateHttpResponse.pointer_dereference.41",
        "allocateHttpResponse.pointer_dereference.42",
        "allocateHttpResponse.pointer_dereference.43",
        "allocateHttpResponse.pointer_dereference.44",
        "allocateHttpResponse.pointer_dereference.45",
        "allocateHttpResponse.pointer_dereference.46",
        "allocateHttpResponse.pointer_dereference.47",
        "allocateHttpResponse.pointer_dereference.48",
        "allocateHttpResponse.pointer_dereference.49",
        "allocateHttpResponse.pointer_dereference.50",
        "allocateHttpResponse.pointer_dereference.51",
        "allocateHttpResponse.pointer_dereference.52",
        "allocateHttpResponse.pointer_dereference.53",
        "allocateHttpResponse.pointer_dereference.54",
        "allocateHttpResponse.pointer_dereference.55",
        "allocateHttpResponse.pointer_dereference.56",
        "allocateHttpResponse.pointer_dereference.57",
        "allocateHttpResponse.pointer_dereference.58",
        "allocateHttpResponse.pointer_dereference.59",
        "allocateHttpResponse.pointer_dereference.60",
        "allocateHttpResponse.pointer_dereference.61",
        "allocateHttpResponse.pointer_dereference.62",
        "allocateHttpResponse.pointer_dereference.63",
        "allocateHttpResponse.pointer_dereference.64",
        "allocateHttpResponse.pointer_dereference.65",
        "allocateHttpResponse.pointer_dereference.66",
        "findHeaderInResponse.assertion.1",
        "findHeaderInResponse.assertion.2",
        "http_parser_execute.assertion.1",
        "http_parser_execute.assertion.2",
        "http_parser_execute.assertion.3",
        "http_parser_execute.overflow.1",
        "http_parser_execute.overflow.2",
        "http_parser_execute.pointer_arithmetic.1",
        "http_parser_execute.pointer_arithmetic.2",
        "http_parser_execute.pointer_arithmetic.3",
        "http_parser_execute.pointer_arithmetic.4",
        "http_parser_execute.pointer_arithmetic.5",
        "http_parser_execute.pointer_arithmetic.6",
        "http_parser_execute.pointer_arithmetic.7",
        "http_parser_execute.pointer_arithmetic.8",
        "http_parser_execute.pointer_arithmetic.9",
        "http_parser_execute.pointer_arithmetic.10",
        "http_parser_execute.pointer_arithmetic.11",
        "http_parser_execute.pointer_arithmetic.12",
        "http_parser_execute.pointer_dereference.1",
        "http_parser_execute.pointer_dereference.2",
        "http_parser_execute.pointer_dereference.3",
        "http_parser_execute.pointer_dereference.4",
        "http_parser_execute.pointer_dereference.5",
        "http_parser_execute.pointer_dereference.6",
        "http_parser_execute.pointer_dereference.7",
        "http_parser_execute.pointer_dereference.8",
        "http_parser_execute.pointer_dereference.9",
        "http_parser_execute.pointer_dereference.10",
        "http_parser_execute.pointer_dereference.11",
        "http_parser_execute.pointer_dereference.12",
        "http_parser_execute.pointer_dereference.13",
        "http_parser_execute.pointer_dereference.14",
        "http_parser_execute.pointer_dereference.15",
        "http_parser_execute.pointer_dereference.16",
        "http_parser_execute.pointer_dereference.17",
        "http_parser_execute.pointer_dereference.18",
        "http_parser_execute.pointer_dereference.19",
        "http_parser_execute.pointer_dereference.20",
        "http_parser_execute.pointer_dereference.21",
        "http_parser_execute.pointer_dereference.22",
        "http_parser_execute.pointer_dereference.23",
        "http_parser_execute.pointer_dereference.24",
        "http_parser_execute.pointer_dereference.25",
        "http_parser_execute.pointer_dereference.26",
        "http_parser_execute.pointer_dereference.27",
        "http_parser_execute.pointer_dereference.28",
        "http_parser_execute.pointer_dereference.29",
        "http_parser_execute.pointer_dereference.30",
        "http_parser_execute.pointer_dereference.31",
        "http_parser_execute.pointer_dereference.32",
        "http_parser_execute.pointer_dereference.33",
        "http_parser_execute.pointer_dereference.34",
        "http_parser_execute.pointer_dereference.35",
        "http_parser_execute.pointer_dereference.36",
        "http_parser_execute.pointer_dereference.37",
        "http_parser_execute.pointer_dereference.38",
        "http_parser_execute.pointer_dereference.39",
        "http_parser_execute.pointer_dereference.40",
        "http_parser_execute.pointer_dereference.41",
        "http_parser_execute.pointer_dereference.42",
        "http_parser_execute.pointer_dereference.43",
        "http_parser_execute.pointer_dereference.44",
        "http_parser_execute.pointer_dereference.45",
        "http_parser_execute.pointer_dereference.46",
        "http_parser_execute.pointer_dereference.47",
        "http_parser_execute.pointer_dereference.48",
        "http_parser_execute.pointer_dereference.49",
        "http_parser_execute.pointer_dereference.50",
        "http_parser_execute.pointer_dereference.51",
        "http_parser_execute.pointer_dereference.52",
        "http_parser_execute.pointer_dereference.53",
        "http_parser_execute.pointer_dereference.54",
        "http_parser_execute.pointer_dereference.55",
        "http_parser_execute.pointer_dereference.56",
        "http_parser_execute.pointer_dereference.57",
        "http_parser_execute.pointer_dereference.58",
        "http_parser_execute.pointer_dereference.59",
        "http_parser_execute.pointer_dereference.60",
        "http_parser_execute.pointer_dereference.61",
        "http_parser_execute.pointer_dereference.62",
        "http_parser_execute.pointer_dereference.63",
        "http_parser_execute.pointer_dereference.64",
        "http_parser_execute.pointer_dereference.65",
        "http_parser_execute.pointer_dereference.66",
        "http_parser_execute.pointer_dereference.67",
        "http_parser_execute.pointer_dereference.68",
        "http_parser_execute.pointer_dereference.69",
        "http_parser_execute.pointer_dereference.70",
        "http_parser_execute.pointer_dereference.71",
        "http_parser_execute.pointer_dereference.72",
        "http_parser_execute.pointer_dereference.73",
        "http_parser_execute.pointer_dereference.74",
        "http_parser_execute.pointer_dereference.75",
        "http_parser_execute.pointer_dereference.76",
        "http_parser_execute.pointer_dereference.77",
        "http_parser_execute.pointer_dereference.78",
        "http_parser_execute.pointer_dereference.79",
        "http_parser_execute.pointer_dereference.80",
        "http_parser_execute.pointer_dereference.81",
        "http_parser_execute.pointer_dereference.82",
        "http_parser_execute.pointer_dereference.83",
        "http_parser_execute.pointer_dereference.84",
        "HTTPClient_ReadHeader.pointer_dereference.1",
        "HTTPClient_ReadHeader.pointer_dereference.2",
        "HTTPClient_ReadHeader.pointer_dereference.3",
        "HTTPClient_ReadHeader.pointer_dereference.4",
        "HTTPClient_ReadHeader.pointer_dereference.5",
        "HTTPClient_ReadHeader.pointer_dereference.6",
        "HTTPClient_ReadHeader.pointer_dereference.7",
        "HTTPClient_ReadHeader.pointer_dereference.8",
        "HTTPClient_ReadHeader.pointer_dereference.9",
        "HTTPClient_ReadHeader.pointer_dereference.10",
        "HTTPClient_ReadHeader.pointer_dereference.11",
        "HTTPClient_ReadHeader.pointer_dereference.12",
        "HTTPClient_ReadHeader.pointer_dereference.13",
        "HTTPClient_ReadHeader.pointer_dereference.14",
        "HTTPClient_ReadHeader.pointer_dereference.15",
        "HTTPClient_ReadHeader.pointer_dereference.16",
        "HTTPClient_ReadHeader.pointer_dereference.17",
        "HTTPClient_ReadHeader.pointer_dereference.18",
        "HTTPClient_ReadHeader.pointer_dereference.19",
        "HTTPClient_ReadHeader.pointer_dereference.20",
        "HTTPClient_ReadHeader.pointer_dereference.21",
        "HTTPClient_ReadHeader.pointer_dereference.22",
        "HTTPClient_ReadHeader.pointer_dereference.23",
        "HTTPClient_ReadHeader.pointer_dereference.24",
        "isValidHttpResponse.pointer_dereference.1",
        "isValidHttpResponse.pointer_dereference.2",
        "isValidHttpResponse.pointer_dereference.3",
        "isValidHttpResponse.pointer_dereference.4",
        "isValidHttpResponse.pointer_dereference.5",
        "isValidHttpResponse.pointer_dereference.6",
        "isValidHttpResponse.pointer_dereference.7",
        "isValidHttpResponse.pointer_dereference.8",
        "isValidHttpResponse.pointer_dereference.9",
        "isValidHttpResponse.pointer_dereference.10",
        "isValidHttpResponse.pointer_dereference.11",
        "isValidHttpResponse.pointer_dereference.12",
        "isValidHttpResponse.pointer_dereference.13",
        "isValidHttpResponse.pointer_dereference.14",
        "isValidHttpResponse.pointer_dereference.15",
        "isValidHttpResponse.pointer_dereference.16",
        "isValidHttpResponse.pointer_dereference.17",
        "isValidHttpResponse.pointer_dereference.18",
        "isValidHttpResponse.pointer_dereference.19",
        "isValidHttpResponse.pointer_dereference.20",
        "isValidHttpResponse.pointer_dereference.21",
        "isValidHttpResponse.pointer_dereference.22",
        "isValidHttpResponse.pointer_dereference.23",
        "isValidHttpResponse.pointer_dereference.24",
        "isValidHttpResponse.pointer_dereference.25",
        "isValidHttpResponse.pointer_dereference.26",
        "isValidHttpResponse.pointer_dereference.27",
        "isValidHttpResponse.pointer_dereference.28",
        "isValidHttpResponse.pointer_dereference.29",
        "isValidHttpResponse.pointer_dereference.30",
        "malloc.assertion.1",
        "malloc.assertion.2"
      ]
    },
    "status": [
      "CBMC version 5.39.3 (cbmc-5.39.3) 64-bit arm64 macos",
      "Reading GOTO program from file",
      "Reading: /Users/mrtuttle/cbmc-viewer/tests/coreHTTP/coreHTTP/test/cbmc/proofs/HTTPClient_ReadHeader/gotos/HTTPClient_ReadHeader_harness.goto",
      "Generating GOTO Program",
      "Adding CPROVER library (arm64)",
      "Removal of function pointers and virtual functions",
      "Generic Property Instrumentation",
      "Running with 8 object bits, 56 offset bits (user-specified)",
      "Starting Bounded Model Checking",
      "Runtime Symex: 0.0337794s",
      "size of program expression: 853 steps",
      "simple slicing removed 27 assignments",
      "Generated 242 VCC(s), 154 remaining after simplification",
      "Runtime Postprocess Equation: 4.3375e-05s",
      "Passing problem to propositional reduction",
      "converting SSA",
      "Runtime Convert SSA: 0.0106027s",
      "Running propositional reduction",
      "Post-processing",
      "Runtime Post-process: 0.00412033s",
      "Solving with MiniSAT 2.2.1 with simplifier",
      "14193 variables, 41951 clauses",
      "SAT checker: instance is SATISFIABLE",
      "Runtime Solver: 0.0401237s",
      "Runtime decision procedure: 0.051077s",
      "Building error trace",
      "Running propositional reduction",
      "Solving with MiniSAT 2.2.1 with simplifier",
      "14193 variables, 18876 clauses",
      "SAT checker: instance is SATISFIABLE",
      "Runtime Solver: 0.000557375s",
      "Runtime decision procedure: 0.000662792s",
      "Building error trace",
      "Running propositional reduction",
      "Solving with MiniSAT 2.2.1 with simplifier",
      "14193 variables, 18873 clauses",
      "SAT checker: instance is SATISFIABLE",
      "Runtime Solver: 0.000742375s",
      "Runtime decision procedure: 0.000857541s",
      "Building error trace",
      "Running propositional reduction",
      "Solving with MiniSAT 2.2.1 with simplifier",
      "14193 variables, 18873 clauses",
      "SAT checker: instance is SATISFIABLE",
      "Runtime Solver: 0.0314717s",
      "Runtime decision procedure: 0.0315784s",
      "Building error trace",
      "Running propositional reduction",
      "Solving with MiniSAT 2.2.1 with simplifier",
      "14193 variables, 18870 clauses",
      "SAT checker: instance is UNSATISFIABLE",
      "Runtime Solver: 0.00385575s",
      "Runtime decision procedure: 0.00391221s",
      "VERIFICATION FAILED"
    ],
    "warning": []
  }
}