{
  "viewer-coverage": {
    "coverage": {
      "source/core_http_client.c": {
        "HTTPClient_ReadHeader": {
          "2502": "hit",
          "2504": "hit",
          "2507": "hit",
          "2509": "hit",
          "2512": "hit",
          "2514": "hit",
          "2518": "hit",
          "2520": "hit",
          "2523": "hit",
          "2525": "hit",
          "2529": "hit",
          "2531": "hit",
          "2534": "hit",
          "2536": "hit",
          "2539": "hit",
          "2546": "hit",
          "2548": "hit",
          "2549": "hit",
          "2550": "hit",
          "2551": "hit",
          "2552": "hit",
          "2553": "hit",
          "2556": "hit",
          "2557": "hit"
        },
        "findHeaderInResponse": {
          "2387": "hit",
          "2388": "hit",
          "2389": "hit",
          "2390": "hit",
          "2391": "hit",
          "2393": "hit",
          "2394": "hit",
          "2395": "hit",
          "2396": "hit",
          "2397": "hit",
          "2398": "hit",
          "2401": "hit",
          "2403": "hit",
          "2406": "hit",
          "2411": "hit",
          "2412": "hit",
          "2413": "hit",
          "2414": "hit",
          "2417": "hit",
          "2418": "hit",
          "2419": "hit",
          "2420": "hit",
          "2425": "hit",
          "2428": "hit",
          "2435": "hit",
          "2437": "hit",
          "2447": "hit",
          "2452": "hit",
          "2460": "hit",
          "2466": "hit",
          "2472": "hit",
          "2478": "hit",
          "2484": "hit",
          "2491": "hit",
          "2492": "hit"
        }
      },
      "test/cbmc/proofs/HTTPClient_ReadHeader/HTTPClient_ReadHeader_harness.c": {
        "HTTPClient_ReadHeader_harness": {
          "34": "hit",
          "35": "hit",
          "36": "hit",
          "37": "hit",
          "38": "hit",
          "41": "hit",
          "42": "hit",
          "45": "hit",
          "46": "hit",
          "49": "hit",
          "50": "hit",
          "52": "hit",
          "53": "hit",
          "54": "hit",
          "55": "hit",
          "56": "hit",
          "57": "hit"
        }
      },
      "test/cbmc/sources/http_cbmc_state.c": {
        "allocateHttpResponse": {
          "105": "hit",
          "107": "hit",
          "109": "hit",
          "110": "hit",
          "112": "hit",
          "115": "hit",
          "119": "hit",
          "123": "hit",
          "124": "hit",
          "125": "hit",
          "127": "hit",
          "134": "hit",
          "136": "hit",
          "143": "hit",
          "145": "hit",
          "146": "hit",
          "147": "hit",
          "151": "hit",
          "155": "hit",
          "157": "hit",
          "158": "hit"
        },
        "isValidHttpResponse": {
          "162": "hit",
          "164": "hit",
          "166": "both",
          "167": "hit",
          "168": "hit",
          "169": "hit",
          "170": "hit",
          "172": "hit",
          "173": "hit"
        },
        "mallocCanFail": {
          "34": "hit",
          "35": "hit",
          "36": "hit"
        }
      },
      "test/cbmc/stubs/HTTPClient_ReadHeader_http_parser_execute.c": {
        "http_parser_execute": {
          "46": "hit",
          "47": "hit",
          "48": "hit",
          "49": "hit",
          "51": "hit",
          "53": "hit",
          "55": "hit",
          "57": "hit",
          "60": "hit",
          "62": "hit",
          "63": "hit",
          "64": "hit",
          "65": "hit",
          "67": "hit",
          "68": "hit",
          "69": "hit",
          "70": "hit",
          "71": "hit",
          "72": "hit",
          "74": "hit",
          "76": "hit",
          "77": "hit",
          "80": "hit",
          "83": "hit",
          "85": "hit",
          "86": "hit",
          "87": "hit",
          "90": "hit",
          "91": "hit"
        }
      }
    },
    "function_coverage": {
      "source/core_http_client.c": {
        "HTTPClient_ReadHeader": {
          "hit": 24,
          "percentage": 1.0,
          "total": 24
        },
        "findHeaderInResponse": {
          "hit": 35,
          "percentage": 1.0,
          "total": 35
        }
      },
      "test/cbmc/proofs/HTTPClient_ReadHeader/HTTPClient_ReadHeader_harness.c": {
        "HTTPClient_ReadHeader_harness": {
          "hit": 17,
          "percentage": 1.0,
          "total": 17
        }
      },
      "test/cbmc/sources/http_cbmc_state.c": {
        "allocateHttpResponse": {
          "hit": 21,
          "percentage": 1.0,
          "total": 21
        },
        "isValidHttpResponse": {
          "hit": 9,
          "percentage": 1.0,
          "total": 9
        },
        "mallocCanFail": {
          "hit": 3,
          "percentage": 1.0,
          "total": 3
        }
      },
      "test/cbmc/stubs/HTTPClient_ReadHeader_http_parser_execute.c": {
        "http_parser_execute": {
          "hit": 29,
          "percentage": 1.0,
          "total": 29
        }
      }
    },
    "line_coverage": {
      "source/core_http_client.c": {
        "2387": "hit",
        "2388": "hit",
        "2389": "hit",
        "2390": "hit",
        "2391": "hit",
        "2393": "hit",
        "2394": "hit",
        "2395": "hit",
        "2396": "hit",
        "2397": "hit",
        "2398": "hit",
        "2401": "hit",
        "2403": "hit",
        "2406": "hit",
        "2411": "hit",
        "2412": "hit",
        "2413": "hit",
        "2414": "hit",
        "2417": "hit",
        "2418": "hit",
        "2419": "hit",
        "2420": "hit",
        "2425": "hit",
        "2428": "hit",
        "2435": "hit",
        "2437": "hit",
        "2447": "hit",
        "2452": "hit",
        "2460": "hit",
        "2466": "hit",
        "2472": "hit",
        "2478": "hit",
        "2484": "hit",
        "2491": "hit",
        "2492": "hit",
        "2502": "hit",
        "2504": "hit",
        "2507": "hit",
        "2509": "hit",
        "2512": "hit",
        "2514": "hit",
        "2518": "hit",
        "2520": "hit",
        "2523": "hit",
        "2525": "hit",
        "2529": "hit",
        "2531": "hit",
        "2534": "hit",
        "2536": "hit",
        "2539": "hit",
        "2546": "hit",
        "2548": "hit",
        "2549": "hit",
        "2550": "hit",
        "2551": "hit",
        "2552": "hit",
        "2553": "hit",
        "2556": "hit",
        "2557": "hit"
      },
      "test/cbmc/proofs/HTTPClient_ReadHeader/HTTPClient_ReadHeader_harness.c": {
        "34": "hit",
        "35": "hit",
        "36": "hit",
        "37": "hit",
        "38": "hit",
        "41": "hit",
        "42": "hit",
        "45": "hit",
        "46": "hit",
        "49": "hit",
        "50": "hit",
        "52": "hit",
        "53": "hit",
        "54": "hit",
        "55": "hit",
        "56": "hit",
        "57": "hit"
      },
      "test/cbmc/sources/http_cbmc_state.c": {
        "34": "hit",
        "35": "hit",
        "36": "hit",
        "105": "hit",
        "107": "hit",
        "109": "hit",
        "110": "hit",
        "112": "hit",
        "115": "hit",
        "119": "hit",
        "123": "hit",
        "124": "hit",
        "125": "hit",
        "127": "hit",
        "134": "hit",
        "136": "hit",
        "143": "hit",
        "145": "hit",
        "146": "hit",
        "147": "hit",
        "151": "hit",
        "155": "hit",
        "157": "hit",
        "158": "hit",
        "162": "hit",
        "164": "hit",
        "166": "both",
        "167": "hit",
        "168": "hit",
        "169": "hit",
        "170": "hit",
        "172": "hit",
        "173": "hit"
      },
      "test/cbmc/stubs/HTTPClient_ReadHeader_http_parser_execute.c": {
        "46": "hit",
        "47": "hit",
        "48": "hit",
        "49": "hit",
        "51": "hit",
        "53": "hit",
        "55": "hit",
        "57": "hit",
        "60": "hit",
        "62": "hit",
        "63": "hit",
        "64": "hit",
        "65": "hit",
        "67": "hit",
        "68": "hit",
        "69": "hit",
        "70": "hit",
        "71": "hit",
        "72": "hit",
        "74": "hit",
        "76": "hit",
        "77": "hit",
        "80": "hit",
        "83": "hit",
        "85": "hit",
        "86": "hit",
        "87": "hit",
        "90": "hit",
        "91": "hit"
      }
    },
    "overall_coverage": {
      "hit": 138,
      "percentage": 1.0,
      "total": 138
    }
  }
}