
<html>
<head>
<title>source/include/core_http_client_private.h</title>
<link rel="stylesheet" type="text/css" href="../../viewer.css">
</head>

<body>
<div class="code">
<div id="1" class="line none">    1 /*</div><div id="2" class="line none">    2  * coreHTTP v2.0.2</div><div id="3" class="line none">    3  * Copyright (C) 2020 Amazon.com, Inc. or its affiliates.  All Rights Reserved.</div><div id="4" class="line none">    4  *</div><div id="5" class="line none">    5  * Permission is hereby granted, free of charge, to any person obtaining a copy of</div><div id="6" class="line none">    6  * this software and associated documentation files (the "Software"), to deal in</div><div id="7" class="line none">    7  * the Software without restriction, including without limitation the rights to</div><div id="8" class="line none">    8  * use, copy, modify, merge, publish, distribute, sublicense, and/or sell copies of</div><div id="9" class="line none">    9  * the Software, and to permit persons to whom the Software is furnished to do so,</div><div id="10" class="line none">   10  * subject to the following conditions:</div><div id="11" class="line none">   11  *</div><div id="12" class="line none">   12  * The above copyright notice and this permission notice shall be included in all</div><div id="13" class="line none">   13  * copies or substantial portions of the Software.</div><div id="14" class="line none">   14  *</div><div id="15" class="line none">   15  * THE SOFTWARE IS PROVIDED "AS IS", WITHOUT WARRANTY OF ANY KIND, EXPRESS OR</div><div id="16" class="line none">   16  * IMPLIED, INCLUDING BUT NOT LIMITED TO THE WARRANTIES OF MERCHANTABILITY, FITNESS</div><div id="17" class="line none">   17  * FOR A PARTICULAR PURPOSE AND NONINFRINGEMENT. IN NO EVENT SHALL THE AUTHORS OR</div><div id="18" class="line none">   18  * COPYRIGHT HOLDERS BE LIABLE FOR ANY CLAIM, DAMAGES OR OTHER LIABILITY, WHETHER</div><div id="19" class="line none">   19  * IN AN ACTION OF CONTRACT, TORT OR OTHERWISE, ARISING FROM, OUT OF OR IN</div><div id="20" class="line none">   20  * CONNECTION WITH THE SOFTWARE OR THE USE OR OTHER DEALINGS IN THE SOFTWARE.</div><div id="21" class="line none">   21  */</div><div id="22" class="line none">   22 </div><div id="23" class="line none">   23 /**</div><div id="24" class="line none">   24  * @file core_http_client_private.h</div><div id="25" class="line none">   25  * @brief Internal definitions to the HTTP Client library.</div><div id="26" class="line none">   26  */</div><div id="27" class="line none">   27 </div><div id="28" class="line none">   28 #ifndef <a href="core_http_client_private.h.html#29">CORE_HTTP_CLIENT_PRIVATE_H_</a></div><div id="29" class="line none">   29 #define <a href="core_http_client_private.h.html#29">CORE_HTTP_CLIENT_PRIVATE_H_</a></div><div id="30" class="line none">   30 </div><div id="31" class="line none">   31 /* Third-party http-parser include. */</div><div id="32" class="line none">   32 #include "http_parser.h"</div><div id="33" class="line none">   33 </div><div id="34" class="line none">   34 /* *INDENT-OFF* */</div><div id="35" class="line none">   35 #ifdef __cplusplus</div><div id="36" class="line none">   36     extern "C" {</div><div id="37" class="line none">   37 #endif</div><div id="38" class="line none">   38 /* *INDENT-ON* */</div><div id="39" class="line none">   39 </div><div id="40" class="line none">   40 /**</div><div id="41" class="line none">   41  * @brief The HTTP protocol version of this library is HTTP/1.1.</div><div id="42" class="line none">   42  */</div><div id="43" class="line none">   43 #define <a href="core_http_client_private.h.html#43">HTTP_PROTOCOL_VERSION</a>              "HTTP/1.1"</div><div id="44" class="line none">   44 #define <a href="core_http_client_private.h.html#44">HTTP_PROTOCOL_VERSION_LEN</a>          ( sizeof( <a href="core_http_client_private.h.html#43">HTTP_PROTOCOL_VERSION</a> ) - 1U ) /**&lt; The length of #HTTP_PROTOCOL_VERSION. */</div><div id="45" class="line none">   45 </div><div id="46" class="line none">   46 /**</div><div id="47" class="line none">   47  * @brief Default value when pRequestInfo-&gt;pPath == NULL.</div><div id="48" class="line none">   48  */</div><div id="49" class="line none">   49 #define <a href="core_http_client_private.h.html#49">HTTP_EMPTY_PATH</a>                    "/"</div><div id="50" class="line none">   50 #define <a href="core_http_client_private.h.html#50">HTTP_EMPTY_PATH_LEN</a>                ( sizeof( <a href="core_http_client_private.h.html#49">HTTP_EMPTY_PATH</a> ) - 1U ) /**&lt; The length of #HTTP_EMPTY_PATH. */</div><div id="51" class="line none">   51 </div><div id="52" class="line none">   52 /* Constants for HTTP header formatting. */</div><div id="53" class="line none">   53 #define <a href="core_http_client_private.h.html#53">HTTP_HEADER_LINE_SEPARATOR</a>         "\r\n"                                         /**&lt; HTTP header field lines are separated by `\r\n`. */</div><div id="54" class="line none">   54 #define <a href="core_http_client_private.h.html#54">HTTP_HEADER_LINE_SEPARATOR_LEN</a>     ( sizeof( <a href="core_http_client_private.h.html#53">HTTP_HEADER_LINE_SEPARATOR</a> ) - 1U )  /**&lt; The length of #HTTP_HEADER_LINE_SEPARATOR. */</div><div id="55" class="line none">   55 #define <a href="core_http_client_private.h.html#55">HTTP_HEADER_END_INDICATOR</a>          "\r\n\r\n"                                     /**&lt; The HTTP header is complete when `\r\n\r\n` is found. */</div><div id="56" class="line none">   56 #define <a href="core_http_client_private.h.html#56">HTTP_HEADER_END_INDICATOR_LEN</a>      ( sizeof( <a href="core_http_client_private.h.html#55">HTTP_HEADER_END_INDICATOR</a> ) - 1U )   /**&lt; The length of #HTTP_HEADER_END_INDICATOR. */</div><div id="57" class="line none">   57 #define <a href="core_http_client_private.h.html#57">HTTP_HEADER_FIELD_SEPARATOR</a>        ": "                                           /**&lt; HTTP header field and values are separated by ": ". */</div><div id="58" class="line none">   58 #define <a href="core_http_client_private.h.html#58">HTTP_HEADER_FIELD_SEPARATOR_LEN</a>    ( sizeof( <a href="core_http_client_private.h.html#57">HTTP_HEADER_FIELD_SEPARATOR</a> ) - 1U ) /**&lt; The length of #HTTP_HEADER_FIELD_SEPARATOR. */</div><div id="59" class="line none">   59 #define <a href="core_http_client_private.h.html#59">SPACE_CHARACTER</a>                    ' '                                            /**&lt; A space character macro to help with serializing a request. */</div><div id="60" class="line none">   60 #define <a href="core_http_client_private.h.html#60">SPACE_CHARACTER_LEN</a>                ( 1U )                                         /**&lt; The length of #SPACE_CHARACTER. */</div><div id="61" class="line none">   61 #define <a href="core_http_client_private.h.html#61">DASH_CHARACTER</a>                     '-'                                            /**&lt; A dash character macro to help with serializing a request. */</div><div id="62" class="line none">   62 #define <a href="core_http_client_private.h.html#62">DASH_CHARACTER_LEN</a>                 ( 1U )                                         /**&lt; The length of #DASH_CHARACTER. */</div><div id="63" class="line none">   63 </div><div id="64" class="line none">   64 /* Constants for HTTP header copy checks. */</div><div id="65" class="line none">   65 #define <a href="core_http_client_private.h.html#65">CARRIAGE_RETURN_CHARACTER</a>          '\r' /**&lt; A carriage return character to help with header validation. */</div><div id="66" class="line none">   66 #define <a href="core_http_client_private.h.html#66">LINEFEED_CHARACTER</a>                 '\n' /**&lt; A linefeed character to help with header validation. */</div><div id="67" class="line none">   67 #define <a href="core_http_client_private.h.html#67">COLON_CHARACTER</a>                    ':'  /**&lt; A colon character to help with header validation. */</div><div id="68" class="line none">   68 </div><div id="69" class="line none">   69 /**</div><div id="70" class="line none">   70  * @brief Indicator for function #httpHeaderStrncpy that the pSrc parameter is a</div><div id="71" class="line none">   71  * header value.</div><div id="72" class="line none">   72  */</div><div id="73" class="line none">   73 #define <a href="core_http_client_private.h.html#73">HTTP_HEADER_STRNCPY_IS_VALUE</a>       0U</div><div id="74" class="line none">   74 </div><div id="75" class="line none">   75 /**</div><div id="76" class="line none">   76  * @brief Indicator for function #httpHeaderStrncpy that the pSrc parameter is a</div><div id="77" class="line none">   77  * header field.</div><div id="78" class="line none">   78  */</div><div id="79" class="line none">   79 #define <a href="core_http_client_private.h.html#79">HTTP_HEADER_STRNCPY_IS_FIELD</a>       1U</div><div id="80" class="line none">   80 </div><div id="81" class="line none">   81 /* Constants for header fields added automatically during the request</div><div id="82" class="line none">   82  * initialization. */</div><div id="83" class="line none">   83 #define <a href="core_http_client_private.h.html#83">HTTP_USER_AGENT_FIELD</a>              "User-Agent"                             /**&lt; HTTP header field "User-Agent". */</div><div id="84" class="line none">   84 #define <a href="core_http_client_private.h.html#84">HTTP_USER_AGENT_FIELD_LEN</a>          ( sizeof( <a href="core_http_client_private.h.html#83">HTTP_USER_AGENT_FIELD</a> ) - 1U ) /**&lt; The length of #HTTP_USER_AGENT_FIELD. */</div><div id="85" class="line none">   85 #define <a href="core_http_client_private.h.html#85">HTTP_HOST_FIELD</a>                    "Host"                                   /**&lt; HTTP header field "Host". */</div><div id="86" class="line none">   86 #define <a href="core_http_client_private.h.html#86">HTTP_HOST_FIELD_LEN</a>                ( sizeof( <a href="core_http_client_private.h.html#85">HTTP_HOST_FIELD</a> ) - 1U )       /**&lt; The length of #HTTP_HOST_FIELD. */</div><div id="87" class="line none">   87 #define <a href="core_http_client_private.h.html#87">HTTP_USER_AGENT_VALUE_LEN</a>          ( sizeof( HTTP_USER_AGENT_VALUE ) - 1U ) /**&lt; The length of #HTTP_USER_AGENT_VALUE. */</div><div id="88" class="line none">   88 </div><div id="89" class="line none">   89 /* Constants for header fields added based on flags. */</div><div id="90" class="line none">   90 #define <a href="core_http_client_private.h.html#90">HTTP_CONNECTION_FIELD</a>              "Connection"                                 /**&lt; HTTP header field "Connection". */</div><div id="91" class="line none">   91 #define <a href="core_http_client_private.h.html#91">HTTP_CONNECTION_FIELD_LEN</a>          ( sizeof( <a href="core_http_client_private.h.html#90">HTTP_CONNECTION_FIELD</a> ) - 1U )     /**&lt; The length of #HTTP_CONNECTION_FIELD. */</div><div id="92" class="line none">   92 #define <a href="core_http_client_private.h.html#92">HTTP_CONTENT_LENGTH_FIELD</a>          "Content-Length"                             /**&lt; HTTP header field "Content-Length". */</div><div id="93" class="line none">   93 #define <a href="core_http_client_private.h.html#93">HTTP_CONTENT_LENGTH_FIELD_LEN</a>      ( sizeof( <a href="core_http_client_private.h.html#92">HTTP_CONTENT_LENGTH_FIELD</a> ) - 1U ) /**&lt; The length of #HTTP_CONTENT_LENGTH_FIELD. */</div><div id="94" class="line none">   94 </div><div id="95" class="line none">   95 /* Constants for header values added based on flags. */</div><div id="96" class="line none">   96 </div><div id="97" class="line none">   97 /* MISRA Rule 5.4 flags the following macro's name as ambiguous from the</div><div id="98" class="line none">   98  * one postfixed with _LEN. This rule is suppressed for naming consistency with</div><div id="99" class="line none">   99  * other HTTP header field and value string and length macros in this file.*/</div><div id="100" class="line none">  100 /* coverity[other_declaration] */</div><div id="101" class="line none">  101 #define <a href="core_http_client_private.h.html#101">HTTP_CONNECTION_KEEP_ALIVE_VALUE</a>    "keep-alive" /**&lt; HTTP header value "keep-alive" for the "Connection" header field. */</div><div id="102" class="line none">  102 </div><div id="103" class="line none">  103 /* MISRA Rule 5.4 flags the following macro's name as ambiguous from the one</div><div id="104" class="line none">  104  * above it. This rule is suppressed for naming consistency with other HTTP</div><div id="105" class="line none">  105  * header field and value string and length macros in this file.*/</div><div id="106" class="line none">  106 /* coverity[misra_c_2012_rule_5_4_violation] */</div><div id="107" class="line none">  107 #define <a href="core_http_client_private.h.html#107">HTTP_CONNECTION_KEEP_ALIVE_VALUE_LEN</a>    ( sizeof( <a href="core_http_client_private.h.html#101">HTTP_CONNECTION_KEEP_ALIVE_VALUE</a> ) - 1U ) /**&lt; The length of #HTTP_CONNECTION_KEEP_ALIVE_VALUE. */</div><div id="108" class="line none">  108 </div><div id="109" class="line none">  109 /* Constants relating to Range Requests. */</div><div id="110" class="line none">  110 </div><div id="111" class="line none">  111 /* MISRA Rule 5.4 flags the following macro's name as ambiguous from the</div><div id="112" class="line none">  112  * one postfixed with _LEN. This rule is suppressed for naming consistency with</div><div id="113" class="line none">  113  * other HTTP header field and value string and length macros in this file.*/</div><div id="114" class="line none">  114 /* coverity[other_declaration] */</div><div id="115" class="line none">  115 #define <a href="core_http_client_private.h.html#115">HTTP_RANGE_REQUEST_HEADER_FIELD</a>    "Range" /**&lt; HTTP header field "Range". */</div><div id="116" class="line none">  116 </div><div id="117" class="line none">  117 /* MISRA Rule 5.4 flags the following macro's name as ambiguous from the one</div><div id="118" class="line none">  118  * above it. This rule is suppressed for naming consistency with other HTTP</div><div id="119" class="line none">  119  * header field and value string and length macros in this file.*/</div><div id="120" class="line none">  120 /* coverity[misra_c_2012_rule_5_4_violation] */</div><div id="121" class="line none">  121 #define <a href="core_http_client_private.h.html#121">HTTP_RANGE_REQUEST_HEADER_FIELD_LEN</a>    ( sizeof( <a href="core_http_client_private.h.html#115">HTTP_RANGE_REQUEST_HEADER_FIELD</a> ) - 1U ) /**&lt; The length of #HTTP_RANGE_REQUEST_HEADER_FIELD. */</div><div id="122" class="line none">  122 </div><div id="123" class="line none">  123 /* MISRA Rule 5.4 flags the following macro's name as ambiguous from the</div><div id="124" class="line none">  124  * one postfixed with _LEN. This rule is suppressed for naming consistency with</div><div id="125" class="line none">  125  * other HTTP header field and value string and length macros in this file.*/</div><div id="126" class="line none">  126 /* coverity[other_declaration] */</div><div id="127" class="line none">  127 #define <a href="core_http_client_private.h.html#127">HTTP_RANGE_REQUEST_HEADER_VALUE_PREFIX</a>    "bytes=" /**&lt; HTTP required header value prefix when specifying a byte range for partial content. */</div><div id="128" class="line none">  128 </div><div id="129" class="line none">  129 /* MISRA Rule 5.4 flags the following macro's name as ambiguous from the one</div><div id="130" class="line none">  130  * above it. This rule is suppressed for naming consistency with other HTTP</div><div id="131" class="line none">  131  * header field and value string and length macros in this file.*/</div><div id="132" class="line none">  132 /* coverity[misra_c_2012_rule_5_4_violation] */</div><div id="133" class="line none">  133 #define <a href="core_http_client_private.h.html#133">HTTP_RANGE_REQUEST_HEADER_VALUE_PREFIX_LEN</a>    ( sizeof( <a href="core_http_client_private.h.html#127">HTTP_RANGE_REQUEST_HEADER_VALUE_PREFIX</a> ) - 1U ) /**&lt; The length of #HTTP_RANGE_REQUEST_HEADER_VALUE_PREFIX. */</div><div id="134" class="line none">  134 </div><div id="135" class="line none">  135 /**</div><div id="136" class="line none">  136  * @brief Maximum value of a 32 bit signed integer is 2,147,483,647.</div><div id="137" class="line none">  137  *</div><div id="138" class="line none">  138  * Used for calculating buffer space for ASCII representation of range values.</div><div id="139" class="line none">  139  */</div><div id="140" class="line none">  140 #define <a href="core_http_client_private.h.html#140">MAX_INT32_NO_OF_DECIMAL_DIGITS</a>                10U</div><div id="141" class="line none">  141 </div><div id="142" class="line none">  142 /**</div><div id="143" class="line none">  143  * @brief Maximum buffer space for storing a Range Request Value.</div><div id="144" class="line none">  144  *</div><div id="145" class="line none">  145  * The largest Range Request value is of the form:</div><div id="146" class="line none">  146  * "bytes=&lt;Max-Integer-Value&gt;-&lt;Max-Integer-Value&gt;"</div><div id="147" class="line none">  147  */</div><div id="148" class="line none">  148 #define <a href="core_http_client_private.h.html#148">HTTP_MAX_RANGE_REQUEST_VALUE_LEN</a>                                            \</div><div id="149" class="line none">  149     ( <a href="core_http_client_private.h.html#133">HTTP_RANGE_REQUEST_HEADER_VALUE_PREFIX_LEN</a> + <a href="core_http_client_private.h.html#140">MAX_INT32_NO_OF_DECIMAL_DIGITS</a> + \</div><div id="150" class="line none">  150       1U /* Dash character '-' */ + <a href="core_http_client_private.h.html#140">MAX_INT32_NO_OF_DECIMAL_DIGITS</a> )</div><div id="151" class="line none">  151 </div><div id="152" class="line none">  152 /**</div><div id="153" class="line none">  153  * @brief Return value for the http-parser registered callback to signal halting</div><div id="154" class="line none">  154  * further execution.</div><div id="155" class="line none">  155  */</div><div id="156" class="line none">  156 #define <a href="core_http_client_private.h.html#156">HTTP_PARSER_STOP_PARSING</a>            1</div><div id="157" class="line none">  157 </div><div id="158" class="line none">  158 /**</div><div id="159" class="line none">  159  * @brief Return value for http_parser registered callback to signal</div><div id="160" class="line none">  160  * continuation of HTTP response parsing.</div><div id="161" class="line none">  161  */</div><div id="162" class="line none">  162 #define <a href="core_http_client_private.h.html#162">HTTP_PARSER_CONTINUE_PARSING</a>        0</div><div id="163" class="line none">  163 </div><div id="164" class="line none">  164 /**</div><div id="165" class="line none">  165  * @brief The minimum request-line in the headers has a possible one character</div><div id="166" class="line none">  166  * custom method and a single forward / or asterisk * for the path:</div><div id="167" class="line none">  167  *</div><div id="168" class="line none">  168  * @code</div><div id="169" class="line none">  169  * &lt;1 character custom method&gt; &lt;1 character / or *&gt; HTTP/1.x\r\n\r\n</div><div id="170" class="line none">  170  * @endcode</div><div id="171" class="line none">  171  *</div><div id="172" class="line none">  172  * Therefore the minimum length is 16. If this minimum request-line is not</div><div id="173" class="line none">  173  * satisfied, then the request headers to send are invalid.</div><div id="174" class="line none">  174  *</div><div id="175" class="line none">  175  * Note that custom methods are allowed per:</div><div id="176" class="line none">  176  * https://tools.ietf.org/html/rfc2616#section-5.1.1.</div><div id="177" class="line none">  177  */</div><div id="178" class="line none">  178 #define <a href="core_http_client_private.h.html#178">HTTP_MINIMUM_REQUEST_LINE_LENGTH</a>    16u</div><div id="179" class="line none">  179 </div><div id="180" class="line none">  180 /**</div><div id="181" class="line none">  181  * @brief The state of the response message parsed after function</div><div id="182" class="line none">  182  * #parseHttpResponse returns.</div><div id="183" class="line none">  183  */</div><div id="184" class="line none">  184 typedef enum <a href="core_http_client_private.h.html#189">HTTPParsingState_t</a></div><div id="185" class="line none">  185 {</div><div id="186" class="line none">  186     <a href="core_http_client_private.h.html#186">HTTP_PARSING_NONE</a> = 0,   /**&lt; The parser has not started reading any response. */</div><div id="187" class="line none">  187     <a href="core_http_client_private.h.html#187">HTTP_PARSING_INCOMPLETE</a>, /**&lt; The parser found a partial reponse. */</div><div id="188" class="line none">  188     <a href="core_http_client_private.h.html#188">HTTP_PARSING_COMPLETE</a>    /**&lt; The parser found the entire response. */</div><div id="189" class="line none">  189 } <a href="core_http_client_private.h.html#189">HTTPParsingState_t</a>;</div><div id="190" class="line none">  190 </div><div id="191" class="line none">  191 /**</div><div id="192" class="line none">  192  * @brief An aggregator that represents the user-provided parameters to the</div><div id="193" class="line none">  193  * #HTTPClient_ReadHeader API function. This will be used as context parameter</div><div id="194" class="line none">  194  * for the parsing callbacks used by the API function.</div><div id="195" class="line none">  195  */</div><div id="196" class="line none">  196 typedef struct <a href="core_http_client_private.h.html#196">findHeaderContext</a></div><div id="197" class="line none">  197 {</div><div id="198" class="line none">  198     const char * <a href="core_http_client_private.h.html#198">pField</a>;     /**&lt; The field that is being searched for. */</div><div id="199" class="line none">  199     size_t <a href="core_http_client_private.h.html#199">fieldLen</a>;         /**&lt; The length of pField. */</div><div id="200" class="line none">  200     const char ** <a href="core_http_client_private.h.html#200">pValueLoc</a>; /**&lt; The location of the value found in the buffer. */</div><div id="201" class="line none">  201     size_t * <a href="core_http_client_private.h.html#201">pValueLen</a>;      /**&lt; the length of the value found. */</div><div id="202" class="line none">  202     <a href="../dependency/3rdparty/http_parser/http_parser.h.html#37">uint8_t</a> <a href="core_http_client_private.h.html#202">fieldFound</a>;      /**&lt; Indicates that the header field was found during parsing. */</div><div id="203" class="line none">  203     <a href="../dependency/3rdparty/http_parser/http_parser.h.html#37">uint8_t</a> <a href="core_http_client_private.h.html#203">valueFound</a>;      /**&lt; Indicates that the header value was found during parsing. */</div><div id="204" class="line none">  204 } <a href="core_http_client_private.h.html#204">findHeaderContext_t</a>;</div><div id="205" class="line none">  205 </div><div id="206" class="line none">  206 /**</div><div id="207" class="line none">  207  * @brief The HTTP response parsing context for a response fresh from the</div><div id="208" class="line none">  208  * server. This context is passed into the http-parser registered callbacks.</div><div id="209" class="line none">  209  * The registered callbacks are private functions of the form</div><div id="210" class="line none">  210  * httpParserXXXXCallbacks().</div><div id="211" class="line none">  211  *</div><div id="212" class="line none">  212  * The transitions of the httpParserXXXXCallback() functions are shown below.</div><div id="213" class="line none">  213  * The  XXXX is replaced by the strings in the state boxes:</div><div id="214" class="line none">  214  *</div><div id="215" class="line none">  215  * +---------------------+</div><div id="216" class="line none">  216  * |onMessageBegin       |</div><div id="217" class="line none">  217  * +--------+------------+</div><div id="218" class="line none">  218  *          |</div><div id="219" class="line none">  219  *          |</div><div id="220" class="line none">  220  *          |</div><div id="221" class="line none">  221  *          v</div><div id="222" class="line none">  222  * +--------+------------+</div><div id="223" class="line none">  223  * |onStatus             |</div><div id="224" class="line none">  224  * +--------+------------+</div><div id="225" class="line none">  225  *          |</div><div id="226" class="line none">  226  *          |</div><div id="227" class="line none">  227  *          |</div><div id="228" class="line none">  228  *          v</div><div id="229" class="line none">  229  * +--------+------------+</div><div id="230" class="line none">  230  * |onHeaderField        +&lt;---+</div><div id="231" class="line none">  231  * +--------+------------+    |</div><div id="232" class="line none">  232  *          |                 |</div><div id="233" class="line none">  233  *          |                 |(More headers)</div><div id="234" class="line none">  234  *          |                 |</div><div id="235" class="line none">  235  *          v                 |</div><div id="236" class="line none">  236  * +--------+------------+    |</div><div id="237" class="line none">  237  * |onHeaderValue        +----^</div><div id="238" class="line none">  238  * +--------+------------+</div><div id="239" class="line none">  239  *          |</div><div id="240" class="line none">  240  *          |</div><div id="241" class="line none">  241  *          |</div><div id="242" class="line none">  242  *          v</div><div id="243" class="line none">  243  * +--------+------------+</div><div id="244" class="line none">  244  * |onHeadersComplete    |</div><div id="245" class="line none">  245  * +---------------------+</div><div id="246" class="line none">  246  *          |</div><div id="247" class="line none">  247  *          |</div><div id="248" class="line none">  248  *          |</div><div id="249" class="line none">  249  *          v</div><div id="250" class="line none">  250  * +--------+------------+</div><div id="251" class="line none">  251  * |onBody               +&lt;---+</div><div id="252" class="line none">  252  * +--------+--------+---+    |</div><div id="253" class="line none">  253  *          |        |        |(Transfer-encoding chunked body)</div><div id="254" class="line none">  254  *          |        |        |</div><div id="255" class="line none">  255  *          |        +--------+</div><div id="256" class="line none">  256  *          |</div><div id="257" class="line none">  257  *          v</div><div id="258" class="line none">  258  * +--------+------------+</div><div id="259" class="line none">  259  * |onMessageComplete    |</div><div id="260" class="line none">  260  * +---------------------+</div><div id="261" class="line none">  261  */</div><div id="262" class="line none">  262 typedef struct <a href="core_http_client_private.h.html#262">HTTPParsingContext</a></div><div id="263" class="line none">  263 {</div><div id="264" class="line none">  264     <a href="../dependency/3rdparty/http_parser/http_parser.h.html#68">http_parser</a> <a href="core_http_client_private.h.html#264">httpParser</a>;        /**&lt; Third-party http-parser context. */</div><div id="265" class="line none">  265     <a href="core_http_client_private.h.html#189">HTTPParsingState_t</a> <a href="core_http_client_private.h.html#265">state</a>;      /**&lt; The current state of the HTTP response parsed. */</div><div id="266" class="line none">  266     <a href="core_http_client.h.html#534">HTTPResponse_t</a> * <a href="core_http_client_private.h.html#266">pResponse</a>;    /**&lt; HTTP response associated with this parsing context. */</div><div id="267" class="line none">  267     <a href="../dependency/3rdparty/http_parser/http_parser.h.html#37">uint8_t</a> <a href="core_http_client_private.h.html#267">isHeadResponse</a>;        /**&lt; HTTP response is for a HEAD request. */</div><div id="268" class="line none">  268 </div><div id="269" class="line none">  269     const char * <a href="core_http_client_private.h.html#269">pBufferCur</a>;       /**&lt; The current location of the parser in the response buffer. */</div><div id="270" class="line none">  270     const char * <a href="core_http_client_private.h.html#270">pLastHeaderField</a>; /**&lt; Holds the last part of the header field parsed. */</div><div id="271" class="line none">  271     size_t <a href="core_http_client_private.h.html#271">lastHeaderFieldLen</a>;     /**&lt; The length of the last header field parsed. */</div><div id="272" class="line none">  272     const char * <a href="core_http_client_private.h.html#272">pLastHeaderValue</a>; /**&lt; Holds the last part of the header value parsed. */</div><div id="273" class="line none">  273     size_t <a href="core_http_client_private.h.html#273">lastHeaderValueLen</a>;     /**&lt; The length of the last value field parsed. */</div><div id="274" class="line none">  274 } <a href="core_http_client_private.h.html#274">HTTPParsingContext_t</a>;</div><div id="275" class="line none">  275 </div><div id="276" class="line none">  276 /* *INDENT-OFF* */</div><div id="277" class="line none">  277 #ifdef __cplusplus</div><div id="278" class="line none">  278     }</div><div id="279" class="line none">  279 #endif</div><div id="280" class="line none">  280 /* *INDENT-ON* */</div><div id="281" class="line none">  281 </div><div id="282" class="line none">  282 #endif /* ifndef CORE_HTTP_CLIENT_PRIVATE_H_ */</div>
</div>
</body>
</html>
