{
  "viewer-reachable": {
    "reachable": {
      "source/core_http_client.c": [
        "processCompleteHeader"
      ],
      "test/cbmc/proofs/httpParserOnHeadersCompleteCallback/httpParserOnHeadersCompleteCallback_harness.c": [
        "httpParserOnHeadersCompleteCallback_harness"
      ],
      "test/cbmc/sources/http_cbmc_state.c": [
        "allocateHttpResponse",
        "allocateHttpSendParser",
        "allocateHttpSendParsingContext",
        "mallocCanFail"
      ],
      "test/cbmc/stubs/callback_stubs.c": [
        "onHeaderCallbackStub"
      ]
    }
  }
}