

<html>
  <head>
    <title>CBMC</title>
    <link rel="stylesheet" type="text/css" href="/viewer.css">
  </head>

  <body>
    <h1>CBMC report</h1>

    <div class="coverage">
      <h2>Coverage</h2>

      
      <p>
        Coverage: 0.90 (reached 409 of 454 reachable lines)
      </p>

      
      <table class="coverage">
        <tr>
          <th class="coverage">Coverage</th>
          <th class="function">Function</th>
          <th class="file">File</th>
        </tr>
        
        <tr>
          <td class="coverage">1.00 (15/15)</td>
          <td class="function"><a href="./source/core_http_client.c.html#1859">addContentLengthHeader</a></td>
          <td class="file"><a href="./source/core_http_client.c.html">source/core_http_client.c</a></td>
        </tr>
        
        <tr>
          <td class="coverage">1.00 (42/42)</td>
          <td class="function"><a href="./source/core_http_client.c.html#1325">addHeader</a></td>
          <td class="file"><a href="./source/core_http_client.c.html">source/core_http_client.c</a></td>
        </tr>
        
        <tr>
          <td class="coverage">1.00 (2/2)</td>
          <td class="function"><a href="./source/core_http_client.c.html#566">getZeroTimestampMs</a></td>
          <td class="file"><a href="./source/core_http_client.c.html">source/core_http_client.c</a></td>
        </tr>
        
        <tr>
          <td class="coverage">1.00 (28/28)</td>
          <td class="function"><a href="./source/core_http_client.c.html#2154">HTTPClient_Send</a></td>
          <td class="file"><a href="./source/core_http_client.c.html">source/core_http_client.c</a></td>
        </tr>
        
        <tr>
          <td class="coverage">1.00 (12/12)</td>
          <td class="function"><a href="./source/core_http_client.c.html#989">initializeParsingContextForFirstResponse</a></td>
          <td class="file"><a href="./source/core_http_client.c.html">source/core_http_client.c</a></td>
        </tr>
        
        <tr>
          <td class="coverage">1.00 (46/46)</td>
          <td class="function"><a href="./source/core_http_client.c.html#1997">receiveAndParseHttpResponse</a></td>
          <td class="file"><a href="./source/core_http_client.c.html">source/core_http_client.c</a></td>
        </tr>
        
        <tr>
          <td class="coverage">1.00 (7/7)</td>
          <td class="function"><a href="./source/core_http_client.c.html#1929">sendHttpBody</a></td>
          <td class="file"><a href="./source/core_http_client.c.html">source/core_http_client.c</a></td>
        </tr>
        
        <tr>
          <td class="coverage">1.00 (30/30)</td>
          <td class="function"><a href="./source/core_http_client.c.html#1779">sendHttpData</a></td>
          <td class="file"><a href="./source/core_http_client.c.html">source/core_http_client.c</a></td>
        </tr>
        
        <tr>
          <td class="coverage">1.00 (16/16)</td>
          <td class="function"><a href="./source/core_http_client.c.html#1891">sendHttpHeaders</a></td>
          <td class="file"><a href="./source/core_http_client.c.html">source/core_http_client.c</a></td>
        </tr>
        
        <tr>
          <td class="coverage">1.00 (18/18)</td>
          <td class="function"><a href="./source/core_http_client.c.html#2111">sendHttpRequest</a></td>
          <td class="file"><a href="./source/core_http_client.c.html">source/core_http_client.c</a></td>
        </tr>
        
        <tr>
          <td class="coverage">1.00 (27/27)</td>
          <td class="function"><a href="./test/cbmc/proofs/HTTPClient_Send/HTTPClient_Send_harness.c.html#33">HTTPClient_Send_harness</a></td>
          <td class="file"><a href="./test/cbmc/proofs/HTTPClient_Send/HTTPClient_Send_harness.c.html">test/cbmc/proofs/HTTPClient_Send/HTTPClient_Send_harness.c</a></td>
        </tr>
        
        <tr>
          <td class="coverage">1.00 (8/8)</td>
          <td class="function"><a href="./test/cbmc/sources/http_cbmc_state.c.html#38">allocateHttpRequestHeaders</a></td>
          <td class="file"><a href="./test/cbmc/sources/http_cbmc_state.c.html">test/cbmc/sources/http_cbmc_state.c</a></td>
        </tr>
        
        <tr>
          <td class="coverage">1.00 (21/21)</td>
          <td class="function"><a href="./test/cbmc/sources/http_cbmc_state.c.html#103">allocateHttpResponse</a></td>
          <td class="file"><a href="./test/cbmc/sources/http_cbmc_state.c.html">test/cbmc/sources/http_cbmc_state.c</a></td>
        </tr>
        
        <tr>
          <td class="coverage">1.00 (8/8)</td>
          <td class="function"><a href="./test/cbmc/sources/http_cbmc_state.c.html#175">allocateTransportInterface</a></td>
          <td class="file"><a href="./test/cbmc/sources/http_cbmc_state.c.html">test/cbmc/sources/http_cbmc_state.c</a></td>
        </tr>
        
        <tr>
          <td class="coverage">1.00 (7/7)</td>
          <td class="function"><a href="./test/cbmc/sources/http_cbmc_state.c.html#54">isValidHttpRequestHeaders</a></td>
          <td class="file"><a href="./test/cbmc/sources/http_cbmc_state.c.html">test/cbmc/sources/http_cbmc_state.c</a></td>
        </tr>
        
        <tr>
          <td class="coverage">1.00 (9/9)</td>
          <td class="function"><a href="./test/cbmc/sources/http_cbmc_state.c.html#160">isValidHttpResponse</a></td>
          <td class="file"><a href="./test/cbmc/sources/http_cbmc_state.c.html">test/cbmc/sources/http_cbmc_state.c</a></td>
        </tr>
        
        <tr>
          <td class="coverage">1.00 (3/3)</td>
          <td class="function"><a href="./test/cbmc/sources/http_cbmc_state.c.html#32">mallocCanFail</a></td>
          <td class="file"><a href="./test/cbmc/sources/http_cbmc_state.c.html">test/cbmc/sources/http_cbmc_state.c</a></td>
        </tr>
        
        <tr>
          <td class="coverage">1.00 (2/2)</td>
          <td class="function"><a href="./test/cbmc/stubs/get_time_stub.c.html#31">GetCurrentTimeStub</a></td>
          <td class="file"><a href="./test/cbmc/stubs/get_time_stub.c.html">test/cbmc/stubs/get_time_stub.c</a></td>
        </tr>
        
        <tr>
          <td class="coverage">1.00 (4/4)</td>
          <td class="function"><a href="./test/cbmc/stubs/strncpy.c.html#49">strncpy</a></td>
          <td class="file"><a href="./test/cbmc/stubs/strncpy.c.html">test/cbmc/stubs/strncpy.c</a></td>
        </tr>
        
        <tr>
          <td class="coverage">1.00 (6/6)</td>
          <td class="function"><a href="./test/cbmc/stubs/transport_interface_stubs.c.html#71">TransportInterfaceReceiveStub</a></td>
          <td class="file"><a href="./test/cbmc/stubs/transport_interface_stubs.c.html">test/cbmc/stubs/transport_interface_stubs.c</a></td>
        </tr>
        
        <tr>
          <td class="coverage">1.00 (10/10)</td>
          <td class="function"><a href="./test/cbmc/stubs/transport_interface_stubs.c.html#25">TransportInterfaceSendStub</a></td>
          <td class="file"><a href="./test/cbmc/stubs/transport_interface_stubs.c.html">test/cbmc/stubs/transport_interface_stubs.c</a></td>
        </tr>
        
        <tr>
          <td class="coverage">0.97 (35/36)</td>
          <td class="function"><a href="./source/core_http_client.c.html#1136">parseHttpResponse</a></td>
          <td class="file"><a href="./source/core_http_client.c.html">source/core_http_client.c</a></td>
        </tr>
        
        <tr>
          <td class="coverage">0.87 (20/23)</td>
          <td class="function"><a href="./test/cbmc/stubs/HTTPClient_Send_http_parser_execute.c.html#41">http_parser_execute</a></td>
          <td class="file"><a href="./test/cbmc/stubs/HTTPClient_Send_http_parser_execute.c.html">test/cbmc/stubs/HTTPClient_Send_http_parser_execute.c</a></td>
        </tr>
        
        <tr>
          <td class="coverage">0.86 (19/22)</td>
          <td class="function"><a href="./source/core_http_client.c.html#1223">convertInt32ToAscii</a></td>
          <td class="file"><a href="./source/core_http_client.c.html">source/core_http_client.c</a></td>
        </tr>
        
        <tr>
          <td class="coverage">0.64 (7/11)</td>
          <td class="function"><a href="./source/core_http_client.c.html#1950">getFinalResponseStatus</a></td>
          <td class="file"><a href="./source/core_http_client.c.html">source/core_http_client.c</a></td>
        </tr>
        
        <tr>
          <td class="coverage">0.17 (7/41)</td>
          <td class="function"><a href="./source/core_http_client.c.html#1022">processHttpParserError</a></td>
          <td class="file"><a href="./source/core_http_client.c.html">source/core_http_client.c</a></td>
        </tr>
        
      </table>
    </div>

    <div class="warnings">
      <h2> Warnings</h2>
      

      

      

      

      
      None
      

    <div class="errors">
      <h2>Errors</h2>
      

      

      

      
      <ul>
        
        <li> File <a href="./test/cbmc/sources/http_cbmc_state.c.html">test/cbmc/sources/http_cbmc_state.c</a>
          <ul>
            
            
            <li>
              Function <a href="./test/cbmc/sources/http_cbmc_state.c.html#103">allocateHttpResponse</a>
              <ul>
                
                <li>
                  Line <a href="./test/cbmc/sources/http_cbmc_state.c.html#124">124</a>
                  <ul>
                    
                    <li>
                      [<a href="./traces/allocateHttpResponse.overflow.1.html">trace</a>]
                      arithmetic overflow on unsigned to signed type conversion in (signed long int)headerOffset
                    </li>
                    
                    <li>
                      [<a href="./traces/allocateHttpResponse.pointer_arithmetic.5.html">trace</a>]
                      pointer arithmetic: pointer outside object bounds in pResponse->pBuffer + (signed long int)headerOffset
                    </li>
                     
                  </ul>
                </li>
                
                <li>
                  Line <a href="./test/cbmc/sources/http_cbmc_state.c.html#146">146</a>
                  <ul>
                    
                    <li>
                      [<a href="./traces/allocateHttpResponse.overflow.2.html">trace</a>]
                      arithmetic overflow on unsigned to signed type conversion in (signed long int)bodyOffset
                    </li>
                    
                    <li>
                      [<a href="./traces/allocateHttpResponse.pointer_arithmetic.11.html">trace</a>]
                      pointer arithmetic: pointer outside object bounds in pResponse->pBuffer + (signed long int)bodyOffset
                    </li>
                     
                  </ul>
                </li>
                 
              </ul>
            </li>
            
            
            <li>
              Function <a href="./test/cbmc/sources/http_cbmc_state.c.html#32">mallocCanFail</a>
              <ul>
                
                <li>
                  Line <a href="./test/cbmc/sources/http_cbmc_state.c.html#34">34</a>
                  <ul>
                    
                    <li>
                      [<a href="./traces/mallocCanFail.assertion.1.html">trace</a>]
                      mallocCanFail size is too big
                    </li>
                     
                  </ul>
                </li>
                 
              </ul>
            </li>
             
          </ul>
        </li>
         
      </ul>
      

      

    </div>
  </body>
</html>
