{
  "viewer-reachable": {
    "reachable": {
      "test/cbmc/proofs/findHeaderOnHeaderCompleteCallback/findHeaderOnHeaderCompleteCallback_harness.c": [
        "findHeaderOnHeaderCompleteCallback_harness"
      ],
      "test/cbmc/sources/http_cbmc_state.c": [
        "allocateFindHeaderContext",
        "allocateHttpReadHeaderParser"
      ]
    }
  }
}