{
  "viewer-coverage": {
    "coverage": {
      "source/core_http_client.c": {
        "httpParserOnBodyCallback": {
          "897": "hit",
          "898": "hit",
          "899": "hit",
          "900": "hit",
          "902": "hit",
          "903": "hit",
          "904": "hit",
          "906": "hit",
          "907": "hit",
          "909": "hit",
          "910": "hit",
          "911": "hit",
          "912": "hit",
          "916": "hit",
          "923": "hit",
          "924": "hit",
          "936": "hit",
          "948": "hit",
          "952": "hit",
          "956": "hit",
          "959": "hit",
          "965": "hit",
          "966": "hit"
        }
      },
      "test/cbmc/proofs/httpParserOnBodyCallback/httpParserOnBodyCallback_harness.c": {
        "httpParserOnBodyCallback_harness": {
          "34": "hit",
          "35": "hit",
          "36": "hit",
          "37": "hit",
          "38": "hit",
          "40": "hit",
          "42": "hit",
          "44": "hit",
          "45": "hit",
          "46": "hit",
          "48": "hit",
          "51": "hit",
          "52": "hit"
        }
      },
      "test/cbmc/sources/http_cbmc_state.c": {
        "allocateHttpResponse": {
          "105": "hit",
          "107": "hit",
          "109": "hit",
          "110": "hit",
          "112": "hit",
          "115": "hit",
          "119": "hit",
          "123": "hit",
          "124": "hit",
          "125": "hit",
          "127": "hit",
          "134": "hit",
          "136": "hit",
          "143": "hit",
          "145": "hit",
          "146": "hit",
          "147": "hit",
          "151": "hit",
          "155": "hit",
          "157": "hit",
          "158": "hit"
        },
        "allocateHttpSendParser": {
          "205": "hit",
          "207": "hit",
          "209": "hit",
          "211": "hit",
          "213": "hit",
          "215": "hit",
          "217": "hit",
          "218": "hit"
        },
        "allocateHttpSendParsingContext": {
          "222": "hit",
          "223": "hit",
          "225": "hit",
          "227": "hit",
          "230": "hit",
          "237": "hit",
          "240": "hit",
          "241": "hit",
          "243": "hit",
          "244": "hit"
        },
        "mallocCanFail": {
          "34": "hit",
          "35": "hit",
          "36": "hit"
        }
      },
      "test/cbmc/stubs/memmove.c": {
        "__builtin___memmove_chk": {
          "42": "hit",
          "43": "hit",
          "44": "hit",
          "45": "hit"
        }
      }
    },
    "function_coverage": {
      "source/core_http_client.c": {
        "httpParserOnBodyCallback": {
          "hit": 23,
          "percentage": 1.0,
          "total": 23
        }
      },
      "test/cbmc/proofs/httpParserOnBodyCallback/httpParserOnBodyCallback_harness.c": {
        "httpParserOnBodyCallback_harness": {
          "hit": 13,
          "percentage": 1.0,
          "total": 13
        }
      },
      "test/cbmc/sources/http_cbmc_state.c": {
        "allocateHttpResponse": {
          "hit": 21,
          "percentage": 1.0,
          "total": 21
        },
        "allocateHttpSendParser": {
          "hit": 8,
          "percentage": 1.0,
          "total": 8
        },
        "allocateHttpSendParsingContext": {
          "hit": 10,
          "percentage": 1.0,
          "total": 10
        },
        "mallocCanFail": {
          "hit": 3,
          "percentage": 1.0,
          "total": 3
        }
      },
      "test/cbmc/stubs/memmove.c": {
        "__builtin___memmove_chk": {
          "hit": 4,
          "percentage": 1.0,
          "total": 4
        }
      }
    },
    "line_coverage": {
      "source/core_http_client.c": {
        "897": "hit",
        "898": "hit",
        "899": "hit",
        "900": "hit",
        "902": "hit",
        "903": "hit",
        "904": "hit",
        "906": "hit",
        "907": "hit",
        "909": "hit",
        "910": "hit",
        "911": "hit",
        "912": "hit",
        "916": "hit",
        "923": "hit",
        "924": "hit",
        "936": "hit",
        "948": "hit",
        "952": "hit",
        "956": "hit",
        "959": "hit",
        "965": "hit",
        "966": "hit"
      },
      "test/cbmc/proofs/httpParserOnBodyCallback/httpParserOnBodyCallback_harness.c": {
        "34": "hit",
        "35": "hit",
        "36": "hit",
        "37": "hit",
        "38": "hit",
        "40": "hit",
        "42": "hit",
        "44": "hit",
        "45": "hit",
        "46": "hit",
        "48": "hit",
        "51": "hit",
        "52": "hit"
      },
      "test/cbmc/sources/http_cbmc_state.c": {
        "34": "hit",
        "35": "hit",
        "36": "hit",
        "105": "hit",
        "107": "hit",
        "109": "hit",
        "110": "hit",
        "112": "hit",
        "115": "hit",
        "119": "hit",
        "123": "hit",
        "124": "hit",
        "125": "hit",
        "127": "hit",
        "134": "hit",
        "136": "hit",
        "143": "hit",
        "145": "hit",
        "146": "hit",
        "147": "hit",
        "151": "hit",
        "155": "hit",
        "157": "hit",
        "158": "hit",
        "205": "hit",
        "207": "hit",
        "209": "hit",
        "211": "hit",
        "213": "hit",
        "215": "hit",
        "217": "hit",
        "218": "hit",
        "222": "hit",
        "223": "hit",
        "225": "hit",
        "227": "hit",
        "230": "hit",
        "237": "hit",
        "240": "hit",
        "241": "hit",
        "243": "hit",
        "244": "hit"
      },
      "test/cbmc/stubs/memmove.c": {
        "42": "hit",
        "43": "hit",
        "44": "hit",
        "45": "hit"
      }
    },
    "overall_coverage": {
      "hit": 82,
      "percentage": 1.0,
      "total": 82
    }
  }
}