{
  "viewer-result": {
    "program": "CBMC version 5.39.3 (cbmc-5.39.3) 64-bit arm64 macos",
    "prover": "failure",
    "results": {
      "false": [
        "__builtin___memmove_chk.assertion.1",
        "__builtin___memmove_chk.assertion.2",
        "__builtin___memmove_chk.overflow.2",
        "__builtin___memmove_chk.overflow.4",
        "__builtin___memmove_chk.pointer_primitives.1",
        "__builtin___memmove_chk.pointer_primitives.4",
        "__builtin___memmove_chk.pointer_primitives.8",
        "__builtin___memmove_chk.pointer_primitives.12",
        "__builtin___memmove_chk.pointer_primitives.16",
        "__builtin___memmove_chk.pointer_primitives.20",
        "__builtin___memmove_chk.pointer_primitives.24",
        "__builtin___memmove_chk.pointer_primitives.28",
        "__builtin___memmove_chk.pointer_primitives.29",
        "__builtin___memmove_chk.pointer_primitives.32",
        "__builtin___memmove_chk.pointer_primitives.36",
        "__builtin___memmove_chk.pointer_primitives.40",
        "__builtin___memmove_chk.pointer_primitives.44",
        "__builtin___memmove_chk.pointer_primitives.48",
        "__builtin___memmove_chk.pointer_primitives.52",
        "__builtin___memmove_chk.pointer_primitives.56",
        "allocateHttpResponse.overflow.1",
        "allocateHttpResponse.overflow.2",
        "allocateHttpResponse.pointer_arithmetic.5",
        "allocateHttpResponse.pointer_arithmetic.11",
        "allocateHttpSendParser.pointer_dereference.1",
        "allocateHttpSendParser.pointer_dereference.3",
        "allocateHttpSendParser.pointer_dereference.4",
        "allocateHttpSendParser.pointer_dereference.5",
        "allocateHttpSendParser.pointer_dereference.6",
        "allocateHttpSendParsingContext.overflow.1",
        "allocateHttpSendParsingContext.pointer_arithmetic.1",
        "allocateHttpSendParsingContext.pointer_arithmetic.2",
        "allocateHttpSendParsingContext.pointer_arithmetic.3",
        "allocateHttpSendParsingContext.pointer_arithmetic.4",
        "allocateHttpSendParsingContext.pointer_arithmetic.5",
        "allocateHttpSendParsingContext.pointer_arithmetic.6",
        "allocateHttpSendParsingContext.pointer_dereference.1",
        "allocateHttpSendParsingContext.pointer_dereference.3",
        "allocateHttpSendParsingContext.pointer_dereference.4",
        "allocateHttpSendParsingContext.pointer_dereference.5",
        "allocateHttpSendParsingContext.pointer_dereference.6",
        "allocateHttpSendParsingContext.pointer_dereference.7",
        "allocateHttpSendParsingContext.pointer_dereference.9",
        "allocateHttpSendParsingContext.pointer_dereference.10",
        "allocateHttpSendParsingContext.pointer_dereference.11",
        "allocateHttpSendParsingContext.pointer_dereference.12",
        "allocateHttpSendParsingContext.pointer_dereference.13",
        "allocateHttpSendParsingContext.pointer_dereference.15",
        "allocateHttpSendParsingContext.pointer_dereference.16",
        "allocateHttpSendParsingContext.pointer_dereference.17",
        "httpParserOnBodyCallback.assertion.1",
        "httpParserOnBodyCallback.assertion.2",
        "httpParserOnBodyCallback.assertion.3",
        "httpParserOnBodyCallback.assertion.4",
        "httpParserOnBodyCallback.assertion.5",
        "httpParserOnBodyCallback.assertion.6",
        "httpParserOnBodyCallback.assertion.7",
        "httpParserOnBodyCallback.overflow.1",
        "httpParserOnBodyCallback.overflow.2",
        "httpParserOnBodyCallback.overflow.3",
        "httpParserOnBodyCallback.overflow.4",
        "httpParserOnBodyCallback.pointer.1",
        "httpParserOnBodyCallback.pointer.2",
        "httpParserOnBodyCallback.pointer.3",
        "httpParserOnBodyCallback.pointer_arithmetic.1",
        "httpParserOnBodyCallback.pointer_arithmetic.2",
        "httpParserOnBodyCallback.pointer_arithmetic.3",
        "httpParserOnBodyCallback.pointer_arithmetic.4",
        "httpParserOnBodyCallback.pointer_arithmetic.5",
        "httpParserOnBodyCallback.pointer_arithmetic.6",
        "httpParserOnBodyCallback.pointer_arithmetic.7",
        "httpParserOnBodyCallback.pointer_arithmetic.8",
        "httpParserOnBodyCallback.pointer_arithmetic.9",
        "httpParserOnBodyCallback.pointer_arithmetic.10",
        "httpParserOnBodyCallback.pointer_arithmetic.11",
        "httpParserOnBodyCallback.pointer_arithmetic.12",
        "httpParserOnBodyCallback.pointer_arithmetic.13",
        "httpParserOnBodyCallback.pointer_arithmetic.14",
        "httpParserOnBodyCallback.pointer_arithmetic.15",
        "httpParserOnBodyCallback.pointer_arithmetic.16",
        "httpParserOnBodyCallback.pointer_arithmetic.17",
        "httpParserOnBodyCallback.pointer_arithmetic.18",
        "httpParserOnBodyCallback.pointer_arithmetic.19",
        "httpParserOnBodyCallback.pointer_arithmetic.20",
        "httpParserOnBodyCallback.pointer_arithmetic.21",
        "httpParserOnBodyCallback.pointer_arithmetic.22",
        "httpParserOnBodyCallback.pointer_arithmetic.23",
        "httpParserOnBodyCallback.pointer_arithmetic.24",
        "httpParserOnBodyCallback.pointer_arithmetic.25",
        "httpParserOnBodyCallback.pointer_arithmetic.26",
        "httpParserOnBodyCallback.pointer_arithmetic.27",
        "httpParserOnBodyCallback.pointer_arithmetic.28",
        "httpParserOnBodyCallback.pointer_arithmetic.29",
        "httpParserOnBodyCallback.pointer_arithmetic.30",
        "httpParserOnBodyCallback.pointer_arithmetic.31",
        "httpParserOnBodyCallback.pointer_arithmetic.32",
        "httpParserOnBodyCallback.pointer_arithmetic.33",
        "httpParserOnBodyCallback.pointer_arithmetic.34",
        "httpParserOnBodyCallback.pointer_arithmetic.35",
        "httpParserOnBodyCallback.pointer_arithmetic.36",
        "httpParserOnBodyCallback.pointer_arithmetic.37",
        "httpParserOnBodyCallback.pointer_arithmetic.38",
        "httpParserOnBodyCallback.pointer_arithmetic.39",
        "httpParserOnBodyCallback.pointer_arithmetic.40",
        "httpParserOnBodyCallback.pointer_arithmetic.41",
        "httpParserOnBodyCallback.pointer_arithmetic.42",
        "httpParserOnBodyCallback.pointer_arithmetic.43",
        "httpParserOnBodyCallback.pointer_arithmetic.44",
        "httpParserOnBodyCallback.pointer_arithmetic.45",
        "httpParserOnBodyCallback.pointer_arithmetic.46",
        "httpParserOnBodyCallback.pointer_arithmetic.47",
        "httpParserOnBodyCallback.pointer_arithmetic.48",
        "httpParserOnBodyCallback.pointer_dereference.1",
        "httpParserOnBodyCallback.pointer_dereference.3",
        "httpParserOnBodyCallback.pointer_dereference.4",
        "httpParserOnBodyCallback.pointer_dereference.5",
        "httpParserOnBodyCallback.pointer_dereference.6",
        "httpParserOnBodyCallback.pointer_dereference.7",
        "httpParserOnBodyCallback.pointer_dereference.8",
        "httpParserOnBodyCallback.pointer_dereference.9",
        "httpParserOnBodyCallback.pointer_dereference.10",
        "httpParserOnBodyCallback.pointer_dereference.11",
        "httpParserOnBodyCallback.pointer_dereference.12",
        "httpParserOnBodyCallback.pointer_dereference.13",
        "httpParserOnBodyCallback.pointer_dereference.14",
        "httpParserOnBodyCallback.pointer_dereference.15",
        "httpParserOnBodyCallback.pointer_dereference.16",
        "httpParserOnBodyCallback.pointer_dereference.17",
        "httpParserOnBodyCallback.pointer_dereference.18",
        "httpParserOnBodyCallback.pointer_dereference.19",
        "httpParserOnBodyCallback.pointer_dereference.20",
        "httpParserOnBodyCallback.pointer_dereference.21",
        "httpParserOnBodyCallback.pointer_dereference.22",
        "httpParserOnBodyCallback.pointer_dereference.23",
        "httpParserOnBodyCallback.pointer_dereference.24",
        "httpParserOnBodyCallback.pointer_dereference.25",
        "httpParserOnBodyCallback.pointer_dereference.26",
        "httpParserOnBodyCallback.pointer_dereference.27",
        "httpParserOnBodyCallback.pointer_dereference.28",
        "httpParserOnBodyCallback.pointer_dereference.29",
        "httpParserOnBodyCallback.pointer_dereference.30",
        "httpParserOnBodyCallback.pointer_dereference.31",
        "httpParserOnBodyCallback.pointer_dereference.32",
        "httpParserOnBodyCallback.pointer_dereference.33",
        "httpParserOnBodyCallback.pointer_dereference.34",
        "httpParserOnBodyCallback.pointer_dereference.35",
        "httpParserOnBodyCallback.pointer_dereference.36",
        "httpParserOnBodyCallback.pointer_dereference.37",
        "httpParserOnBodyCallback.pointer_dereference.38",
        "httpParserOnBodyCallback.pointer_dereference.39",
        "httpParserOnBodyCallback.pointer_dereference.40",
        "httpParserOnBodyCallback.pointer_dereference.41",
        "httpParserOnBodyCallback.pointer_dereference.42",
        "httpParserOnBodyCallback.pointer_dereference.43",
        "httpParserOnBodyCallback.pointer_dereference.44",
        "httpParserOnBodyCallback.pointer_dereference.45",
        "httpParserOnBodyCallback.pointer_dereference.46",
        "httpParserOnBodyCallback.pointer_dereference.47",
        "httpParserOnBodyCallback.pointer_dereference.48",
        "httpParserOnBodyCallback.pointer_dereference.49",
        "httpParserOnBodyCallback.pointer_dereference.50",
        "httpParserOnBodyCallback.pointer_dereference.51",
        "httpParserOnBodyCallback.pointer_dereference.52",
        "httpParserOnBodyCallback.pointer_dereference.53",
        "httpParserOnBodyCallback.pointer_dereference.54",
        "httpParserOnBodyCallback.pointer_dereference.55",
        "httpParserOnBodyCallback.pointer_dereference.56",
        "httpParserOnBodyCallback.pointer_dereference.57",
        "httpParserOnBodyCallback.pointer_dereference.58",
        "httpParserOnBodyCallback.pointer_dereference.59",
        "httpParserOnBodyCallback.pointer_dereference.60",
        "httpParserOnBodyCallback_harness.overflow.1",
        "httpParserOnBodyCallback_harness.overflow.2",
        "httpParserOnBodyCallback_harness.pointer_arithmetic.1",
        "httpParserOnBodyCallback_harness.pointer_arithmetic.2",
        "httpParserOnBodyCallback_harness.pointer_arithmetic.3",
        "httpParserOnBodyCallback_harness.pointer_arithmetic.4",
        "httpParserOnBodyCallback_harness.pointer_arithmetic.5",
        "httpParserOnBodyCallback_harness.pointer_arithmetic.6",
        "httpParserOnBodyCallback_harness.pointer_arithmetic.7",
        "httpParserOnBodyCallback_harness.pointer_arithmetic.8",
        "httpParserOnBodyCallback_harness.pointer_arithmetic.9",
        "httpParserOnBodyCallback_harness.pointer_arithmetic.10",
        "httpParserOnBodyCallback_harness.pointer_arithmetic.11",
        "httpParserOnBodyCallback_harness.pointer_arithmetic.12",
        "httpParserOnBodyCallback_harness.pointer_arithmetic.13",
        "httpParserOnBodyCallback_harness.pointer_arithmetic.14",
        "httpParserOnBodyCallback_harness.pointer_arithmetic.15",
        "httpParserOnBodyCallback_harness.pointer_arithmetic.16",
        "httpParserOnBodyCallback_harness.pointer_arithmetic.17",
        "httpParserOnBodyCallback_harness.pointer_arithmetic.18",
        "httpParserOnBodyCallback_harness.pointer_arithmetic.19",
        "httpParserOnBodyCallback_harness.pointer_arithmetic.20",
        "httpParserOnBodyCallback_harness.pointer_arithmetic.21",
        "httpParserOnBodyCallback_harness.pointer_arithmetic.22",
        "httpParserOnBodyCallback_harness.pointer_arithmetic.23",
        "httpParserOnBodyCallback_harness.pointer_arithmetic.24",
        "httpParserOnBodyCallback_harness.pointer_arithmetic.25",
        "httpParserOnBodyCallback_harness.pointer_arithmetic.26",
        "httpParserOnBodyCallback_harness.pointer_arithmetic.27",
        "httpParserOnBodyCallback_harness.pointer_arithmetic.28",
        "httpParserOnBodyCallback_harness.pointer_arithmetic.29",
        "httpParserOnBodyCallback_harness.pointer_arithmetic.30",
        "httpParserOnBodyCallback_harness.pointer_dereference.1",
        "httpParserOnBodyCallback_harness.pointer_dereference.3",
        "httpParserOnBodyCallback_harness.pointer_dereference.4",
        "httpParserOnBodyCallback_harness.pointer_dereference.5",
        "httpParserOnBodyCallback_harness.pointer_dereference.6",
        "httpParserOnBodyCallback_harness.pointer_dereference.7",
        "httpParserOnBodyCallback_harness.pointer_dereference.8",
        "httpParserOnBodyCallback_harness.pointer_dereference.9",
        "httpParserOnBodyCallback_harness.pointer_dereference.10",
        "httpParserOnBodyCallback_harness.pointer_dereference.11",
        "httpParserOnBodyCallback_harness.pointer_dereference.12",
        "httpParserOnBodyCallback_harness.pointer_dereference.13",
        "httpParserOnBodyCallback_harness.pointer_dereference.14",
        "httpParserOnBodyCallback_harness.pointer_dereference.15",
        "httpParserOnBodyCallback_harness.pointer_dereference.16",
        "httpParserOnBodyCallback_harness.pointer_dereference.17",
        "httpParserOnBodyCallback_harness.pointer_dereference.18",
        "httpParserOnBodyCallback_harness.pointer_dereference.19",
        "httpParserOnBodyCallback_harness.pointer_dereference.20",
        "httpParserOnBodyCallback_harness.pointer_dereference.21",
        "httpParserOnBodyCallback_harness.pointer_dereference.22",
        "httpParserOnBodyCallback_harness.pointer_dereference.23",
        "httpParserOnBodyCallback_harness.pointer_dereference.24",
        "mallocCanFail.assertion.1"
      ],
      "true": [
        "__builtin___memmove_chk.overflow.1",
        "__builtin___memmove_chk.overflow.3",
        "__builtin___memmove_chk.pointer_primitives.2",
        "__builtin___memmove_chk.pointer_primitives.3",
        "__builtin___memmove_chk.pointer_primitives.5",
        "__builtin___memmove_chk.pointer_primitives.6",
        "__builtin___memmove_chk.pointer_primitives.7",
        "__builtin___memmove_chk.pointer_primitives.9",
        "__builtin___memmove_chk.pointer_primitives.10",
        "__builtin___memmove_chk.pointer_primitives.11",
        "__builtin___memmove_chk.pointer_primitives.13",
        "__builtin___memmove_chk.pointer_primitives.14",
        "__builtin___memmove_chk.pointer_primitives.15",
        "__builtin___memmove_chk.pointer_primitives.17",
        "__builtin___memmove_chk.pointer_primitives.18",
        "__builtin___memmove_chk.pointer_primitives.19",
        "__builtin___memmove_chk.pointer_primitives.21",
        "__builtin___memmove_chk.pointer_primitives.22",
        "__builtin___memmove_chk.pointer_primitives.23",
        "__builtin___memmove_chk.pointer_primitives.25",
        "__builtin___memmove_chk.pointer_primitives.26",
        "__builtin___memmove_chk.pointer_primitives.27",
        "__builtin___memmove_chk.pointer_primitives.30",
        "__builtin___memmove_chk.pointer_primitives.31",
        "__builtin___memmove_chk.pointer_primitives.33",
        "__builtin___memmove_chk.pointer_primitives.34",
        "__builtin___memmove_chk.pointer_primitives.35",
        "__builtin___memmove_chk.pointer_primitives.37",
        "__builtin___memmove_chk.pointer_primitives.38",
        "__builtin___memmove_chk.pointer_primitives.39",
        "__builtin___memmove_chk.pointer_primitives.41",
        "__builtin___memmove_chk.pointer_primitives.42",
        "__builtin___memmove_chk.pointer_primitives.43",
        "__builtin___memmove_chk.pointer_primitives.45",
        "__builtin___memmove_chk.pointer_primitives.46",
        "__builtin___memmove_chk.pointer_primitives.47",
        "__builtin___memmove_chk.pointer_primitives.49",
        "__builtin___memmove_chk.pointer_primitives.50",
        "__builtin___memmove_chk.pointer_primitives.51",
        "__builtin___memmove_chk.pointer_primitives.53",
        "__builtin___memmove_chk.pointer_primitives.54",
        "__builtin___memmove_chk.pointer_primitives.55",
        "allocateHttpResponse.pointer_arithmetic.1",
        "allocateHttpResponse.pointer_arithmetic.2",
        "allocateHttpResponse.pointer_arithmetic.3",
        "allocateHttpResponse.pointer_arithmetic.4",
        "allocateHttpResponse.pointer_arithmetic.6",
        "allocateHttpResponse.pointer_arithmetic.7",
        "allocateHttpResponse.pointer_arithmetic.8",
        "allocateHttpResponse.pointer_arithmetic.9",
        "allocateHttpResponse.pointer_arithmetic.10",
        "allocateHttpResponse.pointer_arithmetic.12",
        "allocateHttpResponse.pointer_dereference.1",
        "allocateHttpResponse.pointer_dereference.2",
        "allocateHttpResponse.pointer_dereference.3",
        "allocateHttpResponse.pointer_dereference.4",
        "allocateHttpResponse.pointer_dereference.5",
        "allocateHttpResponse.pointer_dereference.6",
        "allocateHttpResponse.pointer_dereference.7",
        "allocateHttpResponse.pointer_dereference.8",
        "allocateHttpResponse.pointer_dereference.9",
        "allocateHttpResponse.pointer_dereference.10",
        "allocateHttpResponse.pointer_dereference.11",
        "allocateHttpResponse.pointer_dereference.12",
        "allocateHttpResponse.pointer_dereference.13",
        "allocateHttpResponse.pointer_dereference.14",
        "allocateHttpResponse.pointer_dereference.15",
        "allocateHttpResponse.pointer_dereference.16",
        "allocateHttpResponse.pointer_dereference.17",
        "allocateHttpResponse.pointer_dereference.18",
        "allocateHttpResponse.pointer_dereference.19",
        "allocateHttpResponse.pointer_dereference.20",
        "allocateHttpResponse.pointer_dereference.21",
        "allocateHttpResponse.pointer_dereference.22",
        "allocateHttpResponse.pointer_dereference.23",
        "allocateHttpResponse.pointer_dereference.24",
        "allocateHttpResponse.pointer_dereference.25",
        "allocateHttpResponse.pointer_dereference.26",
        "allocateHttpResponse.pointer_dereference.27",
        "allocateHttpResponse.pointer_dereference.28",
        "allocateHttpResponse.pointer_dereference.29",
        "allocateHttpResponse.pointer_dereference.30",
        "allocateHttpResponse.pointer_dereference.31",
        "allocateHttpResponse.pointer_dereference.32",
        "allocateHttpResponse.pointer_dereference.33",
        "allocateHttpResponse.pointer_dereference.34",
        "allocateHttpResponse.pointer_dereference.35",
        "allocateHttpResponse.pointer_dereference.36",
        "allocateHttpResponse.pointer_dereference.37",
        "allocateHttpResponse.pointer_dereference.38",
        "allocateHttpResponse.pointer_dereference.39",
        "allocateHttpResponse.pointer_dereference.40",
        "allocateHttpResponse.pointer_dereference.41",
        "allocateHttpResponse.pointer_dereference.42",
        "allocateHttpResponse.pointer_dereference.43",
        "allocateHttpResponse.pointer_dereference.44",
        "allocateHttpResponse.pointer_dereference.45",
        "allocateHttpResponse.pointer_dereference.46",
        "allocateHttpResponse.pointer_dereference.47",
        "allocateHttpResponse.pointer_dereference.48",
        "allocateHttpResponse.pointer_dereference.49",
        "allocateHttpResponse.pointer_dereference.50",
        "allocateHttpResponse.pointer_dereference.51",
        "allocateHttpResponse.pointer_dereference.52",
        "allocateHttpResponse.pointer_dereference.53",
        "allocateHttpResponse.pointer_dereference.54",
        "allocateHttpResponse.pointer_dereference.55",
        "allocateHttpResponse.pointer_dereference.56",
        "allocateHttpResponse.pointer_dereference.57",
        "allocateHttpResponse.pointer_dereference.58",
        "allocateHttpResponse.pointer_dereference.59",
        "allocateHttpResponse.pointer_dereference.60",
        "allocateHttpResponse.pointer_dereference.61",
        "allocateHttpResponse.pointer_dereference.62",
        "allocateHttpResponse.pointer_dereference.63",
        "allocateHttpResponse.pointer_dereference.64",
        "allocateHttpResponse.pointer_dereference.65",
        "allocateHttpResponse.pointer_dereference.66",
        "allocateHttpSendParser.pointer_dereference.2",
        "allocateHttpSendParsingContext.pointer_dereference.2",
        "allocateHttpSendParsingContext.pointer_dereference.8",
        "allocateHttpSendParsingContext.pointer_dereference.14",
        "allocateHttpSendParsingContext.pointer_dereference.18",
        "httpParserOnBodyCallback.pointer_dereference.2",
        "httpParserOnBodyCallback_harness.pointer.1",
        "httpParserOnBodyCallback_harness.pointer_dereference.2",
        "malloc.assertion.1",
        "malloc.assertion.2"
      ]
    },
    "status": [
      "CBMC version 5.39.3 (cbmc-5.39.3) 64-bit arm64 macos",
      "Reading GOTO program from file",
      "Reading: /Users/mrtuttle/cbmc-viewer/tests/coreHTTP/coreHTTP/test/cbmc/proofs/httpParserOnBodyCallback/gotos/httpParserOnBodyCallback_harness.goto",
      "Generating GOTO Program",
      "Adding CPROVER library (arm64)",
      "Removal of function pointers and virtual functions",
      "Generic Property Instrumentation",
      "Running with 8 object bits, 56 offset bits (user-specified)",
      "Starting Bounded Model Checking",
      "Runtime Symex: 0.129288s",
      "size of program expression: 888 steps",
      "simple slicing removed 8 assignments",
      "Generated 354 VCC(s), 315 remaining after simplification",
      "Runtime Postprocess Equation: 6.8166e-05s",
      "Passing problem to propositional reduction",
      "converting SSA",
      "Runtime Convert SSA: 0.161575s",
      "Running propositional reduction",
      "Post-processing",
      "Runtime Post-process: 0.0385675s",
      "Solving with MiniSAT 2.2.1 with simplifier",
      "27986 variables, 98431 clauses",
      "SAT checker: instance is SATISFIABLE",
      "Runtime Solver: 0.246725s",
      "Runtime decision procedure: 0.409122s",
      "Building error trace",
      "Running propositional reduction",
      "Solving with MiniSAT 2.2.1 with simplifier",
      "27986 variables, 74002 clauses",
      "SAT checker: instance is SATISFIABLE",
      "Runtime Solver: 0.00219062s",
      "Runtime decision procedure: 0.00257346s",
      "Building error trace",
      "Running propositional reduction",
      "Solving with MiniSAT 2.2.1 with simplifier",
      "27986 variables, 74002 clauses",
      "SAT checker: instance is SATISFIABLE",
      "Runtime Solver: 0.0125189s",
      "Runtime decision procedure: 0.0134991s",
      "Building error trace",
      "Running propositional reduction",
      "Solving with MiniSAT 2.2.1 with simplifier",
      "27986 variables, 74002 clauses",
      "SAT checker: instance is SATISFIABLE",
      "Runtime Solver: 0.00145417s",
      "Runtime decision procedure: 0.00164071s",
      "Building error trace",
      "Running propositional reduction",
      "Solving with MiniSAT 2.2.1 with simplifier",
      "27986 variables, 74002 clauses",
      "SAT checker: instance is SATISFIABLE",
      "Runtime Solver: 0.00127967s",
      "Runtime decision procedure: 0.0014635s",
      "Building error trace",
      "Running propositional reduction",
      "Solving with MiniSAT 2.2.1 with simplifier",
      "27986 variables, 74002 clauses",
      "SAT checker: instance is SATISFIABLE",
      "Runtime Solver: 0.00120471s",
      "Runtime decision procedure: 0.00137679s",
      "Building error trace",
      "Running propositional reduction",
      "Solving with MiniSAT 2.2.1 with simplifier",
      "27986 variables, 74002 clauses",
      "SAT checker: instance is SATISFIABLE",
      "Runtime Solver: 0.00142904s",
      "Runtime decision procedure: 0.00161912s",
      "Building error trace",
      "Running propositional reduction",
      "Solving with MiniSAT 2.2.1 with simplifier",
      "27986 variables, 74002 clauses",
      "SAT checker: instance is SATISFIABLE",
      "Runtime Solver: 0.00117242s",
      "Runtime decision procedure: 0.00134708s",
      "Building error trace",
      "Running propositional reduction",
      "Solving with MiniSAT 2.2.1 with simplifier",
      "27986 variables, 74002 clauses",
      "SAT checker: instance is SATISFIABLE",
      "Runtime Solver: 0.00168175s",
      "Runtime decision procedure: 0.00226242s",
      "Building error trace",
      "Running propositional reduction",
      "Solving with MiniSAT 2.2.1 with simplifier",
      "27986 variables, 74002 clauses",
      "SAT checker: instance is SATISFIABLE",
      "Runtime Solver: 0.00486633s",
      "Runtime decision procedure: 0.00523154s",
      "Building error trace",
      "Running propositional reduction",
      "Solving with MiniSAT 2.2.1 with simplifier",
      "27986 variables, 73999 clauses",
      "SAT checker: instance is SATISFIABLE",
      "Runtime Solver: 0.0169468s",
      "Runtime decision procedure: 0.0173873s",
      "Building error trace",
      "Running propositional reduction",
      "Solving with MiniSAT 2.2.1 with simplifier",
      "27986 variables, 73999 clauses",
      "SAT checker: instance is SATISFIABLE",
      "Runtime Solver: 0.00730638s",
      "Runtime decision procedure: 0.00783863s",
      "Building error trace",
      "Running propositional reduction",
      "Solving with MiniSAT 2.2.1 with simplifier",
      "27986 variables, 73999 clauses",
      "SAT checker: instance is SATISFIABLE",
      "Runtime Solver: 0.01517s",
      "Runtime decision procedure: 0.0153715s",
      "Building error trace",
      "Running propositional reduction",
      "Solving with MiniSAT 2.2.1 with simplifier",
      "27986 variables, 73999 clauses",
      "SAT checker: instance is SATISFIABLE",
      "Runtime Solver: 0.0016445s",
      "Runtime decision procedure: 0.00184392s",
      "Building error trace",
      "Running propositional reduction",
      "Solving with MiniSAT 2.2.1 with simplifier",
      "27986 variables, 73999 clauses",
      "SAT checker: instance is SATISFIABLE",
      "Runtime Solver: 0.0110811s",
      "Runtime decision procedure: 0.0121889s",
      "Building error trace",
      "Running propositional reduction",
      "Solving with MiniSAT 2.2.1 with simplifier",
      "27986 variables, 73999 clauses",
      "SAT checker: instance is SATISFIABLE",
      "Runtime Solver: 0.00175613s",
      "Runtime decision procedure: 0.00194929s",
      "Building error trace",
      "Running propositional reduction",
      "Solving with MiniSAT 2.2.1 with simplifier",
      "27986 variables, 73999 clauses",
      "SAT checker: instance is SATISFIABLE",
      "Runtime Solver: 0.00723187s",
      "Runtime decision procedure: 0.00743271s",
      "Building error trace",
      "Running propositional reduction",
      "Solving with MiniSAT 2.2.1 with simplifier",
      "27986 variables, 73999 clauses",
      "SAT checker: instance is SATISFIABLE",
      "Runtime Solver: 0.00190867s",
      "Runtime decision procedure: 0.00210058s",
      "Building error trace",
      "Running propositional reduction",
      "Solving with MiniSAT 2.2.1 with simplifier",
      "27986 variables, 73999 clauses",
      "SAT checker: instance is SATISFIABLE",
      "Runtime Solver: 0.00383921s",
      "Runtime decision procedure: 0.00403092s",
      "Building error trace",
      "Running propositional reduction",
      "Solving with MiniSAT 2.2.1 with simplifier",
      "27986 variables, 73999 clauses",
      "SAT checker: instance is SATISFIABLE",
      "Runtime Solver: 0.00220438s",
      "Runtime decision procedure: 0.00239929s",
      "Building error trace",
      "Running propositional reduction",
      "Solving with MiniSAT 2.2.1 with simplifier",
      "27986 variables, 73999 clauses",
      "SAT checker: instance is SATISFIABLE",
      "Runtime Solver: 0.00582063s",
      "Runtime decision procedure: 0.00601388s",
      "Building error trace",
      "Running propositional reduction",
      "Solving with MiniSAT 2.2.1 with simplifier",
      "27986 variables, 73999 clauses",
      "SAT checker: instance is SATISFIABLE",
      "Runtime Solver: 0.0157247s",
      "Runtime decision procedure: 0.015922s",
      "Building error trace",
      "Running propositional reduction",
      "Solving with MiniSAT 2.2.1 with simplifier",
      "27986 variables, 73995 clauses",
      "SAT checker: instance is SATISFIABLE",
      "Runtime Solver: 0.00374779s",
      "Runtime decision procedure: 0.00395042s",
      "Building error trace",
      "Running propositional reduction",
      "Solving with MiniSAT 2.2.1 with simplifier",
      "27986 variables, 73995 clauses",
      "SAT checker: instance is SATISFIABLE",
      "Runtime Solver: 0.00163783s",
      "Runtime decision procedure: 0.00182554s",
      "Building error trace",
      "Running propositional reduction",
      "Solving with MiniSAT 2.2.1 with simplifier",
      "27986 variables, 73995 clauses",
      "SAT checker: instance is SATISFIABLE",
      "Runtime Solver: 0.00171667s",
      "Runtime decision procedure: 0.00188733s",
      "Building error trace",
      "Running propositional reduction",
      "Solving with MiniSAT 2.2.1 with simplifier",
      "27986 variables, 73995 clauses",
      "SAT checker: instance is SATISFIABLE",
      "Runtime Solver: 0.00190317s",
      "Runtime decision procedure: 0.00208413s",
      "Building error trace",
      "Running propositional reduction",
      "Solving with MiniSAT 2.2.1 with simplifier",
      "27986 variables, 73995 clauses",
      "SAT checker: instance is SATISFIABLE",
      "Runtime Solver: 0.00158629s",
      "Runtime decision procedure: 0.00176104s",
      "Building error trace",
      "Running propositional reduction",
      "Solving with MiniSAT 2.2.1 with simplifier",
      "27986 variables, 73995 clauses",
      "SAT checker: instance is SATISFIABLE",
      "Runtime Solver: 0.00171387s",
      "Runtime decision procedure: 0.00190546s",
      "Building error trace",
      "Running propositional reduction",
      "Solving with MiniSAT 2.2.1 with simplifier",
      "27986 variables, 73995 clauses",
      "SAT checker: instance is SATISFIABLE",
      "Runtime Solver: 0.00468154s",
      "Runtime decision procedure: 0.00493712s",
      "Building error trace",
      "Running propositional reduction",
      "Solving with MiniSAT 2.2.1 with simplifier",
      "27986 variables, 73995 clauses",
      "SAT checker: instance is SATISFIABLE",
      "Runtime Solver: 0.00325475s",
      "Runtime decision procedure: 0.00352275s",
      "Building error trace",
      "Running propositional reduction",
      "Solving with MiniSAT 2.2.1 with simplifier",
      "27986 variables, 73995 clauses",
      "SAT checker: instance is SATISFIABLE",
      "Runtime Solver: 0.00640733s",
      "Runtime decision procedure: 0.00659217s",
      "Building error trace",
      "Running propositional reduction",
      "Solving with MiniSAT 2.2.1 with simplifier",
      "27986 variables, 73991 clauses",
      "SAT checker: instance is SATISFIABLE",
      "Runtime Solver: 0.00701046s",
      "Runtime decision procedure: 0.00720162s",
      "Building error trace",
      "Running propositional reduction",
      "Solving with MiniSAT 2.2.1 with simplifier",
      "27986 variables, 73976 clauses",
      "SAT checker: instance is SATISFIABLE",
      "Runtime Solver: 0.00442737s",
      "Runtime decision procedure: 0.00464308s",
      "Building error trace",
      "Running propositional reduction",
      "Solving with MiniSAT 2.2.1 with simplifier",
      "27986 variables, 73976 clauses",
      "SAT checker: instance is SATISFIABLE",
      "Runtime Solver: 0.00298304s",
      "Runtime decision procedure: 0.00317563s",
      "Building error trace",
      "Running propositional reduction",
      "Solving with MiniSAT 2.2.1 with simplifier",
      "27986 variables, 73976 clauses",
      "SAT checker: instance is SATISFIABLE",
      "Runtime Solver: 0.00593108s",
      "Runtime decision procedure: 0.00892083s",
      "Building error trace",
      "Running propositional reduction",
      "Solving with MiniSAT 2.2.1 with simplifier",
      "27986 variables, 73976 clauses",
      "SAT checker: instance is SATISFIABLE",
      "Runtime Solver: 0.00183362s",
      "Runtime decision procedure: 0.00201358s",
      "Building error trace",
      "Running propositional reduction",
      "Solving with MiniSAT 2.2.1 with simplifier",
      "27986 variables, 73974 clauses",
      "SAT checker: instance is SATISFIABLE",
      "Runtime Solver: 0.00191325s",
      "Runtime decision procedure: 0.00210363s",
      "Building error trace",
      "Running propositional reduction",
      "Solving with MiniSAT 2.2.1 with simplifier",
      "27986 variables, 73974 clauses",
      "SAT checker: instance is SATISFIABLE",
      "Runtime Solver: 0.00532283s",
      "Runtime decision procedure: 0.00627821s",
      "Building error trace",
      "Running propositional reduction",
      "Solving with MiniSAT 2.2.1 with simplifier",
      "27986 variables, 73968 clauses",
      "SAT checker: instance is SATISFIABLE",
      "Runtime Solver: 0.00703979s",
      "Runtime decision procedure: 0.00730212s",
      "Building error trace",
      "Running propositional reduction",
      "Solving with MiniSAT 2.2.1 with simplifier",
      "27986 variables, 73966 clauses",
      "SAT checker: instance is SATISFIABLE",
      "Runtime Solver: 0.00265929s",
      "Runtime decision procedure: 0.00285325s",
      "Building error trace",
      "Running propositional reduction",
      "Solving with MiniSAT 2.2.1 with simplifier",
      "27986 variables, 73815 clauses",
      "SAT checker: instance is SATISFIABLE",
      "Runtime Solver: 0.00207475s",
      "Runtime decision procedure: 0.00226621s",
      "Building error trace",
      "Running propositional reduction",
      "Solving with MiniSAT 2.2.1 with simplifier",
      "27986 variables, 73815 clauses",
      "SAT checker: instance is SATISFIABLE",
      "Runtime Solver: 0.00177962s",
      "Runtime decision procedure: 0.00196092s",
      "Building error trace",
      "Running propositional reduction",
      "Solving with MiniSAT 2.2.1 with simplifier",
      "27986 variables, 73815 clauses",
      "SAT checker: instance is SATISFIABLE",
      "Runtime Solver: 0.00176071s",
      "Runtime decision procedure: 0.00195079s",
      "Building error trace",
      "Running propositional reduction",
      "Solving with MiniSAT 2.2.1 with simplifier",
      "27986 variables, 73815 clauses",
      "SAT checker: instance is UNSATISFIABLE",
      "Runtime Solver: 0.00023325s",
      "Runtime decision procedure: 0.000277083s",
      "VERIFICATION FAILED"
    ],
    "warning": []
  }
}