{
  "viewer-reachable": {
    "reachable": {
      "test/cbmc/proofs/httpParserOnBodyCallback/httpParserOnBodyCallback_harness.c": [
        "httpParserOnBodyCallback_harness"
      ],
      "test/cbmc/sources/http_cbmc_state.c": [
        "allocateHttpResponse",
        "allocateHttpSendParser",
        "allocateHttpSendParsingContext",
        "mallocCanFail"
      ],
      "test/cbmc/stubs/memmove.c": [
        "memmove"
      ]
    }
  }
}