{
  "viewer-result": {
    "program": "CBMC version 5.35.0 (cbmc-5.35.0) 64-bit x86_64 linux",
    "prover": "failure",
    "results": {
      "false": [
        "mallocCanFail.assertion.1"
      ],
      "true": [
        "addHeader.assertion.1",
        "addHeader.assertion.2",
        "addHeader.assertion.3",
        "addHeader.assertion.4",
        "addHeader.assertion.5",
        "addHeader.assertion.6",
        "addHeader.overflow.1",
        "addHeader.overflow.2",
        "addHeader.overflow.3",
        "addHeader.overflow.4",
        "addHeader.overflow.5",
        "addHeader.overflow.6",
        "addHeader.overflow.7",
        "addHeader.overflow.8",
        "addHeader.overflow.9",
        "addHeader.overflow.10",
        "addHeader.pointer_arithmetic.1",
        "addHeader.pointer_arithmetic.2",
        "addHeader.pointer_arithmetic.3",
        "addHeader.pointer_arithmetic.4",
        "addHeader.pointer_arithmetic.5",
        "addHeader.pointer_arithmetic.6",
        "addHeader.pointer_arithmetic.7",
        "addHeader.pointer_arithmetic.8",
        "addHeader.pointer_arithmetic.9",
        "addHeader.pointer_arithmetic.10",
        "addHeader.pointer_arithmetic.11",
        "addHeader.pointer_arithmetic.12",
        "addHeader.pointer_arithmetic.13",
        "addHeader.pointer_arithmetic.14",
        "addHeader.pointer_arithmetic.15",
        "addHeader.pointer_arithmetic.16",
        "addHeader.pointer_arithmetic.17",
        "addHeader.pointer_arithmetic.18",
        "addHeader.pointer_arithmetic.19",
        "addHeader.pointer_arithmetic.20",
        "addHeader.pointer_arithmetic.21",
        "addHeader.pointer_arithmetic.22",
        "addHeader.pointer_arithmetic.23",
        "addHeader.pointer_arithmetic.24",
        "addHeader.pointer_arithmetic.25",
        "addHeader.pointer_arithmetic.26",
        "addHeader.pointer_arithmetic.27",
        "addHeader.pointer_arithmetic.28",
        "addHeader.pointer_arithmetic.29",
        "addHeader.pointer_arithmetic.30",
        "addHeader.pointer_arithmetic.31",
        "addHeader.pointer_arithmetic.32",
        "addHeader.pointer_arithmetic.33",
        "addHeader.pointer_arithmetic.34",
        "addHeader.pointer_arithmetic.35",
        "addHeader.pointer_arithmetic.36",
        "addHeader.pointer_dereference.1",
        "addHeader.pointer_dereference.2",
        "addHeader.pointer_dereference.3",
        "addHeader.pointer_dereference.4",
        "addHeader.pointer_dereference.5",
        "addHeader.pointer_dereference.6",
        "addHeader.pointer_dereference.7",
        "addHeader.pointer_dereference.8",
        "addHeader.pointer_dereference.9",
        "addHeader.pointer_dereference.10",
        "addHeader.pointer_dereference.11",
        "addHeader.pointer_dereference.12",
        "addHeader.pointer_dereference.13",
        "addHeader.pointer_dereference.14",
        "addHeader.pointer_dereference.15",
        "addHeader.pointer_dereference.16",
        "addHeader.pointer_dereference.17",
        "addHeader.pointer_dereference.18",
        "addHeader.pointer_dereference.19",
        "addHeader.pointer_dereference.20",
        "addHeader.pointer_dereference.21",
        "addHeader.pointer_dereference.22",
        "addHeader.pointer_dereference.23",
        "addHeader.pointer_dereference.24",
        "allocateHttpRequestHeaders.pointer_dereference.1",
        "allocateHttpRequestHeaders.pointer_dereference.2",
        "allocateHttpRequestHeaders.pointer_dereference.3",
        "allocateHttpRequestHeaders.pointer_dereference.4",
        "allocateHttpRequestHeaders.pointer_dereference.5",
        "allocateHttpRequestHeaders.pointer_dereference.6",
        "allocateHttpRequestHeaders.pointer_dereference.7",
        "allocateHttpRequestHeaders.pointer_dereference.8",
        "allocateHttpRequestHeaders.pointer_dereference.9",
        "allocateHttpRequestHeaders.pointer_dereference.10",
        "allocateHttpRequestHeaders.pointer_dereference.11",
        "allocateHttpRequestHeaders.pointer_dereference.12",
        "allocateHttpRequestInfo.pointer_dereference.1",
        "allocateHttpRequestInfo.pointer_dereference.2",
        "allocateHttpRequestInfo.pointer_dereference.3",
        "allocateHttpRequestInfo.pointer_dereference.4",
        "allocateHttpRequestInfo.pointer_dereference.5",
        "allocateHttpRequestInfo.pointer_dereference.6",
        "allocateHttpRequestInfo.pointer_dereference.7",
        "allocateHttpRequestInfo.pointer_dereference.8",
        "allocateHttpRequestInfo.pointer_dereference.9",
        "allocateHttpRequestInfo.pointer_dereference.10",
        "allocateHttpRequestInfo.pointer_dereference.11",
        "allocateHttpRequestInfo.pointer_dereference.12",
        "allocateHttpRequestInfo.pointer_dereference.13",
        "allocateHttpRequestInfo.pointer_dereference.14",
        "allocateHttpRequestInfo.pointer_dereference.15",
        "allocateHttpRequestInfo.pointer_dereference.16",
        "allocateHttpRequestInfo.pointer_dereference.17",
        "allocateHttpRequestInfo.pointer_dereference.18",
        "allocateHttpRequestInfo.pointer_dereference.19",
        "allocateHttpRequestInfo.pointer_dereference.20",
        "allocateHttpRequestInfo.pointer_dereference.21",
        "allocateHttpRequestInfo.pointer_dereference.22",
        "allocateHttpRequestInfo.pointer_dereference.23",
        "allocateHttpRequestInfo.pointer_dereference.24",
        "allocateHttpRequestInfo.pointer_dereference.25",
        "allocateHttpRequestInfo.pointer_dereference.26",
        "allocateHttpRequestInfo.pointer_dereference.27",
        "allocateHttpRequestInfo.pointer_dereference.28",
        "allocateHttpRequestInfo.pointer_dereference.29",
        "allocateHttpRequestInfo.pointer_dereference.30",
        "allocateHttpRequestInfo.pointer_dereference.31",
        "allocateHttpRequestInfo.pointer_dereference.32",
        "allocateHttpRequestInfo.pointer_dereference.33",
        "allocateHttpRequestInfo.pointer_dereference.34",
        "allocateHttpRequestInfo.pointer_dereference.35",
        "allocateHttpRequestInfo.pointer_dereference.36",
        "HTTPClient_InitializeRequestHeaders.pointer_dereference.1",
        "HTTPClient_InitializeRequestHeaders.pointer_dereference.2",
        "HTTPClient_InitializeRequestHeaders.pointer_dereference.3",
        "HTTPClient_InitializeRequestHeaders.pointer_dereference.4",
        "HTTPClient_InitializeRequestHeaders.pointer_dereference.5",
        "HTTPClient_InitializeRequestHeaders.pointer_dereference.6",
        "HTTPClient_InitializeRequestHeaders.pointer_dereference.7",
        "HTTPClient_InitializeRequestHeaders.pointer_dereference.8",
        "HTTPClient_InitializeRequestHeaders.pointer_dereference.9",
        "HTTPClient_InitializeRequestHeaders.pointer_dereference.10",
        "HTTPClient_InitializeRequestHeaders.pointer_dereference.11",
        "HTTPClient_InitializeRequestHeaders.pointer_dereference.12",
        "HTTPClient_InitializeRequestHeaders.pointer_dereference.13",
        "HTTPClient_InitializeRequestHeaders.pointer_dereference.14",
        "HTTPClient_InitializeRequestHeaders.pointer_dereference.15",
        "HTTPClient_InitializeRequestHeaders.pointer_dereference.16",
        "HTTPClient_InitializeRequestHeaders.pointer_dereference.17",
        "HTTPClient_InitializeRequestHeaders.pointer_dereference.18",
        "HTTPClient_InitializeRequestHeaders.pointer_dereference.19",
        "HTTPClient_InitializeRequestHeaders.pointer_dereference.20",
        "HTTPClient_InitializeRequestHeaders.pointer_dereference.21",
        "HTTPClient_InitializeRequestHeaders.pointer_dereference.22",
        "HTTPClient_InitializeRequestHeaders.pointer_dereference.23",
        "HTTPClient_InitializeRequestHeaders.pointer_dereference.24",
        "HTTPClient_InitializeRequestHeaders.pointer_dereference.25",
        "HTTPClient_InitializeRequestHeaders.pointer_dereference.26",
        "HTTPClient_InitializeRequestHeaders.pointer_dereference.27",
        "HTTPClient_InitializeRequestHeaders.pointer_dereference.28",
        "HTTPClient_InitializeRequestHeaders.pointer_dereference.29",
        "HTTPClient_InitializeRequestHeaders.pointer_dereference.30",
        "HTTPClient_InitializeRequestHeaders.pointer_dereference.31",
        "HTTPClient_InitializeRequestHeaders.pointer_dereference.32",
        "HTTPClient_InitializeRequestHeaders.pointer_dereference.33",
        "HTTPClient_InitializeRequestHeaders.pointer_dereference.34",
        "HTTPClient_InitializeRequestHeaders.pointer_dereference.35",
        "HTTPClient_InitializeRequestHeaders.pointer_dereference.36",
        "HTTPClient_InitializeRequestHeaders.pointer_dereference.37",
        "HTTPClient_InitializeRequestHeaders.pointer_dereference.38",
        "HTTPClient_InitializeRequestHeaders.pointer_dereference.39",
        "HTTPClient_InitializeRequestHeaders.pointer_dereference.40",
        "HTTPClient_InitializeRequestHeaders.pointer_dereference.41",
        "HTTPClient_InitializeRequestHeaders.pointer_dereference.42",
        "HTTPClient_InitializeRequestHeaders.pointer_dereference.43",
        "HTTPClient_InitializeRequestHeaders.pointer_dereference.44",
        "HTTPClient_InitializeRequestHeaders.pointer_dereference.45",
        "HTTPClient_InitializeRequestHeaders.pointer_dereference.46",
        "HTTPClient_InitializeRequestHeaders.pointer_dereference.47",
        "HTTPClient_InitializeRequestHeaders.pointer_dereference.48",
        "HTTPClient_InitializeRequestHeaders.pointer_dereference.49",
        "HTTPClient_InitializeRequestHeaders.pointer_dereference.50",
        "HTTPClient_InitializeRequestHeaders.pointer_dereference.51",
        "HTTPClient_InitializeRequestHeaders.pointer_dereference.52",
        "HTTPClient_InitializeRequestHeaders.pointer_dereference.53",
        "HTTPClient_InitializeRequestHeaders.pointer_dereference.54",
        "HTTPClient_InitializeRequestHeaders.pointer_dereference.55",
        "HTTPClient_InitializeRequestHeaders.pointer_dereference.56",
        "HTTPClient_InitializeRequestHeaders.pointer_dereference.57",
        "HTTPClient_InitializeRequestHeaders.pointer_dereference.58",
        "HTTPClient_InitializeRequestHeaders.pointer_dereference.59",
        "HTTPClient_InitializeRequestHeaders.pointer_dereference.60",
        "HTTPClient_InitializeRequestHeaders.pointer_dereference.61",
        "HTTPClient_InitializeRequestHeaders.pointer_dereference.62",
        "HTTPClient_InitializeRequestHeaders.pointer_dereference.63",
        "HTTPClient_InitializeRequestHeaders.pointer_dereference.64",
        "HTTPClient_InitializeRequestHeaders.pointer_dereference.65",
        "HTTPClient_InitializeRequestHeaders.pointer_dereference.66",
        "HTTPClient_InitializeRequestHeaders.pointer_dereference.67",
        "HTTPClient_InitializeRequestHeaders.pointer_dereference.68",
        "HTTPClient_InitializeRequestHeaders.pointer_dereference.69",
        "HTTPClient_InitializeRequestHeaders.pointer_dereference.70",
        "HTTPClient_InitializeRequestHeaders.pointer_dereference.71",
        "HTTPClient_InitializeRequestHeaders.pointer_dereference.72",
        "HTTPClient_InitializeRequestHeaders.pointer_dereference.73",
        "HTTPClient_InitializeRequestHeaders.pointer_dereference.74",
        "HTTPClient_InitializeRequestHeaders.pointer_dereference.75",
        "HTTPClient_InitializeRequestHeaders.pointer_dereference.76",
        "HTTPClient_InitializeRequestHeaders.pointer_dereference.77",
        "HTTPClient_InitializeRequestHeaders.pointer_dereference.78",
        "isValidHttpRequestHeaders.pointer_dereference.1",
        "isValidHttpRequestHeaders.pointer_dereference.2",
        "isValidHttpRequestHeaders.pointer_dereference.3",
        "isValidHttpRequestHeaders.pointer_dereference.4",
        "isValidHttpRequestHeaders.pointer_dereference.5",
        "isValidHttpRequestHeaders.pointer_dereference.6",
        "isValidHttpRequestHeaders.pointer_dereference.7",
        "isValidHttpRequestHeaders.pointer_dereference.8",
        "isValidHttpRequestHeaders.pointer_dereference.9",
        "isValidHttpRequestHeaders.pointer_dereference.10",
        "isValidHttpRequestHeaders.pointer_dereference.11",
        "isValidHttpRequestHeaders.pointer_dereference.12",
        "isValidHttpRequestInfo.pointer_dereference.1",
        "isValidHttpRequestInfo.pointer_dereference.2",
        "isValidHttpRequestInfo.pointer_dereference.3",
        "isValidHttpRequestInfo.pointer_dereference.4",
        "isValidHttpRequestInfo.pointer_dereference.5",
        "isValidHttpRequestInfo.pointer_dereference.6",
        "isValidHttpRequestInfo.pointer_dereference.7",
        "isValidHttpRequestInfo.pointer_dereference.8",
        "isValidHttpRequestInfo.pointer_dereference.9",
        "isValidHttpRequestInfo.pointer_dereference.10",
        "isValidHttpRequestInfo.pointer_dereference.11",
        "isValidHttpRequestInfo.pointer_dereference.12",
        "isValidHttpRequestInfo.pointer_dereference.13",
        "isValidHttpRequestInfo.pointer_dereference.14",
        "isValidHttpRequestInfo.pointer_dereference.15",
        "isValidHttpRequestInfo.pointer_dereference.16",
        "isValidHttpRequestInfo.pointer_dereference.17",
        "isValidHttpRequestInfo.pointer_dereference.18",
        "malloc.assertion.1",
        "malloc.assertion.2",
        "strncmp.overflow.1",
        "strncmp.pointer_arithmetic.1",
        "strncmp.pointer_arithmetic.2",
        "strncmp.pointer_arithmetic.3",
        "strncmp.pointer_arithmetic.4",
        "strncmp.pointer_arithmetic.5",
        "strncmp.pointer_arithmetic.6",
        "strncmp.pointer_arithmetic.7",
        "strncmp.pointer_arithmetic.8",
        "strncmp.pointer_arithmetic.9",
        "strncmp.pointer_arithmetic.10",
        "strncmp.pointer_arithmetic.11",
        "strncmp.pointer_arithmetic.12",
        "strncmp.pointer_dereference.1",
        "strncmp.pointer_dereference.2",
        "strncmp.pointer_dereference.3",
        "strncmp.pointer_dereference.4",
        "strncmp.pointer_dereference.5",
        "strncmp.pointer_dereference.6",
        "strncmp.pointer_dereference.7",
        "strncmp.pointer_dereference.8",
        "strncmp.pointer_dereference.9",
        "strncmp.pointer_dereference.10",
        "strncmp.pointer_dereference.11",
        "strncmp.pointer_dereference.12",
        "strncpy.assertion.1",
        "strncpy.assertion.2",
        "strncpy.overflow.1",
        "strncpy.overflow.2",
        "strncpy.overflow.3",
        "strncpy.overflow.4",
        "strncpy.pointer_primitives.1",
        "strncpy.pointer_primitives.2",
        "strncpy.pointer_primitives.3",
        "strncpy.pointer_primitives.4",
        "strncpy.pointer_primitives.5",
        "strncpy.pointer_primitives.6",
        "strncpy.pointer_primitives.7",
        "strncpy.pointer_primitives.8",
        "strncpy.pointer_primitives.9",
        "strncpy.pointer_primitives.10",
        "strncpy.pointer_primitives.11",
        "strncpy.pointer_primitives.12",
        "strncpy.pointer_primitives.13",
        "strncpy.pointer_primitives.14",
        "strncpy.pointer_primitives.15",
        "strncpy.pointer_primitives.16",
        "strncpy.pointer_primitives.17",
        "strncpy.pointer_primitives.18",
        "strncpy.pointer_primitives.19",
        "strncpy.pointer_primitives.20",
        "strncpy.pointer_primitives.21",
        "strncpy.pointer_primitives.22",
        "strncpy.pointer_primitives.23",
        "strncpy.pointer_primitives.24",
        "strncpy.pointer_primitives.25",
        "strncpy.pointer_primitives.26",
        "strncpy.pointer_primitives.27",
        "strncpy.pointer_primitives.28",
        "strncpy.pointer_primitives.29",
        "strncpy.pointer_primitives.30",
        "strncpy.pointer_primitives.31",
        "strncpy.pointer_primitives.32",
        "strncpy.pointer_primitives.33",
        "strncpy.pointer_primitives.34",
        "strncpy.pointer_primitives.35",
        "strncpy.pointer_primitives.36",
        "strncpy.pointer_primitives.37",
        "strncpy.pointer_primitives.38",
        "strncpy.pointer_primitives.39",
        "strncpy.pointer_primitives.40",
        "strncpy.pointer_primitives.41",
        "strncpy.pointer_primitives.42",
        "strncpy.pointer_primitives.43",
        "strncpy.pointer_primitives.44",
        "strncpy.pointer_primitives.45",
        "strncpy.pointer_primitives.46",
        "strncpy.pointer_primitives.47",
        "strncpy.pointer_primitives.48",
        "strncpy.pointer_primitives.49",
        "strncpy.pointer_primitives.50",
        "strncpy.pointer_primitives.51",
        "strncpy.pointer_primitives.52",
        "strncpy.pointer_primitives.53",
        "strncpy.pointer_primitives.54",
        "strncpy.pointer_primitives.55",
        "strncpy.pointer_primitives.56",
        "writeRequestLine.assertion.1",
        "writeRequestLine.assertion.2",
        "writeRequestLine.assertion.3",
        "writeRequestLine.assertion.4",
        "writeRequestLine.overflow.1",
        "writeRequestLine.overflow.2",
        "writeRequestLine.overflow.3",
        "writeRequestLine.overflow.4",
        "writeRequestLine.overflow.5",
        "writeRequestLine.overflow.6",
        "writeRequestLine.overflow.7",
        "writeRequestLine.overflow.8",
        "writeRequestLine.pointer_arithmetic.1",
        "writeRequestLine.pointer_arithmetic.2",
        "writeRequestLine.pointer_arithmetic.3",
        "writeRequestLine.pointer_arithmetic.4",
        "writeRequestLine.pointer_arithmetic.5",
        "writeRequestLine.pointer_arithmetic.6",
        "writeRequestLine.pointer_arithmetic.7",
        "writeRequestLine.pointer_arithmetic.8",
        "writeRequestLine.pointer_arithmetic.9",
        "writeRequestLine.pointer_arithmetic.10",
        "writeRequestLine.pointer_arithmetic.11",
        "writeRequestLine.pointer_arithmetic.12",
        "writeRequestLine.pointer_arithmetic.13",
        "writeRequestLine.pointer_arithmetic.14",
        "writeRequestLine.pointer_arithmetic.15",
        "writeRequestLine.pointer_arithmetic.16",
        "writeRequestLine.pointer_arithmetic.17",
        "writeRequestLine.pointer_arithmetic.18",
        "writeRequestLine.pointer_arithmetic.19",
        "writeRequestLine.pointer_arithmetic.20",
        "writeRequestLine.pointer_arithmetic.21",
        "writeRequestLine.pointer_arithmetic.22",
        "writeRequestLine.pointer_arithmetic.23",
        "writeRequestLine.pointer_arithmetic.24",
        "writeRequestLine.pointer_arithmetic.25",
        "writeRequestLine.pointer_arithmetic.26",
        "writeRequestLine.pointer_arithmetic.27",
        "writeRequestLine.pointer_arithmetic.28",
        "writeRequestLine.pointer_arithmetic.29",
        "writeRequestLine.pointer_arithmetic.30",
        "writeRequestLine.pointer_arithmetic.31",
        "writeRequestLine.pointer_arithmetic.32",
        "writeRequestLine.pointer_arithmetic.33",
        "writeRequestLine.pointer_arithmetic.34",
        "writeRequestLine.pointer_arithmetic.35",
        "writeRequestLine.pointer_arithmetic.36",
        "writeRequestLine.pointer_dereference.1",
        "writeRequestLine.pointer_dereference.2",
        "writeRequestLine.pointer_dereference.3",
        "writeRequestLine.pointer_dereference.4",
        "writeRequestLine.pointer_dereference.5",
        "writeRequestLine.pointer_dereference.6",
        "writeRequestLine.pointer_dereference.7",
        "writeRequestLine.pointer_dereference.8",
        "writeRequestLine.pointer_dereference.9",
        "writeRequestLine.pointer_dereference.10",
        "writeRequestLine.pointer_dereference.11",
        "writeRequestLine.pointer_dereference.12",
        "writeRequestLine.pointer_dereference.13",
        "writeRequestLine.pointer_dereference.14",
        "writeRequestLine.pointer_dereference.15",
        "writeRequestLine.pointer_dereference.16",
        "writeRequestLine.pointer_dereference.17",
        "writeRequestLine.pointer_dereference.18",
        "writeRequestLine.pointer_dereference.19",
        "writeRequestLine.pointer_dereference.20",
        "writeRequestLine.pointer_dereference.21",
        "writeRequestLine.pointer_dereference.22",
        "writeRequestLine.pointer_dereference.23",
        "writeRequestLine.pointer_dereference.24",
        "writeRequestLine.pointer_dereference.25",
        "writeRequestLine.pointer_dereference.26",
        "writeRequestLine.pointer_dereference.27",
        "writeRequestLine.pointer_dereference.28",
        "writeRequestLine.pointer_dereference.29",
        "writeRequestLine.pointer_dereference.30",
        "writeRequestLine.pointer_dereference.31",
        "writeRequestLine.pointer_dereference.32",
        "writeRequestLine.pointer_dereference.33",
        "writeRequestLine.pointer_dereference.34",
        "writeRequestLine.pointer_dereference.35",
        "writeRequestLine.pointer_dereference.36"
      ]
    },
    "status": [
      "CBMC version 5.35.0 (cbmc-5.35.0) 64-bit x86_64 linux",
      "Reading GOTO program from file",
      "Reading: /home/ubuntu/cbmc-viewer/tests/coreHTTP/coreHTTP/test/cbmc/proofs/HTTPClient_InitializeRequestHeaders/gotos/HTTPClient_InitializeRequestHeaders_harness.goto",
      "Generating GOTO Program",
      "Adding CPROVER library (x86_64)",
      "Removal of function pointers and virtual functions",
      "Generic Property Instrumentation",
      "Running with 8 object bits, 56 offset bits (user-specified)",
      "Starting Bounded Model Checking",
      "Unwinding loop strncmp.0 iteration 1 file <builtin-library-strncmp> line 42 function strncmp thread 0",
      "Unwinding loop strncmp.0 iteration 2 file <builtin-library-strncmp> line 42 function strncmp thread 0",
      "Unwinding loop strncmp.0 iteration 3 file <builtin-library-strncmp> line 42 function strncmp thread 0",
      "Unwinding loop strncmp.0 iteration 1 file <builtin-library-strncmp> line 42 function strncmp thread 0",
      "Unwinding loop strncmp.0 iteration 2 file <builtin-library-strncmp> line 42 function strncmp thread 0",
      "Unwinding loop strncmp.0 iteration 3 file <builtin-library-strncmp> line 42 function strncmp thread 0",
      "Unwinding loop strncmp.0 iteration 1 file <builtin-library-strncmp> line 42 function strncmp thread 0",
      "Unwinding loop strncmp.0 iteration 2 file <builtin-library-strncmp> line 42 function strncmp thread 0",
      "Unwinding loop strncmp.0 iteration 3 file <builtin-library-strncmp> line 42 function strncmp thread 0",
      "Runtime Symex: 0.327752s",
      "size of program expression: 1948 steps",
      "simple slicing removed 30 assignments",
      "Generated 1456 VCC(s), 748 remaining after simplification",
      "Runtime Postprocess Equation: 0.000247003s",
      "Passing problem to propositional reduction",
      "converting SSA",
      "Runtime Convert SSA: 0.184601s",
      "Running propositional reduction",
      "Post-processing",
      "Runtime Post-process: 0.162899s",
      "Solving with MiniSAT 2.2.1 with simplifier",
      "101185 variables, 408273 clauses",
      "SAT checker: instance is SATISFIABLE",
      "Runtime Solver: 1.36018s",
      "Runtime decision procedure: 1.5479s",
      "Building error trace",
      "Running propositional reduction",
      "Solving with MiniSAT 2.2.1 with simplifier",
      "101185 variables, 245838 clauses",
      "SAT checker: instance is UNSATISFIABLE",
      "Runtime Solver: 572.343s",
      "Runtime decision procedure: 572.343s",
      "VERIFICATION FAILED"
    ],
    "warning": []
  }
}