{
  "viewer-result": {
    "program": "CBMC version 5.35.0 (cbmc-5.35.0) 64-bit x86_64 linux",
    "prover": "success",
    "results": {
      "false": [],
      "true": []
    },
    "status": [
      "CBMC version 5.35.0 (cbmc-5.35.0) 64-bit x86_64 linux",
      "Reading GOTO program from file",
      "Reading: /home/ubuntu/cbmc-viewer/tests/coreHTTP/coreHTTP/test/cbmc/proofs/HTTPClient_strerror/gotos/HTTPClient_strerror_harness.goto",
      "Generating GOTO Program",
      "Adding CPROVER library (x86_64)",
      "Removal of function pointers and virtual functions",
      "Generic Property Instrumentation",
      "Running with 8 object bits, 56 offset bits (user-specified)",
      "Starting Bounded Model Checking",
      "Runtime Symex: 0.00605417s",
      "size of program expression: 127 steps",
      "simple slicing removed 0 assignments",
      "Generated 0 VCC(s), 0 remaining after simplification",
      "Runtime Postprocess Equation: 2.411e-05s",
      "VERIFICATION SUCCESSFUL"
    ],
    "warning": []
  }
}