
<html>
<head>
<title>test/cbmc/proofs/HTTPClient_AddRangeHeader/HTTPClient_AddRangeHeader_harness.c</title>
<link rel="stylesheet" type="text/css" href="../../../../viewer.css">
</head>

<body>
<div class="code">
<div id="1" class="line none">    1 /*</div><div id="2" class="line none">    2  * coreHTTP v2.0.2</div><div id="3" class="line none">    3  * Copyright (C) 2020 Amazon.com, Inc. or its affiliates.  All Rights Reserved.</div><div id="4" class="line none">    4  *</div><div id="5" class="line none">    5  * Permission is hereby granted, free of charge, to any person obtaining a copy of</div><div id="6" class="line none">    6  * this software and associated documentation files (the "Software"), to deal in</div><div id="7" class="line none">    7  * the Software without restriction, including without limitation the rights to</div><div id="8" class="line none">    8  * use, copy, modify, merge, publish, distribute, sublicense, and/or sell copies of</div><div id="9" class="line none">    9  * the Software, and to permit persons to whom the Software is furnished to do so,</div><div id="10" class="line none">   10  * subject to the following conditions:</div><div id="11" class="line none">   11  *</div><div id="12" class="line none">   12  * The above copyright notice and this permission notice shall be included in all</div><div id="13" class="line none">   13  * copies or substantial portions of the Software.</div><div id="14" class="line none">   14  *</div><div id="15" class="line none">   15  * THE SOFTWARE IS PROVIDED "AS IS", WITHOUT WARRANTY OF ANY KIND, EXPRESS OR</div><div id="16" class="line none">   16  * IMPLIED, INCLUDING BUT NOT LIMITED TO THE WARRANTIES OF MERCHANTABILITY, FITNESS</div><div id="17" class="line none">   17  * FOR A PARTICULAR PURPOSE AND NONINFRINGEMENT. IN NO EVENT SHALL THE AUTHORS OR</div><div id="18" class="line none">   18  * COPYRIGHT HOLDERS BE LIABLE FOR ANY CLAIM, DAMAGES OR OTHER LIABILITY, WHETHER</div><div id="19" class="line none">   19  * IN AN ACTION OF CONTRACT, TORT OR OTHERWISE, ARISING FROM, OUT OF OR IN</div><div id="20" class="line none">   20  * CONNECTION WITH THE SOFTWARE OR THE USE OR OTHER DEALINGS IN THE SOFTWARE.</div><div id="21" class="line none">   21  */</div><div id="22" class="line none">   22 </div><div id="23" class="line none">   23 /**</div><div id="24" class="line none">   24  * @file HTTPClient_AddRangeHeader_harness.c</div><div id="25" class="line none">   25  * @brief Implements the proof harness for HTTPClient_AddRangeHeader function.</div><div id="26" class="line none">   26  */</div><div id="27" class="line none">   27 </div><div id="28" class="line none">   28 #include "core_http_client.h"</div><div id="29" class="line none">   29 </div><div id="30" class="line none">   30 #include "http_cbmc_state.h"</div><div id="31" class="line none">   31 </div><div id="32" class="line none">   32 void <a href="HTTPClient_AddRangeHeader_harness.c.html#32">HTTPClient_AddRangeHeader_harness</a>()</div><div id="33" class="line none">   33 {</div><div id="34" class="line hit">   34     <a href="../../../../source/include/core_http_client.h.html#353">HTTPRequestHeaders_t</a> * pRequestHeaders;</div><div id="35" class="line hit">   35     <a href="../../../../source/dependency/3rdparty/http_parser/http_parser.h.html#40">int32_t</a> rangeStartOrlastNbytes;</div><div id="36" class="line hit">   36     <a href="../../../../source/dependency/3rdparty/http_parser/http_parser.h.html#40">int32_t</a> rangeEnd;</div><div id="37" class="line none">   37 </div><div id="38" class="line none">   38     /* Initialize and make assumptions for request headers. */</div><div id="39" class="line hit">   39     pRequestHeaders = <a href="../../sources/http_cbmc_state.c.html#38">allocateHttpRequestHeaders</a>( NULL );</div><div id="40" class="line hit">   40     __CPROVER_assume( <a href="../../sources/http_cbmc_state.c.html#54">isValidHttpRequestHeaders</a>( pRequestHeaders ) );</div><div id="41" class="line none">   41 </div><div id="42" class="line hit">   42     <a href="../../../../source/core_http_client.c.html#1714">HTTPClient_AddRangeHeader</a>( pRequestHeaders, rangeStartOrlastNbytes, rangeEnd );</div><div id="43" class="line hit">   43 }</div>
</div>
</body>
</html>
