
<html>
<head>
<title>test/cbmc/proofs/findHeaderFieldParserCallback/findHeaderFieldParserCallback_harness.c</title>
<link rel="stylesheet" type="text/css" href="../../../../viewer.css">
</head>

<body>
<div class="code">
<div id="1" class="line none">    1 /*</div><div id="2" class="line none">    2  * coreHTTP v2.0.2</div><div id="3" class="line none">    3  * Copyright (C) 2020 Amazon.com, Inc. or its affiliates.  All Rights Reserved.</div><div id="4" class="line none">    4  *</div><div id="5" class="line none">    5  * Permission is hereby granted, free of charge, to any person obtaining a copy of</div><div id="6" class="line none">    6  * this software and associated documentation files (the "Software"), to deal in</div><div id="7" class="line none">    7  * the Software without restriction, including without limitation the rights to</div><div id="8" class="line none">    8  * use, copy, modify, merge, publish, distribute, sublicense, and/or sell copies of</div><div id="9" class="line none">    9  * the Software, and to permit persons to whom the Software is furnished to do so,</div><div id="10" class="line none">   10  * subject to the following conditions:</div><div id="11" class="line none">   11  *</div><div id="12" class="line none">   12  * The above copyright notice and this permission notice shall be included in all</div><div id="13" class="line none">   13  * copies or substantial portions of the Software.</div><div id="14" class="line none">   14  *</div><div id="15" class="line none">   15  * THE SOFTWARE IS PROVIDED "AS IS", WITHOUT WARRANTY OF ANY KIND, EXPRESS OR</div><div id="16" class="line none">   16  * IMPLIED, INCLUDING BUT NOT LIMITED TO THE WARRANTIES OF MERCHANTABILITY, FITNESS</div><div id="17" class="line none">   17  * FOR A PARTICULAR PURPOSE AND NONINFRINGEMENT. IN NO EVENT SHALL THE AUTHORS OR</div><div id="18" class="line none">   18  * COPYRIGHT HOLDERS BE LIABLE FOR ANY CLAIM, DAMAGES OR OTHER LIABILITY, WHETHER</div><div id="19" class="line none">   19  * IN AN ACTION OF CONTRACT, TORT OR OTHERWISE, ARISING FROM, OUT OF OR IN</div><div id="20" class="line none">   20  * CONNECTION WITH THE SOFTWARE OR THE USE OR OTHER DEALINGS IN THE SOFTWARE.</div><div id="21" class="line none">   21  */</div><div id="22" class="line none">   22 </div><div id="23" class="line none">   23 /**</div><div id="24" class="line none">   24  * @file findHeaderFieldParserCallback_harness.c</div><div id="25" class="line none">   25  * @brief Implements the proof harness for findHeaderFieldParserCallback function.</div><div id="26" class="line none">   26  */</div><div id="27" class="line none">   27 </div><div id="28" class="line none">   28 #include "http_cbmc_state.h"</div><div id="29" class="line none">   29 #include "http_parser.h"</div><div id="30" class="line none">   30 #include "core_http_client.h"</div><div id="31" class="line none">   31 </div><div id="32" class="line none">   32 </div><div id="33" class="line none">   33 void <a href="findHeaderFieldParserCallback_harness.c.html#33">findHeaderFieldParserCallback_harness</a>()</div><div id="34" class="line none">   34 {</div><div id="35" class="line hit">   35     <a href="../../../../source/dependency/3rdparty/http_parser/http_parser.h.html#68">http_parser</a> * pHttpParser;</div><div id="36" class="line hit">   36     <a href="../../../../source/include/core_http_client.h.html#534">HTTPResponse_t</a> * <a href="../../../../source/include/core_http_client_private.h.html#266">pResponse</a>;</div><div id="37" class="line hit">   37     <a href="../../../../source/include/core_http_client_private.h.html#204">findHeaderContext_t</a> * pFindHeaderContext;</div><div id="38" class="line hit">   38     size_t <a href="../../../../source/include/core_http_client_private.h.html#199">fieldLen</a>, fieldContextLen, fieldOffset, valueLen, valueOffset;</div><div id="39" class="line hit">   39     char * pFieldLoc;</div><div id="40" class="line none">   40 </div><div id="41" class="line hit">   41     pHttpParser = <a href="../../sources/http_cbmc_state.c.html#256">allocateHttpReadHeaderParser</a>( NULL );</div><div id="42" class="line hit">   42     pFindHeaderContext = <a href="../../sources/http_cbmc_state.c.html#272">allocateFindHeaderContext</a>( NULL );</div><div id="43" class="line hit">   43     <a href="../../../../source/include/core_http_client_private.h.html#266">pResponse</a> = <a href="../../sources/http_cbmc_state.c.html#103">allocateHttpResponse</a>( NULL );</div><div id="44" class="line hit">   44     __CPROVER_assume( <a href="../../sources/http_cbmc_state.c.html#160">isValidHttpResponse</a>( <a href="../../../../source/include/core_http_client_private.h.html#266">pResponse</a> ) &amp;&amp;</div><div id="45" class="line none">   45                       <a href="../../../../source/include/core_http_client_private.h.html#266">pResponse</a> != NULL &amp;&amp;</div><div id="46" class="line hit">   46                       <a href="../../../../source/include/core_http_client_private.h.html#266">pResponse</a>-&gt;<a href="../../../../source/include/core_http_client.h.html#344">pBuffer</a> != NULL &amp;&amp;</div><div id="47" class="line hit">   47                       <a href="../../../../source/include/core_http_client_private.h.html#266">pResponse</a>-&gt;<a href="../../../../source/include/core_http_client.h.html#345">bufferLen</a> &gt; 0 );</div><div id="48" class="line none">   48 </div><div id="49" class="line hit">   49     __CPROVER_assume( 0 &lt; <a href="../../../../source/include/core_http_client_private.h.html#199">fieldLen</a> &amp;&amp; <a href="../../../../source/include/core_http_client_private.h.html#199">fieldLen</a> &lt; MAX_HEADER_FIELD_LENGTH &amp;&amp; <a href="../../../../source/include/core_http_client_private.h.html#199">fieldLen</a> &lt;= <a href="../../../../source/include/core_http_client_private.h.html#266">pResponse</a>-&gt;<a href="../../../../source/include/core_http_client.h.html#345">bufferLen</a> );</div><div id="50" class="line hit">   50     __CPROVER_assume( fieldOffset &lt;= <a href="../../../../source/include/core_http_client_private.h.html#266">pResponse</a>-&gt;<a href="../../../../source/include/core_http_client.h.html#345">bufferLen</a> - <a href="../../../../source/include/core_http_client_private.h.html#199">fieldLen</a> );</div><div id="51" class="line hit">   51     pFieldLoc = <a href="../../../../source/include/core_http_client_private.h.html#266">pResponse</a>-&gt;<a href="../../../../source/include/core_http_client.h.html#344">pBuffer</a> + fieldOffset;</div><div id="52" class="line none">   52 </div><div id="53" class="line hit">   53     __CPROVER_assume( 0 &lt; fieldContextLen &amp;&amp; fieldContextLen &lt; CBMC_MAX_OBJECT_SIZE );</div><div id="54" class="line hit">   54     pFindHeaderContext-&gt;<a href="../../../../source/include/core_http_client_private.h.html#198">pField</a> = ( char * ) malloc( fieldContextLen );</div><div id="55" class="line hit">   55     __CPROVER_assume( pFindHeaderContext-&gt;<a href="../../../../source/include/core_http_client_private.h.html#198">pField</a> != NULL );</div><div id="56" class="line hit">   56     pFindHeaderContext-&gt;<a href="../../../../source/include/core_http_client_private.h.html#199">fieldLen</a> = fieldContextLen;</div><div id="57" class="line hit">   57     pFindHeaderContext-&gt;<a href="../../../../source/include/core_http_client_private.h.html#202">fieldFound</a> = 0;</div><div id="58" class="line hit">   58     pFindHeaderContext-&gt;<a href="../../../../source/include/core_http_client_private.h.html#203">valueFound</a> = 0;</div><div id="59" class="line hit">   59     pHttpParser-&gt;<a href="../../../../source/dependency/3rdparty/http_parser/http_parser.h.html#330">data</a> = ( void * ) pFindHeaderContext;</div><div id="60" class="line none">   60 </div><div id="61" class="line hit">   61     <a href="../../../../source/core_http_client.c.html#2253">__CPROVER_file_local_core_http_client_c_findHeaderFieldParserCallback</a>( pHttpParser, pFieldLoc, <a href="../../../../source/include/core_http_client_private.h.html#199">fieldLen</a> );</div><div id="62" class="line hit">   62 }</div>
</div>
</body>
</html>
